Archive member included because of file (symbol)

.\CortexM0\ARM_GCC_484\Debug\Datson.a(cyfitter_cfg.o)
                              .\CortexM0\ARM_GCC_484\Debug\Cm0Start.o (cyfitter_cfg)
.\CortexM0\ARM_GCC_484\Debug\Datson.a(CyBootAsmGnu.o)
                              .\CortexM0\ARM_GCC_484\Debug\Datson.a(cyfitter_cfg.o) (CyDelayCycles)
.\CortexM0\ARM_GCC_484\Debug\Datson.a(CyLib.o)
                              .\CortexM0\ARM_GCC_484\Debug\Datson.a(cyfitter_cfg.o) (CySysClkWriteImoFreq)
.\CortexM0\ARM_GCC_484\Debug\Datson.a(CyLFClk.o)
                              .\CortexM0\ARM_GCC_484\Debug\Datson.a(cyfitter_cfg.o) (CySysClkWcoStart)
.\CortexM0\ARM_GCC_484\Debug\Datson.a(LCD.o)
                              .\CortexM0\ARM_GCC_484\Debug\menu.o (LCD_PrintString)
.\CortexM0\ARM_GCC_484\Debug\Datson.a(LCD_CustChars.o)
                              .\CortexM0\ARM_GCC_484\Debug\Datson.a(LCD.o) (LCD_LoadCustomFonts)
.\CortexM0\ARM_GCC_484\Debug\Datson.a(PWM_1.o)
                              .\CortexM0\ARM_GCC_484\Debug\main.o (PWM_1_Start)
.\CortexM0\ARM_GCC_484\Debug\Datson.a(PWM_2.o)
                              .\CortexM0\ARM_GCC_484\Debug\main.o (PWM_2_Start)
.\CortexM0\ARM_GCC_484\Debug\Datson.a(BLE.o)
                              .\CortexM0\ARM_GCC_484\Debug\bleconnection.o (CyBle_Start)
.\CortexM0\ARM_GCC_484\Debug\Datson.a(BLE_gatt.o)
                              .\CortexM0\ARM_GCC_484\Debug\main.o (cyBle_state)
.\CortexM0\ARM_GCC_484\Debug\Datson.a(BLE_eventHandler.o)
                              .\CortexM0\ARM_GCC_484\Debug\main.o (cyBle_connHandle)
.\CortexM0\ARM_GCC_484\Debug\Datson.a(BLE_custom.o)
                              .\CortexM0\ARM_GCC_484\Debug\Datson.a(BLE.o) (CyBle_CustomInit)
C:\Program Files (x86)\Cypress\PSoC Creator\3.2\PSoC Creator\psoc\content\cycomponentlibrary\CyComponentLibrary.cylib\BLE_v2_10\Library\gccCyBLEStack_BLE_SOC_PERIPHERAL.a(CyBle.o)
                              .\CortexM0\ARM_GCC_484\Debug\main.o (CyBle_ProcessEvents)
C:\Program Files (x86)\Cypress\PSoC Creator\3.2\PSoC Creator\psoc\content\cycomponentlibrary\CyComponentLibrary.cylib\BLE_v2_10\Library\gccCyBLEStack_BLE_SOC_PERIPHERAL.a(CyBleStackMgrIP_Interface.o)
                              C:\Program Files (x86)\Cypress\PSoC Creator\3.2\PSoC Creator\psoc\content\cycomponentlibrary\CyComponentLibrary.cylib\BLE_v2_10\Library\gccCyBLEStack_BLE_SOC_PERIPHERAL.a(CyBle.o) (CyBleStackMgr_Init)
C:\Program Files (x86)\Cypress\PSoC Creator\3.2\PSoC Creator\psoc\content\cycomponentlibrary\CyComponentLibrary.cylib\BLE_v2_10\Library\gccCyBLEStack_BLE_SOC_PERIPHERAL.a(BT_os.o)
                              C:\Program Files (x86)\Cypress\PSoC Creator\3.2\PSoC Creator\psoc\content\cycomponentlibrary\CyComponentLibrary.cylib\BLE_v2_10\Library\gccCyBLEStack_BLE_SOC_PERIPHERAL.a(CyBleStackMgrIP_Interface.o) (cyBleStackMemoryConfig)
C:\Program Files (x86)\Cypress\PSoC Creator\3.2\PSoC Creator\psoc\content\cycomponentlibrary\CyComponentLibrary.cylib\BLE_v2_10\Library\gccCyBLEStack_BLE_SOC_PERIPHERAL.a(CyBleStackMgr_StackTaskHandler.o)
                              C:\Program Files (x86)\Cypress\PSoC Creator\3.2\PSoC Creator\psoc\content\cycomponentlibrary\CyComponentLibrary.cylib\BLE_v2_10\Library\gccCyBLEStack_BLE_SOC_PERIPHERAL.a(CyBleStackMgrIP_Interface.o) (CyBle_CreateBleStackTask)
C:\Program Files (x86)\Cypress\PSoC Creator\3.2\PSoC Creator\psoc\content\cycomponentlibrary\CyComponentLibrary.cylib\BLE_v2_10\Library\gccCyBLEStack_BLE_SOC_PERIPHERAL.a(transport_sf.o)
                              C:\Program Files (x86)\Cypress\PSoC Creator\3.2\PSoC Creator\psoc\content\cycomponentlibrary\CyComponentLibrary.cylib\BLE_v2_10\Library\gccCyBLEStack_BLE_SOC_PERIPHERAL.a(CyBleStackMgr_StackTaskHandler.o) (hci_soft_transport_notify_data_received)
C:\Program Files (x86)\Cypress\PSoC Creator\3.2\PSoC Creator\psoc\content\cycomponentlibrary\CyComponentLibrary.cylib\BLE_v2_10\Library\gccCyBLEStack_BLE_SOC_PERIPHERAL.a(CyBleStackMgr_PSoCHal.o)
                              C:\Program Files (x86)\Cypress\PSoC Creator\3.2\PSoC Creator\psoc\content\cycomponentlibrary\CyComponentLibrary.cylib\BLE_v2_10\Library\gccCyBLEStack_BLE_SOC_PERIPHERAL.a(CyBleStackMgrIP_Interface.o) (CyBleStackMgr_HalInit)
C:\Program Files (x86)\Cypress\PSoC Creator\3.2\PSoC Creator\psoc\content\cycomponentlibrary\CyComponentLibrary.cylib\BLE_v2_10\Library\gccCyBLEStack_BLE_SOC_PERIPHERAL.a(CyBleStackMgr_BleSSDriver.o)
                              C:\Program Files (x86)\Cypress\PSoC Creator\3.2\PSoC Creator\psoc\content\cycomponentlibrary\CyComponentLibrary.cylib\BLE_v2_10\Library\gccCyBLEStack_BLE_SOC_PERIPHERAL.a(CyBleStackMgrIP_Interface.o) (CyBleStackMgr_BleSSInit)
C:\Program Files (x86)\Cypress\PSoC Creator\3.2\PSoC Creator\psoc\content\cycomponentlibrary\CyComponentLibrary.cylib\BLE_v2_10\Library\gccCyBLEStack_BLE_SOC_PERIPHERAL.a(config_bin.o)
[...]
Memory Configuration

Name             Origin             Length             Attributes
rom              0x00000000         0x00020000         xr
ram              0x20000000         0x00004000         xrw
*default*        0x00000000         0xffffffff

Linker script and memory map

LOAD c:/program files (x86)/cypress/psoc creator/3.2/psoc creator/import/gnu/arm/4.8.4/bin/../lib/gcc/arm-none-eabi/4.8.4/armv6-m/crti.o
LOAD c:/program files (x86)/cypress/psoc creator/3.2/psoc creator/import/gnu/arm/4.8.4/bin/../lib/gcc/arm-none-eabi/4.8.4/armv6-m/crtbegin.o
LOAD c:/program files (x86)/cypress/psoc creator/3.2/psoc creator/import/gnu/arm/4.8.4/bin/../lib/gcc/arm-none-eabi/4.8.4/../../../../arm-none-eabi/lib/armv6-m/crt0.o
START GROUP
LOAD .\CortexM0\ARM_GCC_484\Debug\main.o
LOAD .\CortexM0\ARM_GCC_484\Debug\bleconnection.o
LOAD .\CortexM0\ARM_GCC_484\Debug\SerialComunicationService.o
LOAD .\CortexM0\ARM_GCC_484\Debug\menu.o
LOAD .\CortexM0\ARM_GCC_484\Debug\cymetadata.o
LOAD .\CortexM0\ARM_GCC_484\Debug\Cm0Start.o
LOAD .\CortexM0\ARM_GCC_484\Debug\Datson.a
LOAD C:\Program Files (x86)\Cypress\PSoC Creator\3.2\PSoC Creator\psoc\content\cycomponentlibrary\CyComponentLibrary.cylib\BLE_v2_10\Library\gccCyBLEStack_BLE_SOC_PERIPHERAL.a
LOAD C:\Program Files (x86)\Cypress\PSoC Creator\3.2\PSoC Creator\psoc\content\cycomponentlibrary\CyComponentLibrary.cylib\CortexM0\ARM_GCC_484\Debug\CyComponentLibrary.a
END GROUP
START GROUP
LOAD c:/program files (x86)/cypress/psoc creator/3.2/psoc creator/import/gnu/arm/4.8.4/bin/../lib/gcc/arm-none-eabi/4.8.4/armv6-m\libgcc.a
LOAD c:/program files (x86)/cypress/psoc creator/3.2/psoc creator/import/gnu/arm/4.8.4/bin/../lib/gcc/arm-none-eabi/4.8.4/../../../../arm-none-eabi/lib/armv6-m\libg_s.a
LOAD c:/program files (x86)/cypress/psoc creator/3.2/psoc creator/import/gnu/arm/4.8.4/bin/../lib/gcc/arm-none-eabi/4.8.4/../../../../arm-none-eabi/lib/armv6-m\libc_s.a
END GROUP
START GROUP
LOAD c:/program files (x86)/cypress/psoc creator/3.2/psoc creator/import/gnu/arm/4.8.4/bin/../lib/gcc/arm-none-eabi/4.8.4/armv6-m\libgcc.a
LOAD c:/program files (x86)/cypress/psoc creator/3.2/psoc creator/import/gnu/arm/4.8.4/bin/../lib/gcc/arm-none-eabi/4.8.4/../../../../arm-none-eabi/lib/armv6-m\libc_s.a
END GROUP
LOAD c:/program files (x86)/cypress/psoc creator/3.2/psoc creator/import/gnu/arm/4.8.4/bin/../lib/gcc/arm-none-eabi/4.8.4/armv6-m/crtend.o
LOAD c:/program files (x86)/cypress/psoc creator/3.2/psoc creator/import/gnu/arm/4.8.4/bin/../lib/gcc/arm-none-eabi/4.8.4/armv6-m/crtn.o
START GROUP
LOAD c:/program files (x86)/cypress/psoc creator/3.2/psoc creator/import/gnu/arm/4.8.4/bin/../lib/gcc/arm-none-eabi/4.8.4/armv6-m\libgcc.a
LOAD c:/program files (x86)/cypress/psoc creator/3.2/psoc creator/import/gnu/arm/4.8.4/bin/../lib/gcc/arm-none-eabi/4.8.4/../../../../arm-none-eabi/lib/armv6-m\libc.a
LOAD c:/program files (x86)/cypress/psoc creator/3.2/psoc creator/import/gnu/arm/4.8.4/bin/../lib/gcc/arm-none-eabi/4.8.4/../../../../arm-none-eabi/lib/armv6-m\libnosys.a
END GROUP
                0x00000000                CY_APPL_ORIGIN = 0x0
                0x00000080                CY_FLASH_ROW_SIZE = 0x80
                0x00000001                CY_APPL_NUM = 0x1
                0x00000040                CY_METADATA_SIZE = 0x40
                0x20001e40                PROVIDE (__cy_heap_start, _end)
                0x00000001                PROVIDE (__cy_region_num, ((__cy_regions_end - __cy_regions) / 0x10))
                0x20004000                PROVIDE (__cy_stack, (ORIGIN (ram) + 0x4000))
                0x20003800                PROVIDE (__cy_heap_end, (__cy_stack - 0x800))

.cybootloader   0x00000000        0x0
 *(.cybootloader)
                0x00000000                appl1_start = CY_APPL_ORIGIN?CY_APPL_ORIGIN:ALIGN (CY_FLASH_ROW_SIZE)
                0x0000ff80                appl2_start = (appl1_start + ALIGN ((((0x20000 - appl1_start) - (0x2 * CY_FLASH_ROW_SIZE)) / 0x2), CY_FLASH_ROW_SIZE))
                0x00000000                appl_start = (CY_APPL_NUM == 0x1)?appl1_start:appl2_start

.text           0x00000000     0x1910
 CREATE_OBJECT_SYMBOLS
                0x00000000                PROVIDE (__cy_interrupt_vector, RomVectors)
 *(.romvectors)
 .romvectors    0x00000000       0x10 .\CortexM0\ARM_GCC_484\Debug\Cm0Start.o
                0x00000000                RomVectors
                0x00000001                ASSERT ((. != __cy_interrupt_vector), No interrupt vector)
                0x00000001                ASSERT (CY_APPL_ORIGIN?(SIZEOF (.cybootloader) <= CY_APPL_ORIGIN):0x1, Wrong image location)
                0x00000010                PROVIDE (__cy_reset, Reset)
 *(.text.Reset)
 .text.Reset    0x00000010        0x8 .\CortexM0\ARM_GCC_484\Debug\Cm0Start.o
                0x00000010                Reset
                0x00000001                ASSERT ((. != __cy_reset), No reset code)
 *(.psocinit)
 .psocinit      0x00000018      0x1bc .\CortexM0\ARM_GCC_484\Debug\Datson.a(cyfitter_cfg.o)
                0x000000e8                cyfitter_cfg
                0x000001d4                . = MAX (., 0x100)
 *(.text .text.* .gnu.linkonce.t.*)
 .text          0x000001d4       0x60 c:/program files (x86)/cypress/psoc creator/3.2/psoc creator/import/gnu/arm/4.8.4/bin/../lib/gcc/arm-none-eabi/4.8.4/armv6-m/crtbegin.o
 .text.StackEventHandler
                0x00000234       0xc0 .\CortexM0\ARM_GCC_484\Debug\main.o
                0x00000234                StackEventHandler
 .text.main     0x000002f4       0x2c .\CortexM0\ARM_GCC_484\Debug\main.o
                0x000002f4                main
 .text.BleConnectionInit
                0x00000320       0x70 .\CortexM0\ARM_GCC_484\Debug\bleconnection.o
                0x00000320                BleConnectionInit
 .text.BleConnectionStartPairing
                0x00000390       0x10 .\CortexM0\ARM_GCC_484\Debug\bleconnection.o
                0x00000390                BleConnectionStartPairing
 .text.BleConnectionStartAdvertising
                0x000003a0       0x40 .\CortexM0\ARM_GCC_484\Debug\bleconnection.o
                0x000003a0                BleConnectionStartAdvertising
 .text.BleConnectionSetIRK
                0x000003e0       0x18 .\CortexM0\ARM_GCC_484\Debug\bleconnection.o
                0x000003e0                BleConnectionSetIRK
 .text.BleConnectionResolvePeerAddress
                0x000003f8       0x74 .\CortexM0\ARM_GCC_484\Debug\bleconnection.o
                0x000003f8                BleConnectionResolvePeerAddress
 .text._BleConnectionUpdateBondedDeviceList
                0x0000046c       0x60 .\CortexM0\ARM_GCC_484\Debug\bleconnection.o
                0x0000046c                _BleConnectionUpdateBondedDeviceList
 .text.BleConnectionFinalizeAuthentification
                0x000004cc        0x8 .\CortexM0\ARM_GCC_484\Debug\bleconnection.o
                0x000004cc                BleConnectionFinalizeAuthentification
 .text.SerialCommunicationInit
                0x000004d4        0x4 .\CortexM0\ARM_GCC_484\Debug\SerialComunicationService.o
                0x000004d4                SerialCommunicationInit
 .text.SerialCommunicationServiceCharacteristicHandler
                0x000004d8       0x1c .\CortexM0\ARM_GCC_484\Debug\SerialComunicationService.o
                0x000004d8                SerialCommunicationServiceCharacteristicHandler
 .text.SerialCommunicationServiceNotificationHandler
                0x000004f4       0x24 .\CortexM0\ARM_GCC_484\Debug\SerialComunicationService.o
                0x000004f4                SerialCommunicationServiceNotificationHandler
 .text.SerialCommunicationServiceReset
                0x00000518       0x14 .\CortexM0\ARM_GCC_484\Debug\SerialComunicationService.o
                0x00000518                SerialCommunicationServiceReset
 .text.MenuInit
                0x0000052c       0x28 .\CortexM0\ARM_GCC_484\Debug\menu.o
                0x0000052c                MenuInit
 .text.MenuBluetoothConnected
                0x00000554       0x28 .\CortexM0\ARM_GCC_484\Debug\menu.o
                0x00000554                MenuBluetoothConnected
 .text.IntDefaultHandler
                0x0000057c        0x4 .\CortexM0\ARM_GCC_484\Debug\Cm0Start.o
                0x0000057c                IntDefaultHandler
 .text.Start_c  0x00000580       0x48 .\CortexM0\ARM_GCC_484\Debug\Cm0Start.o
                0x00000580                Start_c
 .text.initialize_psoc
                0x000005c8       0x58 .\CortexM0\ARM_GCC_484\Debug\Cm0Start.o
                0x000005c8                initialize_psoc
 .text.cfg_write_bytes32
                0x00000620       0x38 .\CortexM0\ARM_GCC_484\Debug\Datson.a(cyfitter_cfg.o)
 .text.AnalogSetDefault
                0x00000658       0x20 .\CortexM0\ARM_GCC_484\Debug\Datson.a(cyfitter_cfg.o)
 .text.CYMEMZERO
                0x00000678        0xc .\CortexM0\ARM_GCC_484\Debug\Datson.a(cyfitter_cfg.o)
 *fill*         0x00000684        0x4 
 .text          0x00000688       0x20 .\CortexM0\ARM_GCC_484\Debug\Datson.a(CyBootAsmGnu.o)
                0x00000688                CyDelayCycles
                0x0000069a                CyEnterCriticalSection
                0x000006a2                CyExitCriticalSection
 .text.CySysClkWriteImoFreq
                0x000006a8       0x64 .\CortexM0\ARM_GCC_484\Debug\Datson.a(CyLib.o)
                0x000006a8                CySysClkWriteImoFreq
 .text.CySysClkEcoReadStatus
                0x0000070c       0x10 .\CortexM0\ARM_GCC_484\Debug\Datson.a(CyLib.o)
                0x0000070c                CySysClkEcoReadStatus
 .text.CyIntEnable
                0x0000071c       0x14 .\CortexM0\ARM_GCC_484\Debug\Datson.a(CyLib.o)
                0x0000071c                CyIntEnable
 .text.CyHalt   0x00000730        0x4 .\CortexM0\ARM_GCC_484\Debug\Datson.a(CyLib.o)
                0x00000730                CyHalt
 .text.CyIntSetVector
                0x00000734       0x20 .\CortexM0\ARM_GCC_484\Debug\Datson.a(CyLib.o)
                0x00000734                CyIntSetVector
 .text.CyDelay  0x00000754       0x30 .\CortexM0\ARM_GCC_484\Debug\Datson.a(CyLib.o)
                0x00000754                CyDelay
 .text.CyDelayUs
                0x00000784       0x14 .\CortexM0\ARM_GCC_484\Debug\Datson.a(CyLib.o)
                0x00000784                CyDelayUs
 .text.CySysClkEcoStart
                0x00000798       0x54 .\CortexM0\ARM_GCC_484\Debug\Datson.a(CyLib.o)
                0x00000798                CySysClkEcoStart
 .text.CySysWdtLocked
                0x000007ec       0x18 .\CortexM0\ARM_GCC_484\Debug\Datson.a(CyLFClk.o)
 .text.CySysClkWcoStart
                0x00000804       0x40 .\CortexM0\ARM_GCC_484\Debug\Datson.a(CyLFClk.o)
                0x00000804                CySysClkWcoStart
 .text.CySysClkWcoSetPowerMode
                0x00000844       0x84 .\CortexM0\ARM_GCC_484\Debug\Datson.a(CyLFClk.o)
                0x00000844                CySysClkWcoSetPowerMode
 .text.CySysWdtLock
                0x000008c8       0x1c .\CortexM0\ARM_GCC_484\Debug\Datson.a(CyLFClk.o)
                0x000008c8                CySysWdtLock
 .text.CySysWdtUnlock
                0x000008e4       0x30 .\CortexM0\ARM_GCC_484\Debug\Datson.a(CyLFClk.o)
                0x000008e4                CySysWdtUnlock
 .text.CySysWdtClearInterrupt
                0x00000914       0x4c .\CortexM0\ARM_GCC_484\Debug\Datson.a(CyLFClk.o)
                0x00000914                CySysWdtClearInterrupt
 .text.CySysWdtIsr
                0x00000960       0xa4 .\CortexM0\ARM_GCC_484\Debug\Datson.a(CyLFClk.o)
                0x00000960                CySysWdtIsr
 .text.LCD_WrCntrlNib
                0x00000a04       0x34 .\CortexM0\ARM_GCC_484\Debug\Datson.a(LCD.o)
 .text.LCD_WrDatNib
                0x00000a38       0x44 .\CortexM0\ARM_GCC_484\Debug\Datson.a(LCD.o)
 .text.LCD_IsReady
                0x00000a7c       0xc0 .\CortexM0\ARM_GCC_484\Debug\Datson.a(LCD.o)
                0x00000a7c                LCD_IsReady
 .text.LCD_WriteData
                0x00000b3c       0x18 .\CortexM0\ARM_GCC_484\Debug\Datson.a(LCD.o)
                0x00000b3c                LCD_WriteData
 .text.LCD_PrintString
                0x00000b54       0x1c .\CortexM0\ARM_GCC_484\Debug\Datson.a(LCD.o)
                0x00000b54                LCD_PrintString
 .text.LCD_PutChar
                0x00000b70        0x8 .\CortexM0\ARM_GCC_484\Debug\Datson.a(LCD.o)
                0x00000b70                LCD_PutChar
 .text.LCD_WriteControl
                0x00000b78       0x18 .\CortexM0\ARM_GCC_484\Debug\Datson.a(LCD.o)
                0x00000b78                LCD_WriteControl
 .text.LCD_Init
                0x00000b90       0x74 .\CortexM0\ARM_GCC_484\Debug\Datson.a(LCD.o)
                0x00000b90                LCD_Init
 .text.LCD_Enable
                0x00000c04       0x14 .\CortexM0\ARM_GCC_484\Debug\Datson.a(LCD.o)
                0x00000c04                LCD_Enable
 .text.LCD_Start
                0x00000c18       0x20 .\CortexM0\ARM_GCC_484\Debug\Datson.a(LCD.o)
                0x00000c18                LCD_Start
 .text.LCD_Position
                0x00000c38       0x3c .\CortexM0\ARM_GCC_484\Debug\Datson.a(LCD.o)
                0x00000c38                LCD_Position
 .text.LCD_LoadCustomFonts
                0x00000c74       0x2c .\CortexM0\ARM_GCC_484\Debug\Datson.a(LCD_CustChars.o)
                0x00000c74                LCD_LoadCustomFonts
 .text.PWM_1_Enable
                0x00000ca0       0x10 .\CortexM0\ARM_GCC_484\Debug\Datson.a(PWM_1.o)
                0x00000ca0                PWM_1_Enable
 .text.PWM_1_WriteCounter
                0x00000cb0        0xc .\CortexM0\ARM_GCC_484\Debug\Datson.a(PWM_1.o)
                0x00000cb0                PWM_1_WriteCounter
 .text.PWM_1_WritePeriod
                0x00000cbc        0xc .\CortexM0\ARM_GCC_484\Debug\Datson.a(PWM_1.o)
                0x00000cbc                PWM_1_WritePeriod
 .text.PWM_1_WriteCompare1
                0x00000cc8        0xc .\CortexM0\ARM_GCC_484\Debug\Datson.a(PWM_1.o)
                0x00000cc8                PWM_1_WriteCompare1
 .text.PWM_1_WriteCompare2
                0x00000cd4        0xc .\CortexM0\ARM_GCC_484\Debug\Datson.a(PWM_1.o)
                0x00000cd4                PWM_1_WriteCompare2
 .text.PWM_1_SetInterruptMode
                0x00000ce0        0xc .\CortexM0\ARM_GCC_484\Debug\Datson.a(PWM_1.o)
                0x00000ce0                PWM_1_SetInterruptMode
 .text.PWM_1_ReadStatusRegister
                0x00000cec        0xc .\CortexM0\ARM_GCC_484\Debug\Datson.a(PWM_1.o)
                0x00000cec                PWM_1_ReadStatusRegister
 .text.PWM_1_ReadCapture
                0x00000cf8        0xc .\CortexM0\ARM_GCC_484\Debug\Datson.a(PWM_1.o)
                0x00000cf8                PWM_1_ReadCapture
 .text.PWM_1_ClearFIFO
                0x00000d04       0x14 .\CortexM0\ARM_GCC_484\Debug\Datson.a(PWM_1.o)
                0x00000d04                PWM_1_ClearFIFO
 .text.PWM_1_Init
                0x00000d18       0x58 .\CortexM0\ARM_GCC_484\Debug\Datson.a(PWM_1.o)
                0x00000d18                PWM_1_Init
 .text.PWM_1_Start
                0x00000d70       0x20 .\CortexM0\ARM_GCC_484\Debug\Datson.a(PWM_1.o)
                0x00000d70                PWM_1_Start
 .text.PWM_2_Enable
                0x00000d90       0x10 .\CortexM0\ARM_GCC_484\Debug\Datson.a(PWM_2.o)
                0x00000d90                PWM_2_Enable
 .text.PWM_2_WriteCounter
                0x00000da0        0xc .\CortexM0\ARM_GCC_484\Debug\Datson.a(PWM_2.o)
                0x00000da0                PWM_2_WriteCounter
 .text.PWM_2_WritePeriod
                0x00000dac        0xc .\CortexM0\ARM_GCC_484\Debug\Datson.a(PWM_2.o)
                0x00000dac                PWM_2_WritePeriod
 .text.PWM_2_WriteCompare
                0x00000db8        0xc .\CortexM0\ARM_GCC_484\Debug\Datson.a(PWM_2.o)
                0x00000db8                PWM_2_WriteCompare
 .text.PWM_2_SetInterruptMode
                0x00000dc4        0xc .\CortexM0\ARM_GCC_484\Debug\Datson.a(PWM_2.o)
                0x00000dc4                PWM_2_SetInterruptMode
 .text.PWM_2_ReadStatusRegister
                0x00000dd0        0xc .\CortexM0\ARM_GCC_484\Debug\Datson.a(PWM_2.o)
                0x00000dd0                PWM_2_ReadStatusRegister
 .text.PWM_2_ReadCapture
                0x00000ddc        0xc .\CortexM0\ARM_GCC_484\Debug\Datson.a(PWM_2.o)
                0x00000ddc                PWM_2_ReadCapture
 .text.PWM_2_ClearFIFO
                0x00000de8       0x14 .\CortexM0\ARM_GCC_484\Debug\Datson.a(PWM_2.o)
                0x00000de8                PWM_2_ClearFIFO
 .text.PWM_2_Init
                0x00000dfc       0x50 .\CortexM0\ARM_GCC_484\Debug\Datson.a(PWM_2.o)
                0x00000dfc                PWM_2_Init
 .text.PWM_2_Start
                0x00000e4c       0x20 .\CortexM0\ARM_GCC_484\Debug\Datson.a(PWM_2.o)
                0x00000e4c                PWM_2_Start
 .text.CyBle_ServiceInit
                0x00000e6c        0x8 .\CortexM0\ARM_GCC_484\Debug\Datson.a(BLE.o)
                0x00000e6c                CyBle_ServiceInit
 .text.CyBle_Init
                0x00000e74       0x2c .\CortexM0\ARM_GCC_484\Debug\Datson.a(BLE.o)
                0x00000e74                CyBle_Init
 .text.CyBle_Start
                0x00000ea0       0x88 .\CortexM0\ARM_GCC_484\Debug\Datson.a(BLE.o)
                0x00000ea0                CyBle_Start
 .text.CyBle_StoreBondingData
                0x00000f28       0x74 .\CortexM0\ARM_GCC_484\Debug\Datson.a(BLE.o)
                0x00000f28                CyBle_StoreBondingData
 .text.CyBle_GappStartAdvertisement
                0x00000f9c       0x84 .\CortexM0\ARM_GCC_484\Debug\Datson.a(BLE.o)
                0x00000f9c                CyBle_GappStartAdvertisement
 .text.CyBle_ChangeAdDeviceAddress
                0x00001020        0x4 .\CortexM0\ARM_GCC_484\Debug\Datson.a(BLE.o)
                0x00001020                CyBle_ChangeAdDeviceAddress
 .text.CyBle_Get16ByPtr
                0x00001024        0xc .\CortexM0\ARM_GCC_484\Debug\Datson.a(BLE.o)
                0x00001024                CyBle_Get16ByPtr
 .text.CyBle_GattsWriteEventHandler
                0x00001030       0x58 .\CortexM0\ARM_GCC_484\Debug\Datson.a(BLE_gatt.o)
                0x00001030                CyBle_GattsWriteEventHandler
 .text.CyBle_GattDisconnectEventHandler
                0x00001088       0x10 .\CortexM0\ARM_GCC_484\Debug\Datson.a(BLE_eventHandler.o)
 .text.CyBle_IsDeviceAddressValid
                0x00001098       0x24 .\CortexM0\ARM_GCC_484\Debug\Datson.a(BLE_eventHandler.o)
 .text.CyBle_WriteReqHandler
                0x000010bc       0x38 .\CortexM0\ARM_GCC_484\Debug\Datson.a(BLE_eventHandler.o)
 .text.CyBle_EventHandler
                0x000010f4      0x218 .\CortexM0\ARM_GCC_484\Debug\Datson.a(BLE_eventHandler.o)
                0x000010f4                CyBle_EventHandler
 .text.CyBle_CustomInit
                0x0000130c        0x4 .\CortexM0\ARM_GCC_484\Debug\Datson.a(BLE_custom.o)
                0x0000130c                CyBle_CustomInit
 .text.CySysPmSleep
                0x00001310       0x1c .\CortexM0\ARM_GCC_484\Debug\Datson.a(cyPm.o)
                0x00001310                CySysPmSleep
 .text.CyBLE_Nvram_Write
                0x0000132c       0xa8 .\CortexM0\ARM_GCC_484\Debug\Datson.a(BLE_HAL_PVT.o)
                0x0000132c                CyBLE_Nvram_Write
 .text.CyBLE_Bless_LlRegWrite
                0x000013d4        0x4 .\CortexM0\ARM_GCC_484\Debug\Datson.a(BLE_HAL_PVT.o)
                0x000013d4                CyBLE_Bless_LlRegWrite
 .text.CyBLE_Bless_RfRegWrite
                0x000013d8        0x4 .\CortexM0\ARM_GCC_484\Debug\Datson.a(BLE_HAL_PVT.o)
                0x000013d8                CyBLE_Bless_RfRegWrite
 .text.CyBLE_BlessDeviceConfig
                0x000013dc       0xdc .\CortexM0\ARM_GCC_484\Debug\Datson.a(BLE_HAL_PVT.o)
                0x000013dc                CyBLE_BlessDeviceConfig
 .text.CyBleHal_DelayUs
                0x000014b8        0x8 .\CortexM0\ARM_GCC_484\Debug\Datson.a(BLE_HAL_PVT.o)
                0x000014b8                CyBleHal_DelayUs
 .text.CyBleHal_EnableGlobalInterrupts
                0x000014c0        0x8 .\CortexM0\ARM_GCC_484\Debug\Datson.a(BLE_HAL_PVT.o)
                0x000014c0                CyBleHal_EnableGlobalInterrupts
 .text.CyBleHal_DisableGlobalInterrupts
                0x000014c8        0x8 .\CortexM0\ARM_GCC_484\Debug\Datson.a(BLE_HAL_PVT.o)
                0x000014c8                CyBleHal_DisableGlobalInterrupts
 .text.CyBle_HalInit
                0x000014d0       0x18 .\CortexM0\ARM_GCC_484\Debug\Datson.a(BLE_HAL_PVT.o)
                0x000014d0                CyBle_HalInit
 .text.CYBLE_BlessStart
                0x000014e8       0x10 .\CortexM0\ARM_GCC_484\Debug\Datson.a(BLE_HAL_PVT.o)
                0x000014e8                CYBLE_BlessStart
 .text.BLE_bless_isr_SetVector
                0x000014f8        0xc .\CortexM0\ARM_GCC_484\Debug\Datson.a(BLE_bless_isr.o)
                0x000014f8                BLE_bless_isr_SetVector
 .text.BLE_bless_isr_SetPriority
                0x00001504       0x24 .\CortexM0\ARM_GCC_484\Debug\Datson.a(BLE_bless_isr.o)
                0x00001504                BLE_bless_isr_SetPriority
 .text.BLE_bless_isr_Enable
                0x00001528       0x10 .\CortexM0\ARM_GCC_484\Debug\Datson.a(BLE_bless_isr.o)
                0x00001528                BLE_bless_isr_Enable
 .text.BLE_bless_isr_Disable
                0x00001538       0x10 .\CortexM0\ARM_GCC_484\Debug\Datson.a(BLE_bless_isr.o)
                0x00001538                BLE_bless_isr_Disable
 .text.BLE_bless_isr_StartEx
                0x00001548       0x1c .\CortexM0\ARM_GCC_484\Debug\Datson.a(BLE_bless_isr.o)
                0x00001548                BLE_bless_isr_StartEx
 .text.CySysFlashClockBackup
                0x00001564       0x44 .\CortexM0\ARM_GCC_484\Debug\Datson.a(CyFlash.o)
 .text.CySysFlashClockConfig
                0x000015a8       0x34 .\CortexM0\ARM_GCC_484\Debug\Datson.a(CyFlash.o)
 .text.CySysFlashClockRestore
                0x000015dc       0x44 .\CortexM0\ARM_GCC_484\Debug\Datson.a(CyFlash.o)
 .text.CySysFlashWriteRow
                0x00001620       0xe8 .\CortexM0\ARM_GCC_484\Debug\Datson.a(CyFlash.o)
                0x00001620                CySysFlashWriteRow
 .text.CyBLE_Bless_Interrupt
                0x00001708        0x8 .\CortexM0\ARM_GCC_484\Debug\Datson.a(BLE_HAL_INT.o)
                0x00001708                CyBLE_Bless_Interrupt
 .text          0x00001710       0x9c c:/program files (x86)/cypress/psoc creator/3.2/psoc creator/import/gnu/arm/4.8.4/bin/../lib/gcc/arm-none-eabi/4.8.4/armv6-m\libgcc.a(_udivsi3.o)
                0x00001710                __aeabi_uidiv
                0x00001710                __udivsi3
                0x00001798                __aeabi_uidivmod
 .text          0x000017ac       0xc0 c:/program files (x86)/cypress/psoc creator/3.2/psoc creator/import/gnu/arm/4.8.4/bin/../lib/gcc/arm-none-eabi/4.8.4/armv6-m\libgcc.a(_divsi3.o)
                0x000017ac                __divsi3
                0x000017ac                __aeabi_idiv
                0x00001858                __aeabi_idivmod
 .text          0x0000186c        0x4 c:/program files (x86)/cypress/psoc creator/3.2/psoc creator/import/gnu/arm/4.8.4/bin/../lib/gcc/arm-none-eabi/4.8.4/armv6-m\libgcc.a(_dvmd_tls.o)
                0x0000186c                __aeabi_idiv0
                0x0000186c                __aeabi_ldiv0
 .text.__libc_init_array
                0x00001870       0x4c c:/program files (x86)/cypress/psoc creator/3.2/psoc creator/import/gnu/arm/4.8.4/bin/../lib/gcc/arm-none-eabi/4.8.4/../../../../arm-none-eabi/lib/armv6-m\libg_s.a(lib_a-init.o)
                0x00001870                __libc_init_array
 .text.memcmp   0x000018bc       0x1e c:/program files (x86)/cypress/psoc creator/3.2/psoc creator/import/gnu/arm/4.8.4/bin/../lib/gcc/arm-none-eabi/4.8.4/../../../../arm-none-eabi/lib/armv6-m\libg_s.a(lib_a-memcmp.o)
                0x000018bc                memcmp
 .text.memcpy   0x000018da       0x12 c:/program files (x86)/cypress/psoc creator/3.2/psoc creator/import/gnu/arm/4.8.4/bin/../lib/gcc/arm-none-eabi/4.8.4/../../../../arm-none-eabi/lib/armv6-m\libg_s.a(lib_a-memcpy-stub.o)
                0x000018da                memcpy
 .text.memset   0x000018ec       0x10 c:/program files (x86)/cypress/psoc creator/3.2/psoc creator/import/gnu/arm/4.8.4/bin/../lib/gcc/arm-none-eabi/4.8.4/../../../../arm-none-eabi/lib/armv6-m\libg_s.a(lib_a-memset.o)
                0x000018ec                memset
 .text          0x000018fc       0x14 c:/program files (x86)/cypress/psoc creator/3.2/psoc creator/import/gnu/arm/4.8.4/bin/../lib/gcc/arm-none-eabi/4.8.4/../../../../arm-none-eabi/lib/armv6-m\libg_s.a(lib_a-strcmp.o)
                0x000018fc                strcmp
 *(.plt)
 *(.gnu.warning)
 *(.glue_7t)
 .glue_7t       0x00000000        0x0 linker stubs
 *(.glue_7)
 .glue_7        0x00000000        0x0 linker stubs
 *(.vfp11_veneer)
 .vfp11_veneer  0x00000000        0x0 linker stubs
 *(.bootloader)
 *(.ARM.extab* .gnu.linkonce.armextab.*)
 *(.gcc_except_table)

.v4_bx          0x00001910        0x0
 .v4_bx         0x00000000        0x0 linker stubs

.iplt           0x00001910        0x0
 .iplt          0x00000000        0x0 c:/program files (x86)/cypress/psoc creator/3.2/psoc creator/import/gnu/arm/4.8.4/bin/../lib/gcc/arm-none-eabi/4.8.4/armv6-m/crtbegin.o

i.CyBle_ExitLPM
                0x00001910        0x8
 i.CyBle_ExitLPM
                0x00001910        0x8 C:\Program Files (x86)\Cypress\PSoC Creator\3.2\PSoC Creator\psoc\content\cycomponentlibrary\CyComponentLibrary.cylib\BLE_v2_10\Library\gccCyBLEStack_BLE_SOC_PERIPHERAL.a(CyBle.o)
                0x00001910                CyBle_ExitLPM

i.CyBle_ProcessEvents
                0x00001918        0x8
 i.CyBle_ProcessEvents
                0x00001918        0x8 C:\Program Files (x86)\Cypress\PSoC Creator\3.2\PSoC Creator\psoc\content\cycomponentlibrary\CyComponentLibrary.cylib\BLE_v2_10\Library\gccCyBLEStack_BLE_SOC_PERIPHERAL.a(CyBle.o)
                0x00001918                CyBle_ProcessEvents

i.CyBle_SetDeviceAddress
                0x00001920       0x24
 i.CyBle_SetDeviceAddress
                0x00001920       0x24 C:\Program Files (x86)\Cypress\PSoC Creator\3.2\PSoC Creator\psoc\content\cycomponentlibrary\CyComponentLibrary.cylib\BLE_v2_10\Library\gccCyBLEStack_BLE_SOC_PERIPHERAL.a(CyBle.o)
                0x00001920                CyBle_SetDeviceAddress

i.CyBle_StackInit
                0x00001944       0xfc
 i.CyBle_StackInit
                0x00001944       0xfc C:\Program Files (x86)\Cypress\PSoC Creator\3.2\PSoC Creator\psoc\content\cycomponentlibrary\CyComponentLibrary.cylib\BLE_v2_10\Library\gccCyBLEStack_BLE_SOC_PERIPHERAL.a(CyBle.o)
                0x00001944                CyBle_StackInit

i.CyBle_StackValidateInputParams
                0x00001a40       0xf4
 i.CyBle_StackValidateInputParams
                0x00001a40       0xf4 C:\Program Files (x86)\Cypress\PSoC Creator\3.2\PSoC Creator\psoc\content\cycomponentlibrary\CyComponentLibrary.cylib\BLE_v2_10\Library\gccCyBLEStack_BLE_SOC_PERIPHERAL.a(CyBle.o)

i.__ARM_common_switch8
                0x00001b34       0x1a
 i.__ARM_common_switch8
                0x00001b34       0x1a C:\Program Files (x86)\Cypress\PSoC Creator\3.2\PSoC Creator\psoc\content\cycomponentlibrary\CyComponentLibrary.cylib\BLE_v2_10\Library\gccCyBLEStack_BLE_SOC_PERIPHERAL.a(CyBle.o)
                0x00001b34                __ARM_common_switch8

i.CyBleStackMgr_Init
                0x00001b50       0x9c
 i.CyBleStackMgr_Init
                0x00001b50       0x9c C:\Program Files (x86)\Cypress\PSoC Creator\3.2\PSoC Creator\psoc\content\cycomponentlibrary\CyComponentLibrary.cylib\BLE_v2_10\Library\gccCyBLEStack_BLE_SOC_PERIPHERAL.a(CyBleStackMgrIP_Interface.o)
                0x00001b50                CyBleStackMgr_Init

i.CyBleStackMgr_ProcessBleEvents
                0x00001bec       0x14
 i.CyBleStackMgr_ProcessBleEvents
                0x00001bec       0x14 C:\Program Files (x86)\Cypress\PSoC Creator\3.2\PSoC Creator\psoc\content\cycomponentlibrary\CyComponentLibrary.cylib\BLE_v2_10\Library\gccCyBLEStack_BLE_SOC_PERIPHERAL.a(CyBleStackMgrIP_Interface.o)
                0x00001bec                CyBleStackMgr_ProcessBleEvents

i.CyBle_GetHeapMemory
                0x00001c00       0x28
 i.CyBle_GetHeapMemory
                0x00001c00       0x28 C:\Program Files (x86)\Cypress\PSoC Creator\3.2\PSoC Creator\psoc\content\cycomponentlibrary\CyComponentLibrary.cylib\BLE_v2_10\Library\gccCyBLEStack_BLE_SOC_PERIPHERAL.a(CyBleStackMgrIP_Interface.o)
                0x00001c00                CyBle_GetHeapMemory

i.CyBle_GetNumAppBufferPools
                0x00001c28        0xc
 i.CyBle_GetNumAppBufferPools
                0x00001c28        0xc C:\Program Files (x86)\Cypress\PSoC Creator\3.2\PSoC Creator\psoc\content\cycomponentlibrary\CyComponentLibrary.cylib\BLE_v2_10\Library\gccCyBLEStack_BLE_SOC_PERIPHERAL.a(CyBleStackMgrIP_Interface.o)
                0x00001c28                CyBle_GetNumAppBufferPools

i.CyBle_HostStackBufferPoolInit
                0x00001c34       0xec
 i.CyBle_HostStackBufferPoolInit
                0x00001c34       0xec C:\Program Files (x86)\Cypress\PSoC Creator\3.2\PSoC Creator\psoc\content\cycomponentlibrary\CyComponentLibrary.cylib\BLE_v2_10\Library\gccCyBLEStack_BLE_SOC_PERIPHERAL.a(CyBleStackMgrIP_Interface.o)

i.ble_stack_idle_task_callback
                0x00001d20        0x2
 i.ble_stack_idle_task_callback
                0x00001d20        0x2 C:\Program Files (x86)\Cypress\PSoC Creator\3.2\PSoC Creator\psoc\content\cycomponentlibrary\CyComponentLibrary.cylib\BLE_v2_10\Library\gccCyBLEStack_BLE_SOC_PERIPHERAL.a(CyBleStackMgrIP_Interface.o)
                0x00001d20                ble_stack_idle_task_callback

i.BT_OSFreeBuf  0x00001d24       0x20
 i.BT_OSFreeBuf
                0x00001d24       0x20 C:\Program Files (x86)\Cypress\PSoC Creator\3.2\PSoC Creator\psoc\content\cycomponentlibrary\CyComponentLibrary.cylib\BLE_v2_10\Library\gccCyBLEStack_BLE_SOC_PERIPHERAL.a(BT_os.o)
                0x00001d24                BT_OSFreeBuf

i.BT_OSGetBuF   0x00001d44       0x34
 i.BT_OSGetBuF  0x00001d44       0x34 C:\Program Files (x86)\Cypress\PSoC Creator\3.2\PSoC Creator\psoc\content\cycomponentlibrary\CyComponentLibrary.cylib\BLE_v2_10\Library\gccCyBLEStack_BLE_SOC_PERIPHERAL.a(BT_os.o)
                0x00001d44                BT_OSGetBuF

i.BT_OSMemCreate
                0x00001d78       0x3c
 i.BT_OSMemCreate
                0x00001d78       0x3c C:\Program Files (x86)\Cypress\PSoC Creator\3.2\PSoC Creator\psoc\content\cycomponentlibrary\CyComponentLibrary.cylib\BLE_v2_10\Library\gccCyBLEStack_BLE_SOC_PERIPHERAL.a(BT_os.o)
                0x00001d78                BT_OSMemCreate

i.BT_alloc_mem_ext
                0x00001db4       0x3c
 i.BT_alloc_mem_ext
                0x00001db4       0x3c C:\Program Files (x86)\Cypress\PSoC Creator\3.2\PSoC Creator\psoc\content\cycomponentlibrary\CyComponentLibrary.cylib\BLE_v2_10\Library\gccCyBLEStack_BLE_SOC_PERIPHERAL.a(BT_os.o)
                0x00001db4                BT_alloc_mem_ext

i.BT_free_mem   0x00001df0        0xc
 i.BT_free_mem  0x00001df0        0xc C:\Program Files (x86)\Cypress\PSoC Creator\3.2\PSoC Creator\psoc\content\cycomponentlibrary\CyComponentLibrary.cylib\BLE_v2_10\Library\gccCyBLEStack_BLE_SOC_PERIPHERAL.a(BT_os.o)
                0x00001df0                BT_free_mem

i.bt_stack_create_buffer_pool
                0x00001dfc       0x30
 i.bt_stack_create_buffer_pool
                0x00001dfc       0x30 C:\Program Files (x86)\Cypress\PSoC Creator\3.2\PSoC Creator\psoc\content\cycomponentlibrary\CyComponentLibrary.cylib\BLE_v2_10\Library\gccCyBLEStack_BLE_SOC_PERIPHERAL.a(BT_os.o)
                0x00001dfc                bt_stack_create_buffer_pool

i.CyBle_CheckBleStackTaskStatus
                0x00001e2c        0x4
 i.CyBle_CheckBleStackTaskStatus
                0x00001e2c        0x4 C:\Program Files (x86)\Cypress\PSoC Creator\3.2\PSoC Creator\psoc\content\cycomponentlibrary\CyComponentLibrary.cylib\BLE_v2_10\Library\gccCyBLEStack_BLE_SOC_PERIPHERAL.a(CyBleStackMgr_StackTaskHandler.o)
                0x00001e2c                CyBle_CheckBleStackTaskStatus

i.CyBle_CreateBleStackTask
                0x00001e30       0x2c
 i.CyBle_CreateBleStackTask
                0x00001e30       0x2c C:\Program Files (x86)\Cypress\PSoC Creator\3.2\PSoC Creator\psoc\content\cycomponentlibrary\CyComponentLibrary.cylib\BLE_v2_10\Library\gccCyBLEStack_BLE_SOC_PERIPHERAL.a(CyBleStackMgr_StackTaskHandler.o)
                0x00001e30                CyBle_CreateBleStackTask

i.CyBle_SignalBleStackTask
                0x00001e5c       0x50
 i.CyBle_SignalBleStackTask
                0x00001e5c       0x50 C:\Program Files (x86)\Cypress\PSoC Creator\3.2\PSoC Creator\psoc\content\cycomponentlibrary\CyComponentLibrary.cylib\BLE_v2_10\Library\gccCyBLEStack_BLE_SOC_PERIPHERAL.a(CyBleStackMgr_StackTaskHandler.o)
                0x00001e5c                CyBle_SignalBleStackTask

i.CyBle_StackTaskHandler
                0x00001eac       0x5c
 i.CyBle_StackTaskHandler
                0x00001eac       0x5c C:\Program Files (x86)\Cypress\PSoC Creator\3.2\PSoC Creator\psoc\content\cycomponentlibrary\CyComponentLibrary.cylib\BLE_v2_10\Library\gccCyBLEStack_BLE_SOC_PERIPHERAL.a(CyBleStackMgr_StackTaskHandler.o)
                0x00001eac                CyBle_StackTaskHandler

i.hci_soft_transport_notify_data_received
                0x00001f08        0xc
 i.hci_soft_transport_notify_data_received
                0x00001f08        0xc C:\Program Files (x86)\Cypress\PSoC Creator\3.2\PSoC Creator\psoc\content\cycomponentlibrary\CyComponentLibrary.cylib\BLE_v2_10\Library\gccCyBLEStack_BLE_SOC_PERIPHERAL.a(transport_sf.o)
                0x00001f08                hci_soft_transport_notify_data_received

i.hci_soft_transport_rx_data
                0x00001f14       0x40
 i.hci_soft_transport_rx_data
                0x00001f14       0x40 C:\Program Files (x86)\Cypress\PSoC Creator\3.2\PSoC Creator\psoc\content\cycomponentlibrary\CyComponentLibrary.cylib\BLE_v2_10\Library\gccCyBLEStack_BLE_SOC_PERIPHERAL.a(transport_sf.o)
                0x00001f14                hci_soft_transport_rx_data

i.hci_transport_bt_init
                0x00001f54        0x2
 i.hci_transport_bt_init
                0x00001f54        0x2 C:\Program Files (x86)\Cypress\PSoC Creator\3.2\PSoC Creator\psoc\content\cycomponentlibrary\CyComponentLibrary.cylib\BLE_v2_10\Library\gccCyBLEStack_BLE_SOC_PERIPHERAL.a(transport_sf.o)
                0x00001f54                hci_transport_bt_init

i.hci_transport_init
                0x00001f58       0x10
 i.hci_transport_init
                0x00001f58       0x10 C:\Program Files (x86)\Cypress\PSoC Creator\3.2\PSoC Creator\psoc\content\cycomponentlibrary\CyComponentLibrary.cylib\BLE_v2_10\Library\gccCyBLEStack_BLE_SOC_PERIPHERAL.a(transport_sf.o)
                0x00001f58                hci_transport_init

i.hci_transport_write_data
                0x00001f68       0xd4
 i.hci_transport_write_data
                0x00001f68       0xd4 C:\Program Files (x86)\Cypress\PSoC Creator\3.2\PSoC Creator\psoc\content\cycomponentlibrary\CyComponentLibrary.cylib\BLE_v2_10\Library\gccCyBLEStack_BLE_SOC_PERIPHERAL.a(transport_sf.o)
                0x00001f68                hci_transport_write_data

i.pf_hci_soft_transport_write
                0x0000203c       0x44
 i.pf_hci_soft_transport_write
                0x0000203c       0x44 C:\Program Files (x86)\Cypress\PSoC Creator\3.2\PSoC Creator\psoc\content\cycomponentlibrary\CyComponentLibrary.cylib\BLE_v2_10\Library\gccCyBLEStack_BLE_SOC_PERIPHERAL.a(transport_sf.o)
                0x0000203c                pf_hci_soft_transport_write

i.pf_soft_hci_transport_init
                0x00002080        0xc
 i.pf_soft_hci_transport_init
                0x00002080        0xc C:\Program Files (x86)\Cypress\PSoC Creator\3.2\PSoC Creator\psoc\content\cycomponentlibrary\CyComponentLibrary.cylib\BLE_v2_10\Library\gccCyBLEStack_BLE_SOC_PERIPHERAL.a(transport_sf.o)
                0x00002080                pf_soft_hci_transport_init

i.CyBleStackMgr_GetTime
                0x0000208c       0x14
 i.CyBleStackMgr_GetTime
                0x0000208c       0x14 C:\Program Files (x86)\Cypress\PSoC Creator\3.2\PSoC Creator\psoc\content\cycomponentlibrary\CyComponentLibrary.cylib\BLE_v2_10\Library\gccCyBLEStack_BLE_SOC_PERIPHERAL.a(CyBleStackMgr_PSoCHal.o)
                0x0000208c                CyBleStackMgr_GetTime

i.CyBleStackMgr_HalInit
                0x000020a0       0x24
 i.CyBleStackMgr_HalInit
                0x000020a0       0x24 C:\Program Files (x86)\Cypress\PSoC Creator\3.2\PSoC Creator\psoc\content\cycomponentlibrary\CyComponentLibrary.cylib\BLE_v2_10\Library\gccCyBLEStack_BLE_SOC_PERIPHERAL.a(CyBleStackMgr_PSoCHal.o)
                0x000020a0                CyBleStackMgr_HalInit

i.CyBleStackMgr_HalIntrEnable
                0x000020c4        0x8
 i.CyBleStackMgr_HalIntrEnable
                0x000020c4        0x8 C:\Program Files (x86)\Cypress\PSoC Creator\3.2\PSoC Creator\psoc\content\cycomponentlibrary\CyComponentLibrary.cylib\BLE_v2_10\Library\gccCyBLEStack_BLE_SOC_PERIPHERAL.a(CyBleStackMgr_PSoCHal.o)
                0x000020c4                CyBleStackMgr_HalIntrEnable

i.CyBleStackMgr_HandleLinkLayerTick
                0x000020cc       0x5c
 i.CyBleStackMgr_HandleLinkLayerTick
                0x000020cc       0x5c C:\Program Files (x86)\Cypress\PSoC Creator\3.2\PSoC Creator\psoc\content\cycomponentlibrary\CyComponentLibrary.cylib\BLE_v2_10\Library\gccCyBLEStack_BLE_SOC_PERIPHERAL.a(CyBleStackMgr_PSoCHal.o)
                0x000020cc                CyBleStackMgr_HandleLinkLayerTick

i.CyBleStackMgr_HciPortInit
                0x00002128        0xc
 i.CyBleStackMgr_HciPortInit
                0x00002128        0xc C:\Program Files (x86)\Cypress\PSoC Creator\3.2\PSoC Creator\psoc\content\cycomponentlibrary\CyComponentLibrary.cylib\BLE_v2_10\Library\gccCyBLEStack_BLE_SOC_PERIPHERAL.a(CyBleStackMgr_PSoCHal.o)
                0x00002128                CyBleStackMgr_HciPortInit

i.CyBleStackMgr_HciPortReset
                0x00002134        0x2
 i.CyBleStackMgr_HciPortReset
                0x00002134        0x2 C:\Program Files (x86)\Cypress\PSoC Creator\3.2\PSoC Creator\psoc\content\cycomponentlibrary\CyComponentLibrary.cylib\BLE_v2_10\Library\gccCyBLEStack_BLE_SOC_PERIPHERAL.a(CyBleStackMgr_PSoCHal.o)
                0x00002134                CyBleStackMgr_HciPortReset

i.CyBleStackMgr_HciPortWrite
                0x00002136        0x8
 i.CyBleStackMgr_HciPortWrite
                0x00002136        0x8 C:\Program Files (x86)\Cypress\PSoC Creator\3.2\PSoC Creator\psoc\content\cycomponentlibrary\CyComponentLibrary.cylib\BLE_v2_10\Library\gccCyBLEStack_BLE_SOC_PERIPHERAL.a(CyBleStackMgr_PSoCHal.o)
                0x00002136                CyBleStackMgr_HciPortWrite

i.CyBleStackMgr_ResetLinkLayerTimerEntity
                0x00002140       0x14
 i.CyBleStackMgr_ResetLinkLayerTimerEntity
                0x00002140       0x14 C:\Program Files (x86)\Cypress\PSoC Creator\3.2\PSoC Creator\psoc\content\cycomponentlibrary\CyComponentLibrary.cylib\BLE_v2_10\Library\gccCyBLEStack_BLE_SOC_PERIPHERAL.a(CyBleStackMgr_PSoCHal.o)
                0x00002140                CyBleStackMgr_ResetLinkLayerTimerEntity

i.CyBleStackMgr_TimerStart
                0x00002154       0x2c
 i.CyBleStackMgr_TimerStart
                0x00002154       0x2c C:\Program Files (x86)\Cypress\PSoC Creator\3.2\PSoC Creator\psoc\content\cycomponentlibrary\CyComponentLibrary.cylib\BLE_v2_10\Library\gccCyBLEStack_BLE_SOC_PERIPHERAL.a(CyBleStackMgr_PSoCHal.o)
                0x00002154                CyBleStackMgr_TimerStart

i.CyBleStackMgr_TimerStop
                0x00002180       0x18
 i.CyBleStackMgr_TimerStop
                0x00002180       0x18 C:\Program Files (x86)\Cypress\PSoC Creator\3.2\PSoC Creator\psoc\content\cycomponentlibrary\CyComponentLibrary.cylib\BLE_v2_10\Library\gccCyBLEStack_BLE_SOC_PERIPHERAL.a(CyBleStackMgr_PSoCHal.o)
                0x00002180                CyBleStackMgr_TimerStop

i.CyBleStackMgr_isTimerRunning
                0x00002198       0x10
 i.CyBleStackMgr_isTimerRunning
                0x00002198       0x10 C:\Program Files (x86)\Cypress\PSoC Creator\3.2\PSoC Creator\psoc\content\cycomponentlibrary\CyComponentLibrary.cylib\BLE_v2_10\Library\gccCyBLEStack_BLE_SOC_PERIPHERAL.a(CyBleStackMgr_PSoCHal.o)
                0x00002198                CyBleStackMgr_isTimerRunning

i.CyBleAtlantisRadioInit
                0x000021a8      0x110
 i.CyBleAtlantisRadioInit
                0x000021a8      0x110 C:\Program Files (x86)\Cypress\PSoC Creator\3.2\PSoC Creator\psoc\content\cycomponentlibrary\CyComponentLibrary.cylib\BLE_v2_10\Library\gccCyBLEStack_BLE_SOC_PERIPHERAL.a(CyBleStackMgr_BleSSDriver.o)

i.CyBleStackMgr_BleSSFifoRead
                0x000022b8       0x38
 i.CyBleStackMgr_BleSSFifoRead
                0x000022b8       0x38 C:\Program Files (x86)\Cypress\PSoC Creator\3.2\PSoC Creator\psoc\content\cycomponentlibrary\CyComponentLibrary.cylib\BLE_v2_10\Library\gccCyBLEStack_BLE_SOC_PERIPHERAL.a(CyBleStackMgr_BleSSDriver.o)
                0x000022b8                CyBleStackMgr_BleSSFifoRead

i.CyBleStackMgr_BleSSFifoWrite
                0x000022f0       0x30
 i.CyBleStackMgr_BleSSFifoWrite
                0x000022f0       0x30 C:\Program Files (x86)\Cypress\PSoC Creator\3.2\PSoC Creator\psoc\content\cycomponentlibrary\CyComponentLibrary.cylib\BLE_v2_10\Library\gccCyBLEStack_BLE_SOC_PERIPHERAL.a(CyBleStackMgr_BleSSDriver.o)
                0x000022f0                CyBleStackMgr_BleSSFifoWrite

i.CyBleStackMgr_BleSSInit
                0x00002320       0x50
 i.CyBleStackMgr_BleSSInit
                0x00002320       0x50 C:\Program Files (x86)\Cypress\PSoC Creator\3.2\PSoC Creator\psoc\content\cycomponentlibrary\CyComponentLibrary.cylib\BLE_v2_10\Library\gccCyBLEStack_BLE_SOC_PERIPHERAL.a(CyBleStackMgr_BleSSDriver.o)
                0x00002320                CyBleStackMgr_BleSSInit

i.CyBleStackMgr_BleSSMemRead
                0x00002370       0x26
 i.CyBleStackMgr_BleSSMemRead
                0x00002370       0x26 C:\Program Files (x86)\Cypress\PSoC Creator\3.2\PSoC Creator\psoc\content\cycomponentlibrary\CyComponentLibrary.cylib\BLE_v2_10\Library\gccCyBLEStack_BLE_SOC_PERIPHERAL.a(CyBleStackMgr_BleSSDriver.o)
                0x00002370                CyBleStackMgr_BleSSMemRead

i.CyBleStackMgr_BleSSMemWrite
                0x00002398       0x34
 i.CyBleStackMgr_BleSSMemWrite
                0x00002398       0x34 C:\Program Files (x86)\Cypress\PSoC Creator\3.2\PSoC Creator\psoc\content\cycomponentlibrary\CyComponentLibrary.cylib\BLE_v2_10\Library\gccCyBLEStack_BLE_SOC_PERIPHERAL.a(CyBleStackMgr_BleSSDriver.o)
                0x00002398                CyBleStackMgr_BleSSMemWrite

i.CyBleStackMgr_BleSSRegRead
                0x000023cc        0xc
 i.CyBleStackMgr_BleSSRegRead
                0x000023cc        0xc C:\Program Files (x86)\Cypress\PSoC Creator\3.2\PSoC Creator\psoc\content\cycomponentlibrary\CyComponentLibrary.cylib\BLE_v2_10\Library\gccCyBLEStack_BLE_SOC_PERIPHERAL.a(CyBleStackMgr_BleSSDriver.o)
                0x000023cc                CyBleStackMgr_BleSSRegRead

i.CyBleStackMgr_BleSSRegWrite
                0x000023d8        0xc
 i.CyBleStackMgr_BleSSRegWrite
                0x000023d8        0xc C:\Program Files (x86)\Cypress\PSoC Creator\3.2\PSoC Creator\psoc\content\cycomponentlibrary\CyComponentLibrary.cylib\BLE_v2_10\Library\gccCyBLEStack_BLE_SOC_PERIPHERAL.a(CyBleStackMgr_BleSSDriver.o)
                0x000023d8                CyBleStackMgr_BleSSRegWrite

i.CyBleStackMgr_BleSSReset
                0x000023e4       0x38
 i.CyBleStackMgr_BleSSReset
                0x000023e4       0x38 C:\Program Files (x86)\Cypress\PSoC Creator\3.2\PSoC Creator\psoc\content\cycomponentlibrary\CyComponentLibrary.cylib\BLE_v2_10\Library\gccCyBLEStack_BLE_SOC_PERIPHERAL.a(CyBleStackMgr_BleSSDriver.o)
                0x000023e4                CyBleStackMgr_BleSSReset

i.CyBleStackMgr_GenericIface
                0x0000241c       0x3c
 i.CyBleStackMgr_GenericIface
                0x0000241c       0x3c C:\Program Files (x86)\Cypress\PSoC Creator\3.2\PSoC Creator\psoc\content\cycomponentlibrary\CyComponentLibrary.cylib\BLE_v2_10\Library\gccCyBLEStack_BLE_SOC_PERIPHERAL.a(CyBleStackMgr_BleSSDriver.o)
                0x0000241c                CyBleStackMgr_GenericIface

i.CyBleStackMgr_HandleBleSSIntr
                0x00002458       0x90
 i.CyBleStackMgr_HandleBleSSIntr
                0x00002458       0x90 C:\Program Files (x86)\Cypress\PSoC Creator\3.2\PSoC Creator\psoc\content\cycomponentlibrary\CyComponentLibrary.cylib\BLE_v2_10\Library\gccCyBLEStack_BLE_SOC_PERIPHERAL.a(CyBleStackMgr_BleSSDriver.o)
                0x00002458                CyBleStackMgr_HandleBleSSIntr

i.CyBleStackMgr_SetClockParam
                0x000024e8       0xb4
 i.CyBleStackMgr_SetClockParam
                0x000024e8       0xb4 C:\Program Files (x86)\Cypress\PSoC Creator\3.2\PSoC Creator\psoc\content\cycomponentlibrary\CyComponentLibrary.cylib\BLE_v2_10\Library\gccCyBLEStack_BLE_SOC_PERIPHERAL.a(CyBleStackMgr_BleSSDriver.o)

i.CyBle_ExitDsmMode
                0x0000259c       0x2c
 i.CyBle_ExitDsmMode
                0x0000259c       0x2c C:\Program Files (x86)\Cypress\PSoC Creator\3.2\PSoC Creator\psoc\content\cycomponentlibrary\CyComponentLibrary.cylib\BLE_v2_10\Library\gccCyBLEStack_BLE_SOC_PERIPHERAL.a(CyBleStackMgr_BleSSDriver.o)
                0x0000259c                CyBle_ExitDsmMode

i.CyBle_GetBleSsOperationalMode
                0x000025c8        0xc
 i.CyBle_GetBleSsOperationalMode
                0x000025c8        0xc C:\Program Files (x86)\Cypress\PSoC Creator\3.2\PSoC Creator\psoc\content\cycomponentlibrary\CyComponentLibrary.cylib\BLE_v2_10\Library\gccCyBLEStack_BLE_SOC_PERIPHERAL.a(CyBleStackMgr_BleSSDriver.o)
                0x000025c8                CyBle_GetBleSsOperationalMode

i.CyBle_GetLpMode
                0x000025d4       0x26
 i.CyBle_GetLpMode
                0x000025d4       0x26 C:\Program Files (x86)\Cypress\PSoC Creator\3.2\PSoC Creator\psoc\content\cycomponentlibrary\CyComponentLibrary.cylib\BLE_v2_10\Library\gccCyBLEStack_BLE_SOC_PERIPHERAL.a(CyBleStackMgr_BleSSDriver.o)
                0x000025d4                CyBle_GetLpMode

i.CyBle_GetTxGainMode
                0x000025fc       0x2c
 i.CyBle_GetTxGainMode
                0x000025fc       0x2c C:\Program Files (x86)\Cypress\PSoC Creator\3.2\PSoC Creator\psoc\content\cycomponentlibrary\CyComponentLibrary.cylib\BLE_v2_10\Library\gccCyBLEStack_BLE_SOC_PERIPHERAL.a(CyBleStackMgr_BleSSDriver.o)
                0x000025fc                CyBle_GetTxGainMode

i.CyBle_SetBleSsOperationalMode
                0x00002628       0x20
 i.CyBle_SetBleSsOperationalMode
                0x00002628       0x20 C:\Program Files (x86)\Cypress\PSoC Creator\3.2\PSoC Creator\psoc\content\cycomponentlibrary\CyComponentLibrary.cylib\BLE_v2_10\Library\gccCyBLEStack_BLE_SOC_PERIPHERAL.a(CyBleStackMgr_BleSSDriver.o)
                0x00002628                CyBle_SetBleSsOperationalMode

i.CyBle_SetEventCloseState
                0x00002648        0xc
 i.CyBle_SetEventCloseState
                0x00002648        0xc C:\Program Files (x86)\Cypress\PSoC Creator\3.2\PSoC Creator\psoc\content\cycomponentlibrary\CyComponentLibrary.cylib\BLE_v2_10\Library\gccCyBLEStack_BLE_SOC_PERIPHERAL.a(CyBleStackMgr_BleSSDriver.o)
                0x00002648                CyBle_SetEventCloseState

i.CyBle_SetRxGainMode
                0x00002654       0x20
 i.CyBle_SetRxGainMode
                0x00002654       0x20 C:\Program Files (x86)\Cypress\PSoC Creator\3.2\PSoC Creator\psoc\content\cycomponentlibrary\CyComponentLibrary.cylib\BLE_v2_10\Library\gccCyBLEStack_BLE_SOC_PERIPHERAL.a(CyBleStackMgr_BleSSDriver.o)
                0x00002654                CyBle_SetRxGainMode

i.CyBle_SetTxGainMode
                0x00002674       0x38
 i.CyBle_SetTxGainMode
                0x00002674       0x38 C:\Program Files (x86)\Cypress\PSoC Creator\3.2\PSoC Creator\psoc\content\cycomponentlibrary\CyComponentLibrary.cylib\BLE_v2_10\Library\gccCyBLEStack_BLE_SOC_PERIPHERAL.a(CyBleStackMgr_BleSSDriver.o)
                0x00002674                CyBle_SetTxGainMode

i.pf_rf_get_abs_rssi
                0x000026ac       0x24
 i.pf_rf_get_abs_rssi
                0x000026ac       0x24 C:\Program Files (x86)\Cypress\PSoC Creator\3.2\PSoC Creator\psoc\content\cycomponentlibrary\CyComponentLibrary.cylib\BLE_v2_10\Library\gccCyBLEStack_BLE_SOC_PERIPHERAL.a(CyBleStackMgr_BleSSDriver.o)
                0x000026ac                pf_rf_get_abs_rssi

i.BleStackFlashStorageInit
                0x000026d0       0x74
 i.BleStackFlashStorageInit
                0x000026d0       0x74 C:\Program Files (x86)\Cypress\PSoC Creator\3.2\PSoC Creator\psoc\content\cycomponentlibrary\CyComponentLibrary.cylib\BLE_v2_10\Library\gccCyBLEStack_BLE_SOC_PERIPHERAL.a(storage_pl.o)
                0x000026d0                BleStackFlashStorageInit

i.BleStackWriteToFlash
                0x00002744       0x6c
 i.BleStackWriteToFlash
                0x00002744       0x6c C:\Program Files (x86)\Cypress\PSoC Creator\3.2\PSoC Creator\psoc\content\cycomponentlibrary\CyComponentLibrary.cylib\BLE_v2_10\Library\gccCyBLEStack_BLE_SOC_PERIPHERAL.a(storage_pl.o)
                0x00002744                BleStackWriteToFlash

i.BleStackWriteToFlashPending
                0x000027b0       0x24
 i.BleStackWriteToFlashPending
                0x000027b0       0x24 C:\Program Files (x86)\Cypress\PSoC Creator\3.2\PSoC Creator\psoc\content\cycomponentlibrary\CyComponentLibrary.cylib\BLE_v2_10\Library\gccCyBLEStack_BLE_SOC_PERIPHERAL.a(storage_pl.o)
                0x000027b0                BleStackWriteToFlashPending

i.BleStackWriteToFlashRam
                0x000027d4       0x70
 i.BleStackWriteToFlashRam
                0x000027d4       0x70 C:\Program Files (x86)\Cypress\PSoC Creator\3.2\PSoC Creator\psoc\content\cycomponentlibrary\CyComponentLibrary.cylib\BLE_v2_10\Library\gccCyBLEStack_BLE_SOC_PERIPHERAL.a(storage_pl.o)
                0x000027d4                BleStackWriteToFlashRam

i.storage_bt_init_pl
                0x00002844       0x28
 i.storage_bt_init_pl
                0x00002844       0x28 C:\Program Files (x86)\Cypress\PSoC Creator\3.2\PSoC Creator\psoc\content\cycomponentlibrary\CyComponentLibrary.cylib\BLE_v2_10\Library\gccCyBLEStack_BLE_SOC_PERIPHERAL.a(storage_pl.o)
                0x00002844                storage_bt_init_pl

i.storage_close_pl
                0x0000286c        0x4
 i.storage_close_pl
                0x0000286c        0x4 C:\Program Files (x86)\Cypress\PSoC Creator\3.2\PSoC Creator\psoc\content\cycomponentlibrary\CyComponentLibrary.cylib\BLE_v2_10\Library\gccCyBLEStack_BLE_SOC_PERIPHERAL.a(storage_pl.o)
                0x0000286c                storage_close_pl

i.storage_open_pl
                0x00002870       0x1c
 i.storage_open_pl
                0x00002870       0x1c C:\Program Files (x86)\Cypress\PSoC Creator\3.2\PSoC Creator\psoc\content\cycomponentlibrary\CyComponentLibrary.cylib\BLE_v2_10\Library\gccCyBLEStack_BLE_SOC_PERIPHERAL.a(storage_pl.o)
                0x00002870                storage_open_pl

i.storage_read_pl
                0x0000288c       0x28
 i.storage_read_pl
                0x0000288c       0x28 C:\Program Files (x86)\Cypress\PSoC Creator\3.2\PSoC Creator\psoc\content\cycomponentlibrary\CyComponentLibrary.cylib\BLE_v2_10\Library\gccCyBLEStack_BLE_SOC_PERIPHERAL.a(storage_pl.o)
                0x0000288c                storage_read_pl

i.storage_read_signature_pl
                0x000028b4       0x2c
 i.storage_read_signature_pl
                0x000028b4       0x2c C:\Program Files (x86)\Cypress\PSoC Creator\3.2\PSoC Creator\psoc\content\cycomponentlibrary\CyComponentLibrary.cylib\BLE_v2_10\Library\gccCyBLEStack_BLE_SOC_PERIPHERAL.a(storage_pl.o)
                0x000028b4                storage_read_signature_pl

i.storage_register_flash_pointer
                0x000028e0       0x20
 i.storage_register_flash_pointer
                0x000028e0       0x20 C:\Program Files (x86)\Cypress\PSoC Creator\3.2\PSoC Creator\psoc\content\cycomponentlibrary\CyComponentLibrary.cylib\BLE_v2_10\Library\gccCyBLEStack_BLE_SOC_PERIPHERAL.a(storage_pl.o)
                0x000028e0                storage_register_flash_pointer

i.storage_reset_storage_offset
                0x00002900       0x10
 i.storage_reset_storage_offset
                0x00002900       0x10 C:\Program Files (x86)\Cypress\PSoC Creator\3.2\PSoC Creator\psoc\content\cycomponentlibrary\CyComponentLibrary.cylib\BLE_v2_10\Library\gccCyBLEStack_BLE_SOC_PERIPHERAL.a(storage_pl.o)

i.storage_write_pl
                0x00002910       0x24
 i.storage_write_pl
                0x00002910       0x24 C:\Program Files (x86)\Cypress\PSoC Creator\3.2\PSoC Creator\psoc\content\cycomponentlibrary\CyComponentLibrary.cylib\BLE_v2_10\Library\gccCyBLEStack_BLE_SOC_PERIPHERAL.a(storage_pl.o)
                0x00002910                storage_write_pl

i.storage_write_signature_pl
                0x00002934       0x14
 i.storage_write_signature_pl
                0x00002934       0x14 C:\Program Files (x86)\Cypress\PSoC Creator\3.2\PSoC Creator\psoc\content\cycomponentlibrary\CyComponentLibrary.cylib\BLE_v2_10\Library\gccCyBLEStack_BLE_SOC_PERIPHERAL.a(storage_pl.o)
                0x00002934                storage_write_signature_pl

i.OS_init       0x00002948       0x64
 i.OS_init      0x00002948       0x64 C:\Program Files (x86)\Cypress\PSoC Creator\3.2\PSoC Creator\psoc\content\cycomponentlibrary\CyComponentLibrary.cylib\BLE_v2_10\Library\gccCyBLEStack_BLE_SOC_PERIPHERAL.a(mint_os.o)
                0x00002948                OS_init

i.mintos_malloc
                0x000029ac       0x34
 i.mintos_malloc
                0x000029ac       0x34 C:\Program Files (x86)\Cypress\PSoC Creator\3.2\PSoC Creator\psoc\content\cycomponentlibrary\CyComponentLibrary.cylib\BLE_v2_10\Library\gccCyBLEStack_BLE_SOC_PERIPHERAL.a(mint_os.o)
                0x000029ac                mintos_malloc

i.OS_create_queue
                0x000029e0       0x64
 i.OS_create_queue
                0x000029e0       0x64 C:\Program Files (x86)\Cypress\PSoC Creator\3.2\PSoC Creator\psoc\content\cycomponentlibrary\CyComponentLibrary.cylib\BLE_v2_10\Library\gccCyBLEStack_BLE_SOC_PERIPHERAL.a(mint_os_queue.o)
                0x000029e0                OS_create_queue

i.OS_enqueue_item
                0x00002a44       0x8c
 i.OS_enqueue_item
                0x00002a44       0x8c C:\Program Files (x86)\Cypress\PSoC Creator\3.2\PSoC Creator\psoc\content\cycomponentlibrary\CyComponentLibrary.cylib\BLE_v2_10\Library\gccCyBLEStack_BLE_SOC_PERIPHERAL.a(mint_os_queue.o)
                0x00002a44                OS_enqueue_item

i.OS_queue_get_num_of_items
                0x00002ad0       0x28
 i.OS_queue_get_num_of_items
                0x00002ad0       0x28 C:\Program Files (x86)\Cypress\PSoC Creator\3.2\PSoC Creator\psoc\content\cycomponentlibrary\CyComponentLibrary.cylib\BLE_v2_10\Library\gccCyBLEStack_BLE_SOC_PERIPHERAL.a(mint_os_queue.o)
                0x00002ad0                OS_queue_get_num_of_items

i.OS_queue_mgmt_init
                0x00002af8       0x40
 i.OS_queue_mgmt_init
                0x00002af8       0x40 C:\Program Files (x86)\Cypress\PSoC Creator\3.2\PSoC Creator\psoc\content\cycomponentlibrary\CyComponentLibrary.cylib\BLE_v2_10\Library\gccCyBLEStack_BLE_SOC_PERIPHERAL.a(mint_os_queue.o)
                0x00002af8                OS_queue_mgmt_init

i.OS_remove_item
                0x00002b38       0xa0
 i.OS_remove_item
                0x00002b38       0xa0 C:\Program Files (x86)\Cypress\PSoC Creator\3.2\PSoC Creator\psoc\content\cycomponentlibrary\CyComponentLibrary.cylib\BLE_v2_10\Library\gccCyBLEStack_BLE_SOC_PERIPHERAL.a(mint_os_queue.o)
                0x00002b38                OS_remove_item

i.OS_create_task
                0x00002bd8       0x88
 i.OS_create_task
                0x00002bd8       0x88 C:\Program Files (x86)\Cypress\PSoC Creator\3.2\PSoC Creator\psoc\content\cycomponentlibrary\CyComponentLibrary.cylib\BLE_v2_10\Library\gccCyBLEStack_BLE_SOC_PERIPHERAL.a(mint_os_task.o)
                0x00002bd8                OS_create_task

i.OS_isr_send_signal_to_task
                0x00002c60        0xc
 i.OS_isr_send_signal_to_task
                0x00002c60        0xc C:\Program Files (x86)\Cypress\PSoC Creator\3.2\PSoC Creator\psoc\content\cycomponentlibrary\CyComponentLibrary.cylib\BLE_v2_10\Library\gccCyBLEStack_BLE_SOC_PERIPHERAL.a(mint_os_task.o)
                0x00002c60                OS_isr_send_signal_to_task

i.OS_scheduler  0x00002c6c       0x64
 i.OS_scheduler
                0x00002c6c       0x64 C:\Program Files (x86)\Cypress\PSoC Creator\3.2\PSoC Creator\psoc\content\cycomponentlibrary\CyComponentLibrary.cylib\BLE_v2_10\Library\gccCyBLEStack_BLE_SOC_PERIPHERAL.a(mint_os_task.o)
                0x00002c6c                OS_scheduler

i.OS_send_signal_to_task
                0x00002cd0        0xc
 i.OS_send_signal_to_task
                0x00002cd0        0xc C:\Program Files (x86)\Cypress\PSoC Creator\3.2\PSoC Creator\psoc\content\cycomponentlibrary\CyComponentLibrary.cylib\BLE_v2_10\Library\gccCyBLEStack_BLE_SOC_PERIPHERAL.a(mint_os_task.o)
                0x00002cd0                OS_send_signal_to_task

i.OS_send_signal_to_task_context
                0x00002cdc       0x3c
 i.OS_send_signal_to_task_context
                0x00002cdc       0x3c C:\Program Files (x86)\Cypress\PSoC Creator\3.2\PSoC Creator\psoc\content\cycomponentlibrary\CyComponentLibrary.cylib\BLE_v2_10\Library\gccCyBLEStack_BLE_SOC_PERIPHERAL.a(mint_os_task.o)

i.OS_task_mgmt_init
                0x00002d18       0x50
 i.OS_task_mgmt_init
                0x00002d18       0x50 C:\Program Files (x86)\Cypress\PSoC Creator\3.2\PSoC Creator\psoc\content\cycomponentlibrary\CyComponentLibrary.cylib\BLE_v2_10\Library\gccCyBLEStack_BLE_SOC_PERIPHERAL.a(mint_os_task.o)
                0x00002d18                OS_task_mgmt_init

i.mint_buf_mgmt_allocate_buffer
                0x00002d68       0x4c
 i.mint_buf_mgmt_allocate_buffer
                0x00002d68       0x4c C:\Program Files (x86)\Cypress\PSoC Creator\3.2\PSoC Creator\psoc\content\cycomponentlibrary\CyComponentLibrary.cylib\BLE_v2_10\Library\gccCyBLEStack_BLE_SOC_PERIPHERAL.a(mint_buf_mgmt.o)
                0x00002d68                mint_buf_mgmt_allocate_buffer

i.mint_buf_mgmt_create_pool
                0x00002db4       0xd0
 i.mint_buf_mgmt_create_pool
                0x00002db4       0xd0 C:\Program Files (x86)\Cypress\PSoC Creator\3.2\PSoC Creator\psoc\content\cycomponentlibrary\CyComponentLibrary.cylib\BLE_v2_10\Library\gccCyBLEStack_BLE_SOC_PERIPHERAL.a(mint_buf_mgmt.o)
                0x00002db4                mint_buf_mgmt_create_pool

i.mint_buf_mgmt_free_buffer
                0x00002e84       0xa4
 i.mint_buf_mgmt_free_buffer
                0x00002e84       0xa4 C:\Program Files (x86)\Cypress\PSoC Creator\3.2\PSoC Creator\psoc\content\cycomponentlibrary\CyComponentLibrary.cylib\BLE_v2_10\Library\gccCyBLEStack_BLE_SOC_PERIPHERAL.a(mint_buf_mgmt.o)
                0x00002e84                mint_buf_mgmt_free_buffer

i.mint_buf_mgmt_init
                0x00002f28       0x44
 i.mint_buf_mgmt_init
                0x00002f28       0x44 C:\Program Files (x86)\Cypress\PSoC Creator\3.2\PSoC Creator\psoc\content\cycomponentlibrary\CyComponentLibrary.cylib\BLE_v2_10\Library\gccCyBLEStack_BLE_SOC_PERIPHERAL.a(mint_buf_mgmt.o)
                0x00002f28                mint_buf_mgmt_init

i.mint_buf_mgmt_malloc
                0x00002f6c       0x2c
 i.mint_buf_mgmt_malloc
                0x00002f6c       0x2c C:\Program Files (x86)\Cypress\PSoC Creator\3.2\PSoC Creator\psoc\content\cycomponentlibrary\CyComponentLibrary.cylib\BLE_v2_10\Library\gccCyBLEStack_BLE_SOC_PERIPHERAL.a(mint_buf_mgmt.o)
                0x00002f6c                mint_buf_mgmt_malloc

i.mint_buf_mgmt_pl_init
                0x00002f98       0x48
 i.mint_buf_mgmt_pl_init
                0x00002f98       0x48 C:\Program Files (x86)\Cypress\PSoC Creator\3.2\PSoC Creator\psoc\content\cycomponentlibrary\CyComponentLibrary.cylib\BLE_v2_10\Library\gccCyBLEStack_BLE_SOC_PERIPHERAL.a(mint_buf_mgmt.o)
                0x00002f98                mint_buf_mgmt_pl_init

i.mint_buf_mgmt_reset_pool
                0x00002fe0       0x70
 i.mint_buf_mgmt_reset_pool
                0x00002fe0       0x70 C:\Program Files (x86)\Cypress\PSoC Creator\3.2\PSoC Creator\psoc\content\cycomponentlibrary\CyComponentLibrary.cylib\BLE_v2_10\Library\gccCyBLEStack_BLE_SOC_PERIPHERAL.a(mint_buf_mgmt.o)
                0x00002fe0                mint_buf_mgmt_reset_pool

i.mint_buf_mgmt_stack_init
                0x00003050       0x24
 i.mint_buf_mgmt_stack_init
                0x00003050       0x24 C:\Program Files (x86)\Cypress\PSoC Creator\3.2\PSoC Creator\psoc\content\cycomponentlibrary\CyComponentLibrary.cylib\BLE_v2_10\Library\gccCyBLEStack_BLE_SOC_PERIPHERAL.a(mint_buf_mgmt.o)
                0x00003050                mint_buf_mgmt_stack_init

i.mint_buf_mgmt_stack_pop
                0x00003074       0x36
 i.mint_buf_mgmt_stack_pop
                0x00003074       0x36 C:\Program Files (x86)\Cypress\PSoC Creator\3.2\PSoC Creator\psoc\content\cycomponentlibrary\CyComponentLibrary.cylib\BLE_v2_10\Library\gccCyBLEStack_BLE_SOC_PERIPHERAL.a(mint_buf_mgmt.o)
                0x00003074                mint_buf_mgmt_stack_pop

i.mint_buf_mgmt_stack_push
                0x000030aa       0x36
 i.mint_buf_mgmt_stack_push
                0x000030aa       0x36 C:\Program Files (x86)\Cypress\PSoC Creator\3.2\PSoC Creator\psoc\content\cycomponentlibrary\CyComponentLibrary.cylib\BLE_v2_10\Library\gccCyBLEStack_BLE_SOC_PERIPHERAL.a(mint_buf_mgmt.o)
                0x000030aa                mint_buf_mgmt_stack_push

i.mint_buf_mgmt_stack_reset
                0x000030e0       0x1e
 i.mint_buf_mgmt_stack_reset
                0x000030e0       0x1e C:\Program Files (x86)\Cypress\PSoC Creator\3.2\PSoC Creator\psoc\content\cycomponentlibrary\CyComponentLibrary.cylib\BLE_v2_10\Library\gccCyBLEStack_BLE_SOC_PERIPHERAL.a(mint_buf_mgmt.o)
                0x000030e0                mint_buf_mgmt_stack_reset

i.mint_buf_mgmt_stack_search_item
                0x000030fe       0x30
 i.mint_buf_mgmt_stack_search_item
                0x000030fe       0x30 C:\Program Files (x86)\Cypress\PSoC Creator\3.2\PSoC Creator\psoc\content\cycomponentlibrary\CyComponentLibrary.cylib\BLE_v2_10\Library\gccCyBLEStack_BLE_SOC_PERIPHERAL.a(mint_buf_mgmt.o)
                0x000030fe                mint_buf_mgmt_stack_search_item

i.CyBleControllerIP_GetPingState
                0x00003130        0xc
 i.CyBleControllerIP_GetPingState
                0x00003130        0xc C:\Program Files (x86)\Cypress\PSoC Creator\3.2\PSoC Creator\psoc\content\cycomponentlibrary\CyComponentLibrary.cylib\BLE_v2_10\Library\gccCyBLEStack_BLE_SOC_PERIPHERAL.a(CyBleControllerIP_Interface.o)
                0x00003130                CyBleControllerIP_GetPingState

i.CyBleController_AddDeviceToWhiteList
                0x0000313c       0x40
 i.CyBleController_AddDeviceToWhiteList
                0x0000313c       0x40 C:\Program Files (x86)\Cypress\PSoC Creator\3.2\PSoC Creator\psoc\content\cycomponentlibrary\CyComponentLibrary.cylib\BLE_v2_10\Library\gccCyBLEStack_BLE_SOC_PERIPHERAL.a(CyBleControllerIP_Interface.o)
                0x0000313c                CyBleController_AddDeviceToWhiteList

i.CyBleController_ExitLowPowerMode
                0x0000317c       0x10
 i.CyBleController_ExitLowPowerMode
                0x0000317c       0x10 C:\Program Files (x86)\Cypress\PSoC Creator\3.2\PSoC Creator\psoc\content\cycomponentlibrary\CyComponentLibrary.cylib\BLE_v2_10\Library\gccCyBLEStack_BLE_SOC_PERIPHERAL.a(CyBleControllerIP_Interface.o)
                0x0000317c                CyBleController_ExitLowPowerMode

i.CyBleController_Init
                0x0000318c       0x32
 i.CyBleController_Init
                0x0000318c       0x32 C:\Program Files (x86)\Cypress\PSoC Creator\3.2\PSoC Creator\psoc\content\cycomponentlibrary\CyComponentLibrary.cylib\BLE_v2_10\Library\gccCyBLEStack_BLE_SOC_PERIPHERAL.a(CyBleControllerIP_Interface.o)
                0x0000318c                CyBleController_Init

i.CyBleController_RemoveDeviceFromWhiteList
                0x000031be       0x38
 i.CyBleController_RemoveDeviceFromWhiteList
                0x000031be       0x38 C:\Program Files (x86)\Cypress\PSoC Creator\3.2\PSoC Creator\psoc\content\cycomponentlibrary\CyComponentLibrary.cylib\BLE_v2_10\Library\gccCyBLEStack_BLE_SOC_PERIPHERAL.a(CyBleControllerIP_Interface.o)
                0x000031be                CyBleController_RemoveDeviceFromWhiteList

i.CyBleController_SetDeviceAddress
                0x000031f6       0x2e
 i.CyBleController_SetDeviceAddress
                0x000031f6       0x2e C:\Program Files (x86)\Cypress\PSoC Creator\3.2\PSoC Creator\psoc\content\cycomponentlibrary\CyComponentLibrary.cylib\BLE_v2_10\Library\gccCyBLEStack_BLE_SOC_PERIPHERAL.a(CyBleControllerIP_Interface.o)
                0x000031f6                CyBleController_SetDeviceAddress

i.CyBle_AesEncrypt
                0x00003224       0x5c
 i.CyBle_AesEncrypt
                0x00003224       0x5c C:\Program Files (x86)\Cypress\PSoC Creator\3.2\PSoC Creator\psoc\content\cycomponentlibrary\CyComponentLibrary.cylib\BLE_v2_10\Library\gccCyBLEStack_BLE_SOC_PERIPHERAL.a(CyBleControllerIP_Interface.o)
                0x00003224                CyBle_AesEncrypt

i.CyBle_GetTxPowerLevel
                0x00003280       0x4e
 i.CyBle_GetTxPowerLevel
                0x00003280       0x4e C:\Program Files (x86)\Cypress\PSoC Creator\3.2\PSoC Creator\psoc\content\cycomponentlibrary\CyComponentLibrary.cylib\BLE_v2_10\Library\gccCyBLEStack_BLE_SOC_PERIPHERAL.a(CyBleControllerIP_Interface.o)
                0x00003280                CyBle_GetTxPowerLevel

i.CyBle_SetTxPowerLevel
                0x000032ce       0x56
 i.CyBle_SetTxPowerLevel
                0x000032ce       0x56 C:\Program Files (x86)\Cypress\PSoC Creator\3.2\PSoC Creator\psoc\content\cycomponentlibrary\CyComponentLibrary.cylib\BLE_v2_10\Library\gccCyBLEStack_BLE_SOC_PERIPHERAL.a(CyBleControllerIP_Interface.o)
                0x000032ce                CyBle_SetTxPowerLevel

i.CyBle_isFlashWriteAllowed
                0x00003324       0x34
 i.CyBle_isFlashWriteAllowed
                0x00003324       0x34 C:\Program Files (x86)\Cypress\PSoC Creator\3.2\PSoC Creator\psoc\content\cycomponentlibrary\CyComponentLibrary.cylib\BLE_v2_10\Library\gccCyBLEStack_BLE_SOC_PERIPHERAL.a(CyBleControllerIP_Interface.o)
                0x00003324                CyBle_isFlashWriteAllowed

i.ll_check_and_mark_packet_ready_for_transmission
                0x00003358       0x28
 i.ll_check_and_mark_packet_ready_for_transmission
                0x00003358       0x28 C:\Program Files (x86)\Cypress\PSoC Creator\3.2\PSoC Creator\psoc\content\cycomponentlibrary\CyComponentLibrary.cylib\BLE_v2_10\Library\gccCyBLEStack_BLE_SOC_PERIPHERAL.a(ll.o)
                0x00003358                ll_check_and_mark_packet_ready_for_transmission

i.ll_cleanup_pending_data_pdu
                0x00003380       0x38
 i.ll_cleanup_pending_data_pdu
                0x00003380       0x38 C:\Program Files (x86)\Cypress\PSoC Creator\3.2\PSoC Creator\psoc\content\cycomponentlibrary\CyComponentLibrary.cylib\BLE_v2_10\Library\gccCyBLEStack_BLE_SOC_PERIPHERAL.a(ll.o)
                0x00003380                ll_cleanup_pending_data_pdu

i.ll_exit_low_power_mode
                0x000033b8       0xac
 i.ll_exit_low_power_mode
                0x000033b8       0xac C:\Program Files (x86)\Cypress\PSoC Creator\3.2\PSoC Creator\psoc\content\cycomponentlibrary\CyComponentLibrary.cylib\BLE_v2_10\Library\gccCyBLEStack_BLE_SOC_PERIPHERAL.a(ll.o)
                0x000033b8                ll_exit_low_power_mode

i.ll_get_ack_status
                0x00003464       0x3c
 i.ll_get_ack_status
                0x00003464       0x3c C:\Program Files (x86)\Cypress\PSoC Creator\3.2\PSoC Creator\psoc\content\cycomponentlibrary\CyComponentLibrary.cylib\BLE_v2_10\Library\gccCyBLEStack_BLE_SOC_PERIPHERAL.a(ll.o)
                0x00003464                ll_get_ack_status

i.ll_get_adv_ch_tx_power
                0x000034a0       0x20
 i.ll_get_adv_ch_tx_power
                0x000034a0       0x20 C:\Program Files (x86)\Cypress\PSoC Creator\3.2\PSoC Creator\psoc\content\cycomponentlibrary\CyComponentLibrary.cylib\BLE_v2_10\Library\gccCyBLEStack_BLE_SOC_PERIPHERAL.a(ll.o)
                0x000034a0                ll_get_adv_ch_tx_power

i.ll_get_data_channel_map
                0x000034c0       0x24
 i.ll_get_data_channel_map
                0x000034c0       0x24 C:\Program Files (x86)\Cypress\PSoC Creator\3.2\PSoC Creator\psoc\content\cycomponentlibrary\CyComponentLibrary.cylib\BLE_v2_10\Library\gccCyBLEStack_BLE_SOC_PERIPHERAL.a(ll.o)
                0x000034c0                ll_get_data_channel_map

i.ll_get_max_white_list_size
                0x000034e4        0xc
 i.ll_get_max_white_list_size
                0x000034e4        0xc C:\Program Files (x86)\Cypress\PSoC Creator\3.2\PSoC Creator\psoc\content\cycomponentlibrary\CyComponentLibrary.cylib\BLE_v2_10\Library\gccCyBLEStack_BLE_SOC_PERIPHERAL.a(ll.o)
                0x000034e4                ll_get_max_white_list_size

i.ll_get_my_role
                0x000034f0        0xc
 i.ll_get_my_role
                0x000034f0        0xc C:\Program Files (x86)\Cypress\PSoC Creator\3.2\PSoC Creator\psoc\content\cycomponentlibrary\CyComponentLibrary.cylib\BLE_v2_10\Library\gccCyBLEStack_BLE_SOC_PERIPHERAL.a(ll.o)
                0x000034f0                ll_get_my_role

i.ll_get_next_available_fifo_for_data_pdu
                0x000034fc        0x8
 i.ll_get_next_available_fifo_for_data_pdu
                0x000034fc        0x8 C:\Program Files (x86)\Cypress\PSoC Creator\3.2\PSoC Creator\psoc\content\cycomponentlibrary\CyComponentLibrary.cylib\BLE_v2_10\Library\gccCyBLEStack_BLE_SOC_PERIPHERAL.a(ll.o)
                0x000034fc                ll_get_next_available_fifo_for_data_pdu

i.ll_get_next_available_fifo_for_ll_pdu
                0x00003504       0x24
 i.ll_get_next_available_fifo_for_ll_pdu
                0x00003504       0x24 C:\Program Files (x86)\Cypress\PSoC Creator\3.2\PSoC Creator\psoc\content\cycomponentlibrary\CyComponentLibrary.cylib\BLE_v2_10\Library\gccCyBLEStack_BLE_SOC_PERIPHERAL.a(ll.o)
                0x00003504                ll_get_next_available_fifo_for_ll_pdu

i.ll_get_rssi_value
                0x00003528       0x26
 i.ll_get_rssi_value
                0x00003528       0x26 C:\Program Files (x86)\Cypress\PSoC Creator\3.2\PSoC Creator\psoc\content\cycomponentlibrary\CyComponentLibrary.cylib\BLE_v2_10\Library\gccCyBLEStack_BLE_SOC_PERIPHERAL.a(ll.o)
                0x00003528                ll_get_rssi_value

i.ll_get_transmit_power_level
                0x00003550       0x2c
 i.ll_get_transmit_power_level
                0x00003550       0x2c C:\Program Files (x86)\Cypress\PSoC Creator\3.2\PSoC Creator\psoc\content\cycomponentlibrary\CyComponentLibrary.cylib\BLE_v2_10\Library\gccCyBLEStack_BLE_SOC_PERIPHERAL.a(ll.o)
                0x00003550                ll_get_transmit_power_level

i.ll_handle_ack_received
                0x0000357c       0x74
 i.ll_handle_ack_received
                0x0000357c       0x74 C:\Program Files (x86)\Cypress\PSoC Creator\3.2\PSoC Creator\psoc\content\cycomponentlibrary\CyComponentLibrary.cylib\BLE_v2_10\Library\gccCyBLEStack_BLE_SOC_PERIPHERAL.a(ll.o)
                0x0000357c                ll_handle_ack_received

i.ll_handle_add_device_in_whitelist
                0x000035f0       0x3a
 i.ll_handle_add_device_in_whitelist
                0x000035f0       0x3a C:\Program Files (x86)\Cypress\PSoC Creator\3.2\PSoC Creator\psoc\content\cycomponentlibrary\CyComponentLibrary.cylib\BLE_v2_10\Library\gccCyBLEStack_BLE_SOC_PERIPHERAL.a(ll.o)
                0x000035f0                ll_handle_add_device_in_whitelist

i.ll_handle_clear_whitelist
                0x0000362a       0x16
 i.ll_handle_clear_whitelist
                0x0000362a       0x16 C:\Program Files (x86)\Cypress\PSoC Creator\3.2\PSoC Creator\psoc\content\cycomponentlibrary\CyComponentLibrary.cylib\BLE_v2_10\Library\gccCyBLEStack_BLE_SOC_PERIPHERAL.a(ll.o)
                0x0000362a                ll_handle_clear_whitelist

i.ll_handle_encrypt_host_data
                0x00003640       0x36
 i.ll_handle_encrypt_host_data
                0x00003640       0x36 C:\Program Files (x86)\Cypress\PSoC Creator\3.2\PSoC Creator\psoc\content\cycomponentlibrary\CyComponentLibrary.cylib\BLE_v2_10\Library\gccCyBLEStack_BLE_SOC_PERIPHERAL.a(ll.o)
                0x00003640                ll_handle_encrypt_host_data

i.ll_handle_host_data_packet
                0x00003676       0x54
 i.ll_handle_host_data_packet
                0x00003676       0x54 C:\Program Files (x86)\Cypress\PSoC Creator\3.2\PSoC Creator\psoc\content\cycomponentlibrary\CyComponentLibrary.cylib\BLE_v2_10\Library\gccCyBLEStack_BLE_SOC_PERIPHERAL.a(ll.o)
                0x00003676                ll_handle_host_data_packet

i.ll_handle_read_host_channel_map
                0x000036ca        0x4
 i.ll_handle_read_host_channel_map
                0x000036ca        0x4 C:\Program Files (x86)\Cypress\PSoC Creator\3.2\PSoC Creator\psoc\content\cycomponentlibrary\CyComponentLibrary.cylib\BLE_v2_10\Library\gccCyBLEStack_BLE_SOC_PERIPHERAL.a(ll.o)
                0x000036ca                ll_handle_read_host_channel_map

i.ll_handle_remove_device_in_whitelist
                0x000036ce       0x2a
 i.ll_handle_remove_device_in_whitelist
                0x000036ce       0x2a C:\Program Files (x86)\Cypress\PSoC Creator\3.2\PSoC Creator\psoc\content\cycomponentlibrary\CyComponentLibrary.cylib\BLE_v2_10\Library\gccCyBLEStack_BLE_SOC_PERIPHERAL.a(ll.o)
                0x000036ce                ll_handle_remove_device_in_whitelist

i.ll_handle_reset
                0x000036f8        0xe
 i.ll_handle_reset
                0x000036f8        0xe C:\Program Files (x86)\Cypress\PSoC Creator\3.2\PSoC Creator\psoc\content\cycomponentlibrary\CyComponentLibrary.cylib\BLE_v2_10\Library\gccCyBLEStack_BLE_SOC_PERIPHERAL.a(ll.o)
                0x000036f8                ll_handle_reset

i.ll_handle_set_random_address
                0x00003706       0x36
 i.ll_handle_set_random_address
                0x00003706       0x36 C:\Program Files (x86)\Cypress\PSoC Creator\3.2\PSoC Creator\psoc\content\cycomponentlibrary\CyComponentLibrary.cylib\BLE_v2_10\Library\gccCyBLEStack_BLE_SOC_PERIPHERAL.a(ll.o)
                0x00003706                ll_handle_set_random_address

i.ll_init       0x0000373c       0x18
 i.ll_init      0x0000373c       0x18 C:\Program Files (x86)\Cypress\PSoC Creator\3.2\PSoC Creator\psoc\content\cycomponentlibrary\CyComponentLibrary.cylib\BLE_v2_10\Library\gccCyBLEStack_BLE_SOC_PERIPHERAL.a(ll.o)
                0x0000373c                ll_init

i.ll_initialize_device_attributes
                0x00003754       0x4c
 i.ll_initialize_device_attributes
                0x00003754       0x4c C:\Program Files (x86)\Cypress\PSoC Creator\3.2\PSoC Creator\psoc\content\cycomponentlibrary\CyComponentLibrary.cylib\BLE_v2_10\Library\gccCyBLEStack_BLE_SOC_PERIPHERAL.a(ll.o)
                0x00003754                ll_initialize_device_attributes

i.ll_is_pkt_pending
                0x000037a0       0x2a
 i.ll_is_pkt_pending
                0x000037a0       0x2a C:\Program Files (x86)\Cypress\PSoC Creator\3.2\PSoC Creator\psoc\content\cycomponentlibrary\CyComponentLibrary.cylib\BLE_v2_10\Library\gccCyBLEStack_BLE_SOC_PERIPHERAL.a(ll.o)
                0x000037a0                ll_is_pkt_pending

i.ll_is_sent_pkt_pending
                0x000037ca       0x1a
 i.ll_is_sent_pkt_pending
                0x000037ca       0x1a C:\Program Files (x86)\Cypress\PSoC Creator\3.2\PSoC Creator\psoc\content\cycomponentlibrary\CyComponentLibrary.cylib\BLE_v2_10\Library\gccCyBLEStack_BLE_SOC_PERIPHERAL.a(ll.o)
                0x000037ca                ll_is_sent_pkt_pending

i.ll_isr_exit_low_power_mode
                0x000037e4       0x16
 i.ll_isr_exit_low_power_mode
                0x000037e4       0x16 C:\Program Files (x86)\Cypress\PSoC Creator\3.2\PSoC Creator\psoc\content\cycomponentlibrary\CyComponentLibrary.cylib\BLE_v2_10\Library\gccCyBLEStack_BLE_SOC_PERIPHERAL.a(ll.o)
                0x000037e4                ll_isr_exit_low_power_mode

i.ll_load_host_data_packet
                0x000037fa       0x4a
 i.ll_load_host_data_packet
                0x000037fa       0x4a C:\Program Files (x86)\Cypress\PSoC Creator\3.2\PSoC Creator\psoc\content\cycomponentlibrary\CyComponentLibrary.cylib\BLE_v2_10\Library\gccCyBLEStack_BLE_SOC_PERIPHERAL.a(ll.o)
                0x000037fa                ll_load_host_data_packet

i.ll_load_packet_to_fifo
                0x00003844       0x6e
 i.ll_load_packet_to_fifo
                0x00003844       0x6e C:\Program Files (x86)\Cypress\PSoC Creator\3.2\PSoC Creator\psoc\content\cycomponentlibrary\CyComponentLibrary.cylib\BLE_v2_10\Library\gccCyBLEStack_BLE_SOC_PERIPHERAL.a(ll.o)
                0x00003844                ll_load_packet_to_fifo

i.ll_process_acks
                0x000038b2       0x3c
 i.ll_process_acks
                0x000038b2       0x3c C:\Program Files (x86)\Cypress\PSoC Creator\3.2\PSoC Creator\psoc\content\cycomponentlibrary\CyComponentLibrary.cylib\BLE_v2_10\Library\gccCyBLEStack_BLE_SOC_PERIPHERAL.a(ll.o)
                0x000038b2                ll_process_acks

i.ll_reset      0x000038ee       0x12
 i.ll_reset     0x000038ee       0x12 C:\Program Files (x86)\Cypress\PSoC Creator\3.2\PSoC Creator\psoc\content\cycomponentlibrary\CyComponentLibrary.cylib\BLE_v2_10\Library\gccCyBLEStack_BLE_SOC_PERIPHERAL.a(ll.o)
                0x000038ee                ll_reset

i.ll_update_active_features
                0x00003900       0x58
 i.ll_update_active_features
                0x00003900       0x58 C:\Program Files (x86)\Cypress\PSoC Creator\3.2\PSoC Creator\psoc\content\cycomponentlibrary\CyComponentLibrary.cylib\BLE_v2_10\Library\gccCyBLEStack_BLE_SOC_PERIPHERAL.a(ll.o)
                0x00003900                ll_update_active_features

i.ll_update_device_fsm
                0x00003958        0x8
 i.ll_update_device_fsm
                0x00003958        0x8 C:\Program Files (x86)\Cypress\PSoC Creator\3.2\PSoC Creator\psoc\content\cycomponentlibrary\CyComponentLibrary.cylib\BLE_v2_10\Library\gccCyBLEStack_BLE_SOC_PERIPHERAL.a(ll.o)
                0x00003958                ll_update_device_fsm

i.pf_le_start_timer
                0x00003960       0x16
 i.pf_le_start_timer
                0x00003960       0x16 C:\Program Files (x86)\Cypress\PSoC Creator\3.2\PSoC Creator\psoc\content\cycomponentlibrary\CyComponentLibrary.cylib\BLE_v2_10\Library\gccCyBLEStack_BLE_SOC_PERIPHERAL.a(ll.o)
                0x00003960                pf_le_start_timer

i.pf_le_stop_timer
                0x00003976       0x12
 i.pf_le_stop_timer
                0x00003976       0x12 C:\Program Files (x86)\Cypress\PSoC Creator\3.2\PSoC Creator\psoc\content\cycomponentlibrary\CyComponentLibrary.cylib\BLE_v2_10\Library\gccCyBLEStack_BLE_SOC_PERIPHERAL.a(ll.o)
                0x00003976                pf_le_stop_timer

i.CyBleControllerIP_TuneAdvEventInterPktSlots
                0x00003988       0x44
 i.CyBleControllerIP_TuneAdvEventInterPktSlots
                0x00003988       0x44 C:\Program Files (x86)\Cypress\PSoC Creator\3.2\PSoC Creator\psoc\content\cycomponentlibrary\CyComponentLibrary.cylib\BLE_v2_10\Library\gccCyBLEStack_BLE_SOC_PERIPHERAL.a(ll_advertiser.o)
                0x00003988                CyBleControllerIP_TuneAdvEventInterPktSlots

i.ll_adv_is_configured_connection_adv
                0x000039cc       0x1e
 i.ll_adv_is_configured_connection_adv
                0x000039cc       0x1e C:\Program Files (x86)\Cypress\PSoC Creator\3.2\PSoC Creator\psoc\content\cycomponentlibrary\CyComponentLibrary.cylib\BLE_v2_10\Library\gccCyBLEStack_BLE_SOC_PERIPHERAL.a(ll_advertiser.o)
                0x000039cc                ll_adv_is_configured_connection_adv

i.ll_check_random_address_in_use_by_advertiser
                0x000039ea       0x10
 i.ll_check_random_address_in_use_by_advertiser
                0x000039ea       0x10 C:\Program Files (x86)\Cypress\PSoC Creator\3.2\PSoC Creator\psoc\content\cycomponentlibrary\CyComponentLibrary.cylib\BLE_v2_10\Library\gccCyBLEStack_BLE_SOC_PERIPHERAL.a(ll_advertiser.o)
                0x000039ea                ll_check_random_address_in_use_by_advertiser

i.ll_check_whitelist_in_use_by_advertiser
                0x000039fa       0x10
 i.ll_check_whitelist_in_use_by_advertiser
                0x000039fa       0x10 C:\Program Files (x86)\Cypress\PSoC Creator\3.2\PSoC Creator\psoc\content\cycomponentlibrary\CyComponentLibrary.cylib\BLE_v2_10\Library\gccCyBLEStack_BLE_SOC_PERIPHERAL.a(ll_advertiser.o)
                0x000039fa                ll_check_whitelist_in_use_by_advertiser

i.ll_get_adv_status
                0x00003a0a        0xc
 i.ll_get_adv_status
                0x00003a0a        0xc C:\Program Files (x86)\Cypress\PSoC Creator\3.2\PSoC Creator\psoc\content\cycomponentlibrary\CyComponentLibrary.cylib\BLE_v2_10\Library\gccCyBLEStack_BLE_SOC_PERIPHERAL.a(ll_advertiser.o)
                0x00003a0a                ll_get_adv_status

i.ll_get_adv_type
                0x00003a16       0x16
 i.ll_get_adv_type
                0x00003a16       0x16 C:\Program Files (x86)\Cypress\PSoC Creator\3.2\PSoC Creator\psoc\content\cycomponentlibrary\CyComponentLibrary.cylib\BLE_v2_10\Library\gccCyBLEStack_BLE_SOC_PERIPHERAL.a(ll_advertiser.o)
                0x00003a16                ll_get_adv_type

i.ll_handle_adv_intr
                0x00003a2c       0x50
 i.ll_handle_adv_intr
                0x00003a2c       0x50 C:\Program Files (x86)\Cypress\PSoC Creator\3.2\PSoC Creator\psoc\content\cycomponentlibrary\CyComponentLibrary.cylib\BLE_v2_10\Library\gccCyBLEStack_BLE_SOC_PERIPHERAL.a(ll_advertiser.o)
                0x00003a2c                ll_handle_adv_intr

i.ll_handle_set_adv_data
                0x00003a7c       0x14
 i.ll_handle_set_adv_data
                0x00003a7c       0x14 C:\Program Files (x86)\Cypress\PSoC Creator\3.2\PSoC Creator\psoc\content\cycomponentlibrary\CyComponentLibrary.cylib\BLE_v2_10\Library\gccCyBLEStack_BLE_SOC_PERIPHERAL.a(ll_advertiser.o)
                0x00003a7c                ll_handle_set_adv_data

i.ll_handle_set_adv_parameters
                0x00003a90       0x84
 i.ll_handle_set_adv_parameters
                0x00003a90       0x84 C:\Program Files (x86)\Cypress\PSoC Creator\3.2\PSoC Creator\psoc\content\cycomponentlibrary\CyComponentLibrary.cylib\BLE_v2_10\Library\gccCyBLEStack_BLE_SOC_PERIPHERAL.a(ll_advertiser.o)
                0x00003a90                ll_handle_set_adv_parameters

i.ll_handle_set_advertise_enable
                0x00003b14       0x70
 i.ll_handle_set_advertise_enable
                0x00003b14       0x70 C:\Program Files (x86)\Cypress\PSoC Creator\3.2\PSoC Creator\psoc\content\cycomponentlibrary\CyComponentLibrary.cylib\BLE_v2_10\Library\gccCyBLEStack_BLE_SOC_PERIPHERAL.a(ll_advertiser.o)
                0x00003b14                ll_handle_set_advertise_enable

i.ll_handle_set_scan_resp_data
                0x00003b84       0x14
 i.ll_handle_set_scan_resp_data
                0x00003b84       0x14 C:\Program Files (x86)\Cypress\PSoC Creator\3.2\PSoC Creator\psoc\content\cycomponentlibrary\CyComponentLibrary.cylib\BLE_v2_10\Library\gccCyBLEStack_BLE_SOC_PERIPHERAL.a(ll_advertiser.o)
                0x00003b84                ll_handle_set_scan_resp_data

i.ll_init_advertiser
                0x00003b98       0x68
 i.ll_init_advertiser
                0x00003b98       0x68 C:\Program Files (x86)\Cypress\PSoC Creator\3.2\PSoC Creator\psoc\content\cycomponentlibrary\CyComponentLibrary.cylib\BLE_v2_10\Library\gccCyBLEStack_BLE_SOC_PERIPHERAL.a(ll_advertiser.o)
                0x00003b98                ll_init_advertiser

i.is_le_connection_handle
                0x00003c00       0x28
 i.is_le_connection_handle
                0x00003c00       0x28 C:\Program Files (x86)\Cypress\PSoC Creator\3.2\PSoC Creator\psoc\content\cycomponentlibrary\CyComponentLibrary.cylib\BLE_v2_10\Library\gccCyBLEStack_BLE_SOC_PERIPHERAL.a(ll_connection.o)
                0x00003c00                is_le_connection_handle

i.le_assign_connection_handle
                0x00003c28       0x28
 i.le_assign_connection_handle
                0x00003c28       0x28 C:\Program Files (x86)\Cypress\PSoC Creator\3.2\PSoC Creator\psoc\content\cycomponentlibrary\CyComponentLibrary.cylib\BLE_v2_10\Library\gccCyBLEStack_BLE_SOC_PERIPHERAL.a(ll_connection.o)
                0x00003c28                le_assign_connection_handle

i.le_get_connection_index
                0x00003c50        0x6
 i.le_get_connection_index
                0x00003c50        0x6 C:\Program Files (x86)\Cypress\PSoC Creator\3.2\PSoC Creator\psoc\content\cycomponentlibrary\CyComponentLibrary.cylib\BLE_v2_10\Library\gccCyBLEStack_BLE_SOC_PERIPHERAL.a(ll_connection.o)
                0x00003c50                le_get_connection_index

i.ll_allocate_connection
                0x00003c58       0x44
 i.ll_allocate_connection
                0x00003c58       0x44 C:\Program Files (x86)\Cypress\PSoC Creator\3.2\PSoC Creator\psoc\content\cycomponentlibrary\CyComponentLibrary.cylib\BLE_v2_10\Library\gccCyBLEStack_BLE_SOC_PERIPHERAL.a(ll_connection.o)
                0x00003c58                ll_allocate_connection

i.ll_calculate_and_program_def_win_widen_drift
                0x00003c9c       0x14
 i.ll_calculate_and_program_def_win_widen_drift
                0x00003c9c       0x14 C:\Program Files (x86)\Cypress\PSoC Creator\3.2\PSoC Creator\psoc\content\cycomponentlibrary\CyComponentLibrary.cylib\BLE_v2_10\Library\gccCyBLEStack_BLE_SOC_PERIPHERAL.a(ll_connection.o)
                0x00003c9c                ll_calculate_and_program_def_win_widen_drift

i.ll_calculate_drift
                0x00003cb0       0x2c
 i.ll_calculate_drift
                0x00003cb0       0x2c C:\Program Files (x86)\Cypress\PSoC Creator\3.2\PSoC Creator\psoc\content\cycomponentlibrary\CyComponentLibrary.cylib\BLE_v2_10\Library\gccCyBLEStack_BLE_SOC_PERIPHERAL.a(ll_connection.o)
                0x00003cb0                ll_calculate_drift

i.ll_check_and_decrypt_ll_pdu
                0x00003cdc       0x68
 i.ll_check_and_decrypt_ll_pdu
                0x00003cdc       0x68 C:\Program Files (x86)\Cypress\PSoC Creator\3.2\PSoC Creator\psoc\content\cycomponentlibrary\CyComponentLibrary.cylib\BLE_v2_10\Library\gccCyBLEStack_BLE_SOC_PERIPHERAL.a(ll_connection.o)
                0x00003cdc                ll_check_and_decrypt_ll_pdu

i.ll_check_and_decrypt_packet
                0x00003d44       0x6a
 i.ll_check_and_decrypt_packet
                0x00003d44       0x6a C:\Program Files (x86)\Cypress\PSoC Creator\3.2\PSoC Creator\psoc\content\cycomponentlibrary\CyComponentLibrary.cylib\BLE_v2_10\Library\gccCyBLEStack_BLE_SOC_PERIPHERAL.a(ll_connection.o)
                0x00003d44                ll_check_and_decrypt_packet

i.ll_check_and_encrypt_ll_pdu
                0x00003dae       0x72
 i.ll_check_and_encrypt_ll_pdu
                0x00003dae       0x72 C:\Program Files (x86)\Cypress\PSoC Creator\3.2\PSoC Creator\psoc\content\cycomponentlibrary\CyComponentLibrary.cylib\BLE_v2_10\Library\gccCyBLEStack_BLE_SOC_PERIPHERAL.a(ll_connection.o)
                0x00003dae                ll_check_and_encrypt_ll_pdu

i.ll_check_and_encrypt_packet
                0x00003e20       0x8a
 i.ll_check_and_encrypt_packet
                0x00003e20       0x8a C:\Program Files (x86)\Cypress\PSoC Creator\3.2\PSoC Creator\psoc\content\cycomponentlibrary\CyComponentLibrary.cylib\BLE_v2_10\Library\gccCyBLEStack_BLE_SOC_PERIPHERAL.a(ll_connection.o)
                0x00003e20                ll_check_and_encrypt_packet

i.ll_check_for_allowing_incoming_connection_update
                0x00003eaa       0x42
 i.ll_check_for_allowing_incoming_connection_update
                0x00003eaa       0x42 C:\Program Files (x86)\Cypress\PSoC Creator\3.2\PSoC Creator\psoc\content\cycomponentlibrary\CyComponentLibrary.cylib\BLE_v2_10\Library\gccCyBLEStack_BLE_SOC_PERIPHERAL.a(ll_connection.o)
                0x00003eaa                ll_check_for_allowing_incoming_connection_update

i.ll_check_if_pdu_is_loaded_to_hardware
                0x00003eec       0x1c
 i.ll_check_if_pdu_is_loaded_to_hardware
                0x00003eec       0x1c C:\Program Files (x86)\Cypress\PSoC Creator\3.2\PSoC Creator\psoc\content\cycomponentlibrary\CyComponentLibrary.cylib\BLE_v2_10\Library\gccCyBLEStack_BLE_SOC_PERIPHERAL.a(ll_connection.o)
                0x00003eec                ll_check_if_pdu_is_loaded_to_hardware

i.ll_check_random_address_in_use_by_initiator
                0x00003f08       0x30
 i.ll_check_random_address_in_use_by_initiator
                0x00003f08       0x30 C:\Program Files (x86)\Cypress\PSoC Creator\3.2\PSoC Creator\psoc\content\cycomponentlibrary\CyComponentLibrary.cylib\BLE_v2_10\Library\gccCyBLEStack_BLE_SOC_PERIPHERAL.a(ll_connection.o)
                0x00003f08                ll_check_random_address_in_use_by_initiator

i.ll_check_white_list_in_use_by_initiator
                0x00003f38       0x30
 i.ll_check_white_list_in_use_by_initiator
                0x00003f38       0x30 C:\Program Files (x86)\Cypress\PSoC Creator\3.2\PSoC Creator\psoc\content\cycomponentlibrary\CyComponentLibrary.cylib\BLE_v2_10\Library\gccCyBLEStack_BLE_SOC_PERIPHERAL.a(ll_connection.o)
                0x00003f38                ll_check_white_list_in_use_by_initiator

i.ll_conn_free_enc_txn_buffer
                0x00003f68       0x16
 i.ll_conn_free_enc_txn_buffer
                0x00003f68       0x16 C:\Program Files (x86)\Cypress\PSoC Creator\3.2\PSoC Creator\psoc\content\cycomponentlibrary\CyComponentLibrary.cylib\BLE_v2_10\Library\gccCyBLEStack_BLE_SOC_PERIPHERAL.a(ll_connection.o)
                0x00003f68                ll_conn_free_enc_txn_buffer

i.ll_conn_fsm_update_channel_state
                0x00003f7e        0x6
 i.ll_conn_fsm_update_channel_state
                0x00003f7e        0x6 C:\Program Files (x86)\Cypress\PSoC Creator\3.2\PSoC Creator\psoc\content\cycomponentlibrary\CyComponentLibrary.cylib\BLE_v2_10\Library\gccCyBLEStack_BLE_SOC_PERIPHERAL.a(ll_connection.o)
                0x00003f7e                ll_conn_fsm_update_channel_state

i.ll_conn_fsm_update_conn_update_state
                0x00003f84        0x6
 i.ll_conn_fsm_update_conn_update_state
                0x00003f84        0x6 C:\Program Files (x86)\Cypress\PSoC Creator\3.2\PSoC Creator\psoc\content\cycomponentlibrary\CyComponentLibrary.cylib\BLE_v2_10\Library\gccCyBLEStack_BLE_SOC_PERIPHERAL.a(ll_connection.o)
                0x00003f84                ll_conn_fsm_update_conn_update_state

i.ll_conn_fsm_update_enc_state
                0x00003f8a        0x6
 i.ll_conn_fsm_update_enc_state
                0x00003f8a        0x6 C:\Program Files (x86)\Cypress\PSoC Creator\3.2\PSoC Creator\psoc\content\cycomponentlibrary\CyComponentLibrary.cylib\BLE_v2_10\Library\gccCyBLEStack_BLE_SOC_PERIPHERAL.a(ll_connection.o)
                0x00003f8a                ll_conn_fsm_update_enc_state

i.ll_conn_fsm_update_state
                0x00003f90        0x4
 i.ll_conn_fsm_update_state
                0x00003f90        0x4 C:\Program Files (x86)\Cypress\PSoC Creator\3.2\PSoC Creator\psoc\content\cycomponentlibrary\CyComponentLibrary.cylib\BLE_v2_10\Library\gccCyBLEStack_BLE_SOC_PERIPHERAL.a(ll_connection.o)
                0x00003f90                ll_conn_fsm_update_state

i.ll_conn_handle_data_pdu_from_host_when_data_paused
                0x00003f94        0x8
 i.ll_conn_handle_data_pdu_from_host_when_data_paused
                0x00003f94        0x8 C:\Program Files (x86)\Cypress\PSoC Creator\3.2\PSoC Creator\psoc\content\cycomponentlibrary\CyComponentLibrary.cylib\BLE_v2_10\Library\gccCyBLEStack_BLE_SOC_PERIPHERAL.a(ll_connection.o)
                0x00003f94                ll_conn_handle_data_pdu_from_host_when_data_paused

i.ll_conn_handle_direct_adv_timeout
                0x00003f9c       0x2a
 i.ll_conn_handle_direct_adv_timeout
                0x00003f9c       0x2a C:\Program Files (x86)\Cypress\PSoC Creator\3.2\PSoC Creator\psoc\content\cycomponentlibrary\CyComponentLibrary.cylib\BLE_v2_10\Library\gccCyBLEStack_BLE_SOC_PERIPHERAL.a(ll_connection.o)
                0x00003f9c                ll_conn_handle_direct_adv_timeout

i.ll_conn_handle_ping_timer_expired_interrupt
                0x00003fc8       0x1c
 i.ll_conn_handle_ping_timer_expired_interrupt
                0x00003fc8       0x1c C:\Program Files (x86)\Cypress\PSoC Creator\3.2\PSoC Creator\psoc\content\cycomponentlibrary\CyComponentLibrary.cylib\BLE_v2_10\Library\gccCyBLEStack_BLE_SOC_PERIPHERAL.a(ll_connection.o)
                0x00003fc8                ll_conn_handle_ping_timer_expired_interrupt

i.ll_conn_handle_ping_timer_nearly_expired_interrupt
                0x00003fe4       0x20
 i.ll_conn_handle_ping_timer_nearly_expired_interrupt
                0x00003fe4       0x20 C:\Program Files (x86)\Cypress\PSoC Creator\3.2\PSoC Creator\psoc\content\cycomponentlibrary\CyComponentLibrary.cylib\BLE_v2_10\Library\gccCyBLEStack_BLE_SOC_PERIPHERAL.a(ll_connection.o)
                0x00003fe4                ll_conn_handle_ping_timer_nearly_expired_interrupt

i.ll_conn_handle_stop_connectable_adv
                0x00004004       0x12
 i.ll_conn_handle_stop_connectable_adv
                0x00004004       0x12 C:\Program Files (x86)\Cypress\PSoC Creator\3.2\PSoC Creator\psoc\content\cycomponentlibrary\CyComponentLibrary.cylib\BLE_v2_10\Library\gccCyBLEStack_BLE_SOC_PERIPHERAL.a(ll_connection.o)
                0x00004004                ll_conn_handle_stop_connectable_adv

i.ll_conn_process_pending_transactions
                0x00004016        0x4
 i.ll_conn_process_pending_transactions