Archive member included because of file (symbol)

.\CortexM0\ARM_GCC_484\Debug\Datsun.a(cyfitter_cfg.o)
                              .\CortexM0\ARM_GCC_484\Debug\Cm0Start.o (cyfitter_cfg)
.\CortexM0\ARM_GCC_484\Debug\Datsun.a(CyBootAsmGnu.o)
                              .\CortexM0\ARM_GCC_484\Debug\Datsun.a(cyfitter_cfg.o) (CyDelayCycles)
.\CortexM0\ARM_GCC_484\Debug\Datsun.a(CyLib.o)
                              .\CortexM0\ARM_GCC_484\Debug\Datsun.a(cyfitter_cfg.o) (CySysClkWriteImoFreq)
.\CortexM0\ARM_GCC_484\Debug\Datsun.a(CyLFClk.o)
                              .\CortexM0\ARM_GCC_484\Debug\Datsun.a(cyfitter_cfg.o) (CySysClkWcoStart)
.\CortexM0\ARM_GCC_484\Debug\Datsun.a(LCD.o)
                              .\CortexM0\ARM_GCC_484\Debug\main.o (LCD_PrintString)
.\CortexM0\ARM_GCC_484\Debug\Datsun.a(PWM_1.o)
                              .\CortexM0\ARM_GCC_484\Debug\main.o (PWM_1_Start)
.\CortexM0\ARM_GCC_484\Debug\Datsun.a(PWM_2.o)
                              .\CortexM0\ARM_GCC_484\Debug\main.o (PWM_2_Start)
c:/program files (x86)/cypress/psoc creator/3.2/psoc creator/import/gnu/arm/4.8.4/bin/../lib/gcc/arm-none-eabi/4.8.4/armv6-m\libgcc.a(_udivsi3.o)
                              .\CortexM0\ARM_GCC_484\Debug\Datsun.a(CyLib.o) (__aeabi_uidiv)
c:/program files (x86)/cypress/psoc creator/3.2/psoc creator/import/gnu/arm/4.8.4/bin/../lib/gcc/arm-none-eabi/4.8.4/armv6-m\libgcc.a(_dvmd_tls.o)
                              c:/program files (x86)/cypress/psoc creator/3.2/psoc creator/import/gnu/arm/4.8.4/bin/../lib/gcc/arm-none-eabi/4.8.4/armv6-m\libgcc.a(_udivsi3.o) (__aeabi_idiv0)
c:/program files (x86)/cypress/psoc creator/3.2/psoc creator/import/gnu/arm/4.8.4/bin/../lib/gcc/arm-none-eabi/4.8.4/../../../../arm-none-eabi/lib/armv6-m\libg_s.a(lib_a-errno.o)
                              .\CortexM0\ARM_GCC_484\Debug\Cm0Start.o (__errno)
c:/program files (x86)/cypress/psoc creator/3.2/psoc creator/import/gnu/arm/4.8.4/bin/../lib/gcc/arm-none-eabi/4.8.4/../../../../arm-none-eabi/lib/armv6-m\libg_s.a(lib_a-exit.o)
                              c:/program files (x86)/cypress/psoc creator/3.2/psoc creator/import/gnu/arm/4.8.4/bin/../lib/gcc/arm-none-eabi/4.8.4/../../../../arm-none-eabi/lib/armv6-m/crt0.o (exit)
c:/program files (x86)/cypress/psoc creator/3.2/psoc creator/import/gnu/arm/4.8.4/bin/../lib/gcc/arm-none-eabi/4.8.4/../../../../arm-none-eabi/lib/armv6-m\libg_s.a(lib_a-impure.o)
                              c:/program files (x86)/cypress/psoc creator/3.2/psoc creator/import/gnu/arm/4.8.4/bin/../lib/gcc/arm-none-eabi/4.8.4/../../../../arm-none-eabi/lib/armv6-m\libg_s.a(lib_a-exit.o) (_global_impure_ptr)
c:/program files (x86)/cypress/psoc creator/3.2/psoc creator/import/gnu/arm/4.8.4/bin/../lib/gcc/arm-none-eabi/4.8.4/../../../../arm-none-eabi/lib/armv6-m\libg_s.a(lib_a-init.o)
                              c:/program files (x86)/cypress/psoc creator/3.2/psoc creator/import/gnu/arm/4.8.4/bin/../lib/gcc/arm-none-eabi/4.8.4/../../../../arm-none-eabi/lib/armv6-m/crt0.o (__libc_init_array)
c:/program files (x86)/cypress/psoc creator/3.2/psoc creator/import/gnu/arm/4.8.4/bin/../lib/gcc/arm-none-eabi/4.8.4/../../../../arm-none-eabi/lib/armv6-m\libg_s.a(lib_a-memset.o)
                              c:/program files (x86)/cypress/psoc creator/3.2/psoc creator/import/gnu/arm/4.8.4/bin/../lib/gcc/arm-none-eabi/4.8.4/../../../../arm-none-eabi/lib/armv6-m/crt0.o (memset)

Discarded input sections

 .text          0x00000000        0x0 c:/program files (x86)/cypress/psoc creator/3.2/psoc creator/import/gnu/arm/4.8.4/bin/../lib/gcc/arm-none-eabi/4.8.4/armv6-m/crti.o
 .data          0x00000000        0x0 c:/program files (x86)/cypress/psoc creator/3.2/psoc creator/import/gnu/arm/4.8.4/bin/../lib/gcc/arm-none-eabi/4.8.4/armv6-m/crti.o
 .bss           0x00000000        0x0 c:/program files (x86)/cypress/psoc creator/3.2/psoc creator/import/gnu/arm/4.8.4/bin/../lib/gcc/arm-none-eabi/4.8.4/armv6-m/crti.o
 .data          0x00000000        0x4 c:/program files (x86)/cypress/psoc creator/3.2/psoc creator/import/gnu/arm/4.8.4/bin/../lib/gcc/arm-none-eabi/4.8.4/armv6-m/crtbegin.o
 .text          0x00000000       0x78 c:/program files (x86)/cypress/psoc creator/3.2/psoc creator/import/gnu/arm/4.8.4/bin/../lib/gcc/arm-none-eabi/4.8.4/../../../../arm-none-eabi/lib/armv6-m/crt0.o
 .data          0x00000000        0x0 c:/program files (x86)/cypress/psoc creator/3.2/psoc creator/import/gnu/arm/4.8.4/bin/../lib/gcc/arm-none-eabi/4.8.4/../../../../arm-none-eabi/lib/armv6-m/crt0.o
 .bss           0x00000000        0x0 c:/program files (x86)/cypress/psoc creator/3.2/psoc creator/import/gnu/arm/4.8.4/bin/../lib/gcc/arm-none-eabi/4.8.4/../../../../arm-none-eabi/lib/armv6-m/crt0.o
 .ARM.extab     0x00000000        0x0 c:/program files (x86)/cypress/psoc creator/3.2/psoc creator/import/gnu/arm/4.8.4/bin/../lib/gcc/arm-none-eabi/4.8.4/../../../../arm-none-eabi/lib/armv6-m/crt0.o
 .ARM.exidx     0x00000000        0x8 c:/program files (x86)/cypress/psoc creator/3.2/psoc creator/import/gnu/arm/4.8.4/bin/../lib/gcc/arm-none-eabi/4.8.4/../../../../arm-none-eabi/lib/armv6-m/crt0.o
 .text          0x00000000        0x0 .\CortexM0\ARM_GCC_484\Debug\main.o
 .data          0x00000000        0x0 .\CortexM0\ARM_GCC_484\Debug\main.o
 .bss           0x00000000        0x0 .\CortexM0\ARM_GCC_484\Debug\main.o
 .text          0x00000000        0x0 .\CortexM0\ARM_GCC_484\Debug\cymetadata.o
 .data          0x00000000        0x0 .\CortexM0\ARM_GCC_484\Debug\cymetadata.o
 .bss           0x00000000        0x0 .\CortexM0\ARM_GCC_484\Debug\cymetadata.o
 .text          0x00000000        0x0 .\CortexM0\ARM_GCC_484\Debug\Cm0Start.o
 .data          0x00000000        0x4 .\CortexM0\ARM_GCC_484\Debug\Cm0Start.o
 .bss           0x00000000        0x0 .\CortexM0\ARM_GCC_484\Debug\Cm0Start.o
 .text._exit    0x00000000        0xc .\CortexM0\ARM_GCC_484\Debug\Cm0Start.o
 .text._sbrk    0x00000000       0x30 .\CortexM0\ARM_GCC_484\Debug\Cm0Start.o
 .text          0x00000000        0x0 .\CortexM0\ARM_GCC_484\Debug\Datsun.a(cyfitter_cfg.o)
 .data          0x00000000        0x0 .\CortexM0\ARM_GCC_484\Debug\Datsun.a(cyfitter_cfg.o)
 .bss           0x00000000        0x0 .\CortexM0\ARM_GCC_484\Debug\Datsun.a(cyfitter_cfg.o)
 .data          0x00000000        0x0 .\CortexM0\ARM_GCC_484\Debug\Datsun.a(CyBootAsmGnu.o)
 .bss           0x00000000        0x0 .\CortexM0\ARM_GCC_484\Debug\Datsun.a(CyBootAsmGnu.o)
 .text          0x00000000        0x0 .\CortexM0\ARM_GCC_484\Debug\Datsun.a(CyLib.o)
 .bss           0x00000000       0x18 .\CortexM0\ARM_GCC_484\Debug\Datsun.a(CyLib.o)
 .text.CySysClkImoStart
                0x00000000       0x14 .\CortexM0\ARM_GCC_484\Debug\Datsun.a(CyLib.o)
 .text.CySysClkImoStop
                0x00000000       0x10 .\CortexM0\ARM_GCC_484\Debug\Datsun.a(CyLib.o)
 .text.CySysClkWriteHfclkDirect
                0x00000000       0x24 .\CortexM0\ARM_GCC_484\Debug\Datsun.a(CyLib.o)
 .text.CySysClkWriteSysclkDiv
                0x00000000       0x28 .\CortexM0\ARM_GCC_484\Debug\Datsun.a(CyLib.o)
 .text.CySysClkEcoStop
                0x00000000       0x24 .\CortexM0\ARM_GCC_484\Debug\Datsun.a(CyLib.o)
 .text.CySysLvdDisable
                0x00000000       0x20 .\CortexM0\ARM_GCC_484\Debug\Datsun.a(CyLib.o)
 .text.CySysLvdGetInterruptSource
                0x00000000       0x10 .\CortexM0\ARM_GCC_484\Debug\Datsun.a(CyLib.o)
 .text.CySysLvdClearInterrupt
                0x00000000        0xc .\CortexM0\ARM_GCC_484\Debug\Datsun.a(CyLib.o)
 .text.CySysGetResetReason
                0x00000000       0x14 .\CortexM0\ARM_GCC_484\Debug\Datsun.a(CyLib.o)
 .text.CyDisableInts
                0x00000000       0x10 .\CortexM0\ARM_GCC_484\Debug\Datsun.a(CyLib.o)
 .text.CyEnableInts
                0x00000000        0xc .\CortexM0\ARM_GCC_484\Debug\Datsun.a(CyLib.o)
 .text.CyIntGetState
                0x00000000       0x18 .\CortexM0\ARM_GCC_484\Debug\Datsun.a(CyLib.o)
 .text.CyIntDisable
                0x00000000       0x14 .\CortexM0\ARM_GCC_484\Debug\Datsun.a(CyLib.o)
 .text.CyIntSetPending
                0x00000000       0x14 .\CortexM0\ARM_GCC_484\Debug\Datsun.a(CyLib.o)
 .text.CyIntClearPending
                0x00000000       0x14 .\CortexM0\ARM_GCC_484\Debug\Datsun.a(CyLib.o)
 .text.CySysClkWriteEcoDiv
                0x00000000       0x38 .\CortexM0\ARM_GCC_484\Debug\Datsun.a(CyLib.o)
 .text.CyIntSetSysVector
                0x00000000       0x20 .\CortexM0\ARM_GCC_484\Debug\Datsun.a(CyLib.o)
 .text.CyIntGetSysVector
                0x00000000       0x1c .\CortexM0\ARM_GCC_484\Debug\Datsun.a(CyLib.o)
 .text.CyIntGetVector
                0x00000000       0x1c .\CortexM0\ARM_GCC_484\Debug\Datsun.a(CyLib.o)
 .text.CyIntSetPriority
                0x00000000       0x48 .\CortexM0\ARM_GCC_484\Debug\Datsun.a(CyLib.o)
 .text.CyIntGetPriority
                0x00000000       0x2c .\CortexM0\ARM_GCC_484\Debug\Datsun.a(CyLib.o)
 .text.CySoftwareReset
                0x00000000       0x18 .\CortexM0\ARM_GCC_484\Debug\Datsun.a(CyLib.o)
 .text.CySysLvdEnable
                0x00000000       0x40 .\CortexM0\ARM_GCC_484\Debug\Datsun.a(CyLib.o)
 .text.CyDelayFreq
                0x00000000       0x4c .\CortexM0\ARM_GCC_484\Debug\Datsun.a(CyLib.o)
 .text.CySysTickStop
                0x00000000       0x10 .\CortexM0\ARM_GCC_484\Debug\Datsun.a(CyLib.o)
 .text.CySysTickEnableInterrupt
                0x00000000       0x10 .\CortexM0\ARM_GCC_484\Debug\Datsun.a(CyLib.o)
 .text.CySysTickEnable
                0x00000000       0x18 .\CortexM0\ARM_GCC_484\Debug\Datsun.a(CyLib.o)
 .text.CySysTickDisableInterrupt
                0x00000000       0x10 .\CortexM0\ARM_GCC_484\Debug\Datsun.a(CyLib.o)
 .text.CySysTickSetReload
                0x00000000       0x10 .\CortexM0\ARM_GCC_484\Debug\Datsun.a(CyLib.o)
 .text.CySysTickGetReload
                0x00000000       0x10 .\CortexM0\ARM_GCC_484\Debug\Datsun.a(CyLib.o)
 .text.CySysTickGetValue
                0x00000000       0x10 .\CortexM0\ARM_GCC_484\Debug\Datsun.a(CyLib.o)
 .text.CySysTickSetClockSource
                0x00000000       0x20 .\CortexM0\ARM_GCC_484\Debug\Datsun.a(CyLib.o)
 .text.CySysTickGetCountFlag
                0x00000000       0x10 .\CortexM0\ARM_GCC_484\Debug\Datsun.a(CyLib.o)
 .text.CySysTickServiceCallbacks
                0x00000000       0x28 .\CortexM0\ARM_GCC_484\Debug\Datsun.a(CyLib.o)
 .text.CySysTickClear
                0x00000000        0xc .\CortexM0\ARM_GCC_484\Debug\Datsun.a(CyLib.o)
 .text.CySysTickInit
                0x00000000       0x4c .\CortexM0\ARM_GCC_484\Debug\Datsun.a(CyLib.o)
 .text.CySysTickStart
                0x00000000       0x20 .\CortexM0\ARM_GCC_484\Debug\Datsun.a(CyLib.o)
 .text.CySysTickSetCallback
                0x00000000       0x10 .\CortexM0\ARM_GCC_484\Debug\Datsun.a(CyLib.o)
 .text.CySysTickGetCallback
                0x00000000        0xc .\CortexM0\ARM_GCC_484\Debug\Datsun.a(CyLib.o)
 .text.CyGetUniqueId
                0x00000000       0x70 .\CortexM0\ARM_GCC_484\Debug\Datsun.a(CyLib.o)
 .text          0x00000000        0x0 .\CortexM0\ARM_GCC_484\Debug\Datsun.a(CyLFClk.o)
 .text.CySysClkIloEnabled
                0x00000000       0x14 .\CortexM0\ARM_GCC_484\Debug\Datsun.a(CyLFClk.o)
 .text.CySysClkGetLfclkSource
                0x00000000       0x10 .\CortexM0\ARM_GCC_484\Debug\Datsun.a(CyLFClk.o)
 .text.CySysClkIloStart
                0x00000000       0x14 .\CortexM0\ARM_GCC_484\Debug\Datsun.a(CyLFClk.o)
 .text.CySysClkWcoEnabled
                0x00000000       0x14 .\CortexM0\ARM_GCC_484\Debug\Datsun.a(CyLFClk.o)
 .text.CySysWdtGetEnabledStatus
                0x00000000       0x24 .\CortexM0\ARM_GCC_484\Debug\Datsun.a(CyLFClk.o)
 .text.CySysWdtSetMode
                0x00000000       0x38 .\CortexM0\ARM_GCC_484\Debug\Datsun.a(CyLFClk.o)
 .text.CySysClkLfclkPosedgeRestore
                0x00000000       0x2c .\CortexM0\ARM_GCC_484\Debug\Datsun.a(CyLFClk.o)
 .text.CySysWdtGetMode
                0x00000000       0x14 .\CortexM0\ARM_GCC_484\Debug\Datsun.a(CyLFClk.o)
 .text.CySysWdtSetClearOnMatch
                0x00000000       0x38 .\CortexM0\ARM_GCC_484\Debug\Datsun.a(CyLFClk.o)
 .text.CySysWdtGetClearOnMatch
                0x00000000       0x24 .\CortexM0\ARM_GCC_484\Debug\Datsun.a(CyLFClk.o)
 .text.CySysWdtEnable
                0x00000000       0x3c .\CortexM0\ARM_GCC_484\Debug\Datsun.a(CyLFClk.o)
 .text.CySysWdtDisable
                0x00000000       0x44 .\CortexM0\ARM_GCC_484\Debug\Datsun.a(CyLFClk.o)
 .text.CySysWdtSetCascade
                0x00000000       0x34 .\CortexM0\ARM_GCC_484\Debug\Datsun.a(CyLFClk.o)
 .text.CySysWdtGetCascade
                0x00000000       0x14 .\CortexM0\ARM_GCC_484\Debug\Datsun.a(CyLFClk.o)
 .text.CySysWdtSetMatch
                0x00000000       0x58 .\CortexM0\ARM_GCC_484\Debug\Datsun.a(CyLFClk.o)
 .text.CySysWdtSetToggleBit
                0x00000000       0x2c .\CortexM0\ARM_GCC_484\Debug\Datsun.a(CyLFClk.o)
 .text.CySysWdtGetToggleBit
                0x00000000       0x10 .\CortexM0\ARM_GCC_484\Debug\Datsun.a(CyLFClk.o)
 .text.CySysWdtGetMatch
                0x00000000       0x20 .\CortexM0\ARM_GCC_484\Debug\Datsun.a(CyLFClk.o)
 .text.CySysWdtGetCount
                0x00000000       0x3c .\CortexM0\ARM_GCC_484\Debug\Datsun.a(CyLFClk.o)
 .text.CySysClkLfclkPosedgeCatch
                0x00000000       0x74 .\CortexM0\ARM_GCC_484\Debug\Datsun.a(CyLFClk.o)
 .text.CySysClkIloStop
                0x00000000       0x4c .\CortexM0\ARM_GCC_484\Debug\Datsun.a(CyLFClk.o)
 .text.CySysClkSetLfclkSource
                0x00000000       0x38 .\CortexM0\ARM_GCC_484\Debug\Datsun.a(CyLFClk.o)
 .text.CySysClkWcoStop
                0x00000000       0x48 .\CortexM0\ARM_GCC_484\Debug\Datsun.a(CyLFClk.o)
 .text.CySysWdtGetInterruptSource
                0x00000000       0x14 .\CortexM0\ARM_GCC_484\Debug\Datsun.a(CyLFClk.o)
 .text.CySysWdtResetCounters
                0x00000000       0x20 .\CortexM0\ARM_GCC_484\Debug\Datsun.a(CyLFClk.o)
 .text.CySysWdtSetInterruptCallback
                0x00000000       0x20 .\CortexM0\ARM_GCC_484\Debug\Datsun.a(CyLFClk.o)
 .text.CySysWdtGetInterruptCallback
                0x00000000       0x20 .\CortexM0\ARM_GCC_484\Debug\Datsun.a(CyLFClk.o)
 .text.CySysWdtEnableCounterIsr
                0x00000000       0x34 .\CortexM0\ARM_GCC_484\Debug\Datsun.a(CyLFClk.o)
 .text.CySysWdtDisableCounterIsr
                0x00000000       0x28 .\CortexM0\ARM_GCC_484\Debug\Datsun.a(CyLFClk.o)
 .text.CySysTimerDelayUntilMatch
                0x00000000       0x6c .\CortexM0\ARM_GCC_484\Debug\Datsun.a(CyLFClk.o)
 .text.CySysTimerDelay
                0x00000000       0x3c .\CortexM0\ARM_GCC_484\Debug\Datsun.a(CyLFClk.o)
 .text.CySysWatchdogFeed
                0x00000000       0x60 .\CortexM0\ARM_GCC_484\Debug\Datsun.a(CyLFClk.o)
 .rodata        0x00000000        0xc .\CortexM0\ARM_GCC_484\Debug\Datsun.a(CyLFClk.o)
 .text          0x00000000        0x0 .\CortexM0\ARM_GCC_484\Debug\Datsun.a(LCD.o)
 .data          0x00000000        0x0 .\CortexM0\ARM_GCC_484\Debug\Datsun.a(LCD.o)
 .text.LCD_PutChar
                0x00000000        0x8 .\CortexM0\ARM_GCC_484\Debug\Datsun.a(LCD.o)
 .text.LCD_Stop
                0x00000000       0x14 .\CortexM0\ARM_GCC_484\Debug\Datsun.a(LCD.o)
 .text.LCD_PrintInt8
                0x00000000       0x20 .\CortexM0\ARM_GCC_484\Debug\Datsun.a(LCD.o)
 .text.LCD_PrintInt16
                0x00000000       0x14 .\CortexM0\ARM_GCC_484\Debug\Datsun.a(LCD.o)
 .text.LCD_PrintInt32
                0x00000000       0x1c .\CortexM0\ARM_GCC_484\Debug\Datsun.a(LCD.o)
 .text.LCD_PrintU32Number
                0x00000000       0x48 .\CortexM0\ARM_GCC_484\Debug\Datsun.a(LCD.o)
 .rodata        0x00000000       0x10 .\CortexM0\ARM_GCC_484\Debug\Datsun.a(LCD.o)
 .text          0x00000000        0x0 .\CortexM0\ARM_GCC_484\Debug\Datsun.a(PWM_1.o)
 .data          0x00000000        0x0 .\CortexM0\ARM_GCC_484\Debug\Datsun.a(PWM_1.o)
 .text.PWM_1_Stop
                0x00000000       0x10 .\CortexM0\ARM_GCC_484\Debug\Datsun.a(PWM_1.o)
 .text.PWM_1_ReadCounter
                0x00000000       0x14 .\CortexM0\ARM_GCC_484\Debug\Datsun.a(PWM_1.o)
 .text.PWM_1_ReadControlRegister
                0x00000000        0xc .\CortexM0\ARM_GCC_484\Debug\Datsun.a(PWM_1.o)
 .text.PWM_1_WriteControlRegister
                0x00000000        0xc .\CortexM0\ARM_GCC_484\Debug\Datsun.a(PWM_1.o)
 .text.PWM_1_ReadCompare1
                0x00000000        0xc .\CortexM0\ARM_GCC_484\Debug\Datsun.a(PWM_1.o)
 .text.PWM_1_ReadCompare2
                0x00000000        0xc .\CortexM0\ARM_GCC_484\Debug\Datsun.a(PWM_1.o)
 .text.PWM_1_ReadPeriod
                0x00000000        0xc .\CortexM0\ARM_GCC_484\Debug\Datsun.a(PWM_1.o)
 .text          0x00000000        0x0 .\CortexM0\ARM_GCC_484\Debug\Datsun.a(PWM_2.o)
 .data          0x00000000        0x0 .\CortexM0\ARM_GCC_484\Debug\Datsun.a(PWM_2.o)
 .text.PWM_2_Stop
                0x00000000       0x10 .\CortexM0\ARM_GCC_484\Debug\Datsun.a(PWM_2.o)
 .text.PWM_2_ReadCounter
                0x00000000       0x14 .\CortexM0\ARM_GCC_484\Debug\Datsun.a(PWM_2.o)
 .text.PWM_2_ReadControlRegister
                0x00000000        0xc .\CortexM0\ARM_GCC_484\Debug\Datsun.a(PWM_2.o)
 .text.PWM_2_WriteControlRegister
                0x00000000        0xc .\CortexM0\ARM_GCC_484\Debug\Datsun.a(PWM_2.o)
 .text.PWM_2_ReadCompare
                0x00000000        0xc .\CortexM0\ARM_GCC_484\Debug\Datsun.a(PWM_2.o)
 .text.PWM_2_ReadPeriod
                0x00000000        0xc .\CortexM0\ARM_GCC_484\Debug\Datsun.a(PWM_2.o)
 .text          0x00000000       0x9c c:/program files (x86)/cypress/psoc creator/3.2/psoc creator/import/gnu/arm/4.8.4/bin/../lib/gcc/arm-none-eabi/4.8.4/armv6-m\libgcc.a(_udivsi3.o)
 .data          0x00000000        0x0 c:/program files (x86)/cypress/psoc creator/3.2/psoc creator/import/gnu/arm/4.8.4/bin/../lib/gcc/arm-none-eabi/4.8.4/armv6-m\libgcc.a(_udivsi3.o)
 .bss           0x00000000        0x0 c:/program files (x86)/cypress/psoc creator/3.2/psoc creator/import/gnu/arm/4.8.4/bin/../lib/gcc/arm-none-eabi/4.8.4/armv6-m\libgcc.a(_udivsi3.o)
 .text          0x00000000        0x4 c:/program files (x86)/cypress/psoc creator/3.2/psoc creator/import/gnu/arm/4.8.4/bin/../lib/gcc/arm-none-eabi/4.8.4/armv6-m\libgcc.a(_dvmd_tls.o)
 .data          0x00000000        0x0 c:/program files (x86)/cypress/psoc creator/3.2/psoc creator/import/gnu/arm/4.8.4/bin/../lib/gcc/arm-none-eabi/4.8.4/armv6-m\libgcc.a(_dvmd_tls.o)
 .bss           0x00000000        0x0 c:/program files (x86)/cypress/psoc creator/3.2/psoc creator/import/gnu/arm/4.8.4/bin/../lib/gcc/arm-none-eabi/4.8.4/armv6-m\libgcc.a(_dvmd_tls.o)
 .text          0x00000000        0x0 c:/program files (x86)/cypress/psoc creator/3.2/psoc creator/import/gnu/arm/4.8.4/bin/../lib/gcc/arm-none-eabi/4.8.4/../../../../arm-none-eabi/lib/armv6-m\libg_s.a(lib_a-errno.o)
 .data          0x00000000        0x0 c:/program files (x86)/cypress/psoc creator/3.2/psoc creator/import/gnu/arm/4.8.4/bin/../lib/gcc/arm-none-eabi/4.8.4/../../../../arm-none-eabi/lib/armv6-m\libg_s.a(lib_a-errno.o)
 .bss           0x00000000        0x0 c:/program files (x86)/cypress/psoc creator/3.2/psoc creator/import/gnu/arm/4.8.4/bin/../lib/gcc/arm-none-eabi/4.8.4/../../../../arm-none-eabi/lib/armv6-m\libg_s.a(lib_a-errno.o)
 .text.__errno  0x00000000        0xc c:/program files (x86)/cypress/psoc creator/3.2/psoc creator/import/gnu/arm/4.8.4/bin/../lib/gcc/arm-none-eabi/4.8.4/../../../../arm-none-eabi/lib/armv6-m\libg_s.a(lib_a-errno.o)
 .text          0x00000000        0x0 c:/program files (x86)/cypress/psoc creator/3.2/psoc creator/import/gnu/arm/4.8.4/bin/../lib/gcc/arm-none-eabi/4.8.4/../../../../arm-none-eabi/lib/armv6-m\libg_s.a(lib_a-exit.o)
 .data          0x00000000        0x0 c:/program files (x86)/cypress/psoc creator/3.2/psoc creator/import/gnu/arm/4.8.4/bin/../lib/gcc/arm-none-eabi/4.8.4/../../../../arm-none-eabi/lib/armv6-m\libg_s.a(lib_a-exit.o)
 .bss           0x00000000        0x0 c:/program files (x86)/cypress/psoc creator/3.2/psoc creator/import/gnu/arm/4.8.4/bin/../lib/gcc/arm-none-eabi/4.8.4/../../../../arm-none-eabi/lib/armv6-m\libg_s.a(lib_a-exit.o)
 .text.exit     0x00000000       0x2c c:/program files (x86)/cypress/psoc creator/3.2/psoc creator/import/gnu/arm/4.8.4/bin/../lib/gcc/arm-none-eabi/4.8.4/../../../../arm-none-eabi/lib/armv6-m\libg_s.a(lib_a-exit.o)
 .text          0x00000000        0x0 c:/program files (x86)/cypress/psoc creator/3.2/psoc creator/import/gnu/arm/4.8.4/bin/../lib/gcc/arm-none-eabi/4.8.4/../../../../arm-none-eabi/lib/armv6-m\libg_s.a(lib_a-impure.o)
 .data          0x00000000        0x0 c:/program files (x86)/cypress/psoc creator/3.2/psoc creator/import/gnu/arm/4.8.4/bin/../lib/gcc/arm-none-eabi/4.8.4/../../../../arm-none-eabi/lib/armv6-m\libg_s.a(lib_a-impure.o)
 .bss           0x00000000        0x0 c:/program files (x86)/cypress/psoc creator/3.2/psoc creator/import/gnu/arm/4.8.4/bin/../lib/gcc/arm-none-eabi/4.8.4/../../../../arm-none-eabi/lib/armv6-m\libg_s.a(lib_a-impure.o)
 .data.impure_data
                0x00000000       0x60 c:/program files (x86)/cypress/psoc creator/3.2/psoc creator/import/gnu/arm/4.8.4/bin/../lib/gcc/arm-none-eabi/4.8.4/../../../../arm-none-eabi/lib/armv6-m\libg_s.a(lib_a-impure.o)
 .data._impure_ptr
                0x00000000        0x4 c:/program files (x86)/cypress/psoc creator/3.2/psoc creator/import/gnu/arm/4.8.4/bin/../lib/gcc/arm-none-eabi/4.8.4/../../../../arm-none-eabi/lib/armv6-m\libg_s.a(lib_a-impure.o)
 .rodata.str1.1
                0x00000000        0x2 c:/program files (x86)/cypress/psoc creator/3.2/psoc creator/import/gnu/arm/4.8.4/bin/../lib/gcc/arm-none-eabi/4.8.4/../../../../arm-none-eabi/lib/armv6-m\libg_s.a(lib_a-impure.o)
 .rodata._global_impure_ptr
                0x00000000        0x4 c:/program files (x86)/cypress/psoc creator/3.2/psoc creator/import/gnu/arm/4.8.4/bin/../lib/gcc/arm-none-eabi/4.8.4/../../../../arm-none-eabi/lib/armv6-m\libg_s.a(lib_a-impure.o)
 .text          0x00000000        0x0 c:/program files (x86)/cypress/psoc creator/3.2/psoc creator/import/gnu/arm/4.8.4/bin/../lib/gcc/arm-none-eabi/4.8.4/../../../../arm-none-eabi/lib/armv6-m\libg_s.a(lib_a-init.o)
 .data          0x00000000        0x0 c:/program files (x86)/cypress/psoc creator/3.2/psoc creator/import/gnu/arm/4.8.4/bin/../lib/gcc/arm-none-eabi/4.8.4/../../../../arm-none-eabi/lib/armv6-m\libg_s.a(lib_a-init.o)
 .bss           0x00000000        0x0 c:/program files (x86)/cypress/psoc creator/3.2/psoc creator/import/gnu/arm/4.8.4/bin/../lib/gcc/arm-none-eabi/4.8.4/../../../../arm-none-eabi/lib/armv6-m\libg_s.a(lib_a-init.o)
 .text          0x00000000        0x0 c:/program files (x86)/cypress/psoc creator/3.2/psoc creator/import/gnu/arm/4.8.4/bin/../lib/gcc/arm-none-eabi/4.8.4/../../../../arm-none-eabi/lib/armv6-m\libg_s.a(lib_a-memset.o)
 .data          0x00000000        0x0 c:/program files (x86)/cypress/psoc creator/3.2/psoc creator/import/gnu/arm/4.8.4/bin/../lib/gcc/arm-none-eabi/4.8.4/../../../../arm-none-eabi/lib/armv6-m\libg_s.a(lib_a-memset.o)
 .bss           0x00000000        0x0 c:/program files (x86)/cypress/psoc creator/3.2/psoc creator/import/gnu/arm/4.8.4/bin/../lib/gcc/arm-none-eabi/4.8.4/../../../../arm-none-eabi/lib/armv6-m\libg_s.a(lib_a-memset.o)
 .text          0x00000000        0x0 c:/program files (x86)/cypress/psoc creator/3.2/psoc creator/import/gnu/arm/4.8.4/bin/../lib/gcc/arm-none-eabi/4.8.4/armv6-m/crtend.o
 .data          0x00000000        0x0 c:/program files (x86)/cypress/psoc creator/3.2/psoc creator/import/gnu/arm/4.8.4/bin/../lib/gcc/arm-none-eabi/4.8.4/armv6-m/crtend.o
 .bss           0x00000000        0x0 c:/program files (x86)/cypress/psoc creator/3.2/psoc creator/import/gnu/arm/4.8.4/bin/../lib/gcc/arm-none-eabi/4.8.4/armv6-m/crtend.o
 .text          0x00000000        0x0 c:/program files (x86)/cypress/psoc creator/3.2/psoc creator/import/gnu/arm/4.8.4/bin/../lib/gcc/arm-none-eabi/4.8.4/armv6-m/crtn.o
 .data          0x00000000        0x0 c:/program files (x86)/cypress/psoc creator/3.2/psoc creator/import/gnu/arm/4.8.4/bin/../lib/gcc/arm-none-eabi/4.8.4/armv6-m/crtn.o
 .bss           0x00000000        0x0 c:/program files (x86)/cypress/psoc creator/3.2/psoc creator/import/gnu/arm/4.8.4/bin/../lib/gcc/arm-none-eabi/4.8.4/armv6-m/crtn.o

Memory Configuration

Name             Origin             Length             Attributes
rom              0x00000000         0x00020000         xr
ram              0x20000000         0x00004000         xrw
*default*        0x00000000         0xffffffff

Linker script and memory map

LOAD c:/program files (x86)/cypress/psoc creator/3.2/psoc creator/import/gnu/arm/4.8.4/bin/../lib/gcc/arm-none-eabi/4.8.4/armv6-m/crti.o
LOAD c:/program files (x86)/cypress/psoc creator/3.2/psoc creator/import/gnu/arm/4.8.4/bin/../lib/gcc/arm-none-eabi/4.8.4/armv6-m/crtbegin.o
LOAD c:/program files (x86)/cypress/psoc creator/3.2/psoc creator/import/gnu/arm/4.8.4/bin/../lib/gcc/arm-none-eabi/4.8.4/../../../../arm-none-eabi/lib/armv6-m/crt0.o
START GROUP
LOAD .\CortexM0\ARM_GCC_484\Debug\main.o
LOAD .\CortexM0\ARM_GCC_484\Debug\cymetadata.o
LOAD .\CortexM0\ARM_GCC_484\Debug\Cm0Start.o
LOAD .\CortexM0\ARM_GCC_484\Debug\Datsun.a
LOAD C:\Program Files (x86)\Cypress\PSoC Creator\3.2\PSoC Creator\psoc\content\cycomponentlibrary\CyComponentLibrary.cylib\CortexM0\ARM_GCC_484\Debug\CyComponentLibrary.a
END GROUP
START GROUP
LOAD c:/program files (x86)/cypress/psoc creator/3.2/psoc creator/import/gnu/arm/4.8.4/bin/../lib/gcc/arm-none-eabi/4.8.4/armv6-m\libgcc.a
LOAD c:/program files (x86)/cypress/psoc creator/3.2/psoc creator/import/gnu/arm/4.8.4/bin/../lib/gcc/arm-none-eabi/4.8.4/../../../../arm-none-eabi/lib/armv6-m\libg_s.a
LOAD c:/program files (x86)/cypress/psoc creator/3.2/psoc creator/import/gnu/arm/4.8.4/bin/../lib/gcc/arm-none-eabi/4.8.4/../../../../arm-none-eabi/lib/armv6-m\libc_s.a
END GROUP
START GROUP
LOAD c:/program files (x86)/cypress/psoc creator/3.2/psoc creator/import/gnu/arm/4.8.4/bin/../lib/gcc/arm-none-eabi/4.8.4/armv6-m\libgcc.a
LOAD c:/program files (x86)/cypress/psoc creator/3.2/psoc creator/import/gnu/arm/4.8.4/bin/../lib/gcc/arm-none-eabi/4.8.4/../../../../arm-none-eabi/lib/armv6-m\libc_s.a
END GROUP
LOAD c:/program files (x86)/cypress/psoc creator/3.2/psoc creator/import/gnu/arm/4.8.4/bin/../lib/gcc/arm-none-eabi/4.8.4/armv6-m/crtend.o
LOAD c:/program files (x86)/cypress/psoc creator/3.2/psoc creator/import/gnu/arm/4.8.4/bin/../lib/gcc/arm-none-eabi/4.8.4/armv6-m/crtn.o
START GROUP
LOAD c:/program files (x86)/cypress/psoc creator/3.2/psoc creator/import/gnu/arm/4.8.4/bin/../lib/gcc/arm-none-eabi/4.8.4/armv6-m\libgcc.a
LOAD c:/program files (x86)/cypress/psoc creator/3.2/psoc creator/import/gnu/arm/4.8.4/bin/../lib/gcc/arm-none-eabi/4.8.4/../../../../arm-none-eabi/lib/armv6-m\libc.a
LOAD c:/program files (x86)/cypress/psoc creator/3.2/psoc creator/import/gnu/arm/4.8.4/bin/../lib/gcc/arm-none-eabi/4.8.4/../../../../arm-none-eabi/lib/armv6-m\libnosys.a
END GROUP
                0x00000000                CY_APPL_ORIGIN = 0x0
                0x00000080                CY_FLASH_ROW_SIZE = 0x80
                0x00000001                CY_APPL_NUM = 0x1
                0x00000040                CY_METADATA_SIZE = 0x40
                0x20000120                PROVIDE (__cy_heap_start, _end)
                0x00000001                PROVIDE (__cy_region_num, ((__cy_regions_end - __cy_regions) / 0x10))
                0x20004000                PROVIDE (__cy_stack, (ORIGIN (ram) + 0x4000))
                0x20003800                PROVIDE (__cy_heap_end, (__cy_stack - 0x800))

.cybootloader   0x00000000        0x0
 *(.cybootloader)
                0x00000000                appl1_start = CY_APPL_ORIGIN?CY_APPL_ORIGIN:ALIGN (CY_FLASH_ROW_SIZE)
                0x0000ff80                appl2_start = (appl1_start + ALIGN ((((0x20000 - appl1_start) - (0x2 * CY_FLASH_ROW_SIZE)) / 0x2), CY_FLASH_ROW_SIZE))
                0x00000000                appl_start = (CY_APPL_NUM == 0x1)?appl1_start:appl2_start

.text           0x00000000      0xb7c
 CREATE_OBJECT_SYMBOLS
                0x00000000                PROVIDE (__cy_interrupt_vector, RomVectors)
 *(.romvectors)
 .romvectors    0x00000000       0x10 .\CortexM0\ARM_GCC_484\Debug\Cm0Start.o
                0x00000000                RomVectors
                0x00000001                ASSERT ((. != __cy_interrupt_vector), No interrupt vector)
                0x00000001                ASSERT (CY_APPL_ORIGIN?(SIZEOF (.cybootloader) <= CY_APPL_ORIGIN):0x1, Wrong image location)
                0x00000010                PROVIDE (__cy_reset, Reset)
 *(.text.Reset)
 .text.Reset    0x00000010        0x8 .\CortexM0\ARM_GCC_484\Debug\Cm0Start.o
                0x00000010                Reset
                0x00000001                ASSERT ((. != __cy_reset), No reset code)
 *(.psocinit)
 .psocinit      0x00000018      0x1bc .\CortexM0\ARM_GCC_484\Debug\Datsun.a(cyfitter_cfg.o)
                0x000000e8                cyfitter_cfg
                0x000001d4                . = MAX (., 0x100)
 *(.text .text.* .gnu.linkonce.t.*)
 .text          0x000001d4       0x60 c:/program files (x86)/cypress/psoc creator/3.2/psoc creator/import/gnu/arm/4.8.4/bin/../lib/gcc/arm-none-eabi/4.8.4/armv6-m/crtbegin.o
 .text.main     0x00000234       0x3c .\CortexM0\ARM_GCC_484\Debug\main.o
                0x00000234                main
 .text.IntDefaultHandler
                0x00000270        0x4 .\CortexM0\ARM_GCC_484\Debug\Cm0Start.o
                0x00000270                IntDefaultHandler
 .text.Start_c  0x00000274       0x48 .\CortexM0\ARM_GCC_484\Debug\Cm0Start.o
                0x00000274                Start_c
 .text.initialize_psoc
                0x000002bc       0x58 .\CortexM0\ARM_GCC_484\Debug\Cm0Start.o
                0x000002bc                initialize_psoc
 .text.cfg_write_bytes32
                0x00000314       0x38 .\CortexM0\ARM_GCC_484\Debug\Datsun.a(cyfitter_cfg.o)
 .text.AnalogSetDefault
                0x0000034c       0x20 .\CortexM0\ARM_GCC_484\Debug\Datsun.a(cyfitter_cfg.o)
 .text.CYMEMZERO
                0x0000036c        0xc .\CortexM0\ARM_GCC_484\Debug\Datsun.a(cyfitter_cfg.o)
 .text          0x00000378       0x20 .\CortexM0\ARM_GCC_484\Debug\Datsun.a(CyBootAsmGnu.o)
                0x00000378                CyDelayCycles
                0x0000038a                CyEnterCriticalSection
                0x00000392                CyExitCriticalSection
 .text.CySysClkWriteImoFreq
                0x00000398       0x64 .\CortexM0\ARM_GCC_484\Debug\Datsun.a(CyLib.o)
                0x00000398                CySysClkWriteImoFreq
 .text.CySysClkEcoReadStatus
                0x000003fc       0x10 .\CortexM0\ARM_GCC_484\Debug\Datsun.a(CyLib.o)
                0x000003fc                CySysClkEcoReadStatus
 .text.CyIntEnable
                0x0000040c       0x14 .\CortexM0\ARM_GCC_484\Debug\Datsun.a(CyLib.o)
                0x0000040c                CyIntEnable
 .text.CyHalt   0x00000420        0x4 .\CortexM0\ARM_GCC_484\Debug\Datsun.a(CyLib.o)
                0x00000420                CyHalt
 .text.CyIntSetVector
                0x00000424       0x20 .\CortexM0\ARM_GCC_484\Debug\Datsun.a(CyLib.o)
                0x00000424                CyIntSetVector
 .text.CyDelay  0x00000444       0x30 .\CortexM0\ARM_GCC_484\Debug\Datsun.a(CyLib.o)
                0x00000444                CyDelay
 .text.CyDelayUs
                0x00000474       0x14 .\CortexM0\ARM_GCC_484\Debug\Datsun.a(CyLib.o)
                0x00000474                CyDelayUs
 .text.CySysClkEcoStart
                0x00000488       0x54 .\CortexM0\ARM_GCC_484\Debug\Datsun.a(CyLib.o)
                0x00000488                CySysClkEcoStart
 .text.CySysWdtLocked
                0x000004dc       0x18 .\CortexM0\ARM_GCC_484\Debug\Datsun.a(CyLFClk.o)
 .text.CySysClkWcoStart
                0x000004f4       0x40 .\CortexM0\ARM_GCC_484\Debug\Datsun.a(CyLFClk.o)
                0x000004f4                CySysClkWcoStart
 .text.CySysClkWcoSetPowerMode
                0x00000534       0x84 .\CortexM0\ARM_GCC_484\Debug\Datsun.a(CyLFClk.o)
                0x00000534                CySysClkWcoSetPowerMode
 .text.CySysWdtLock
                0x000005b8       0x1c .\CortexM0\ARM_GCC_484\Debug\Datsun.a(CyLFClk.o)
                0x000005b8                CySysWdtLock
 .text.CySysWdtUnlock
                0x000005d4       0x30 .\CortexM0\ARM_GCC_484\Debug\Datsun.a(CyLFClk.o)
                0x000005d4                CySysWdtUnlock
 .text.CySysWdtClearInterrupt
                0x00000604       0x4c .\CortexM0\ARM_GCC_484\Debug\Datsun.a(CyLFClk.o)
                0x00000604                CySysWdtClearInterrupt
 .text.CySysWdtIsr
                0x00000650       0xa4 .\CortexM0\ARM_GCC_484\Debug\Datsun.a(CyLFClk.o)
                0x00000650                CySysWdtIsr
 .text.LCD_WrCntrlNib
                0x000006f4       0x34 .\CortexM0\ARM_GCC_484\Debug\Datsun.a(LCD.o)
 .text.LCD_WrDatNib
                0x00000728       0x44 .\CortexM0\ARM_GCC_484\Debug\Datsun.a(LCD.o)
 .text.LCD_IsReady
                0x0000076c       0xc0 .\CortexM0\ARM_GCC_484\Debug\Datsun.a(LCD.o)
                0x0000076c                LCD_IsReady
 .text.LCD_WriteData
                0x0000082c       0x18 .\CortexM0\ARM_GCC_484\Debug\Datsun.a(LCD.o)
                0x0000082c                LCD_WriteData
 .text.LCD_PrintString
                0x00000844       0x1c .\CortexM0\ARM_GCC_484\Debug\Datsun.a(LCD.o)
                0x00000844                LCD_PrintString
 .text.LCD_WriteControl
                0x00000860       0x18 .\CortexM0\ARM_GCC_484\Debug\Datsun.a(LCD.o)
                0x00000860                LCD_WriteControl
 .text.LCD_Init
                0x00000878       0x6c .\CortexM0\ARM_GCC_484\Debug\Datsun.a(LCD.o)
                0x00000878                LCD_Init
 .text.LCD_Enable
                0x000008e4       0x14 .\CortexM0\ARM_GCC_484\Debug\Datsun.a(LCD.o)
                0x000008e4                LCD_Enable
 .text.LCD_Start
                0x000008f8       0x20 .\CortexM0\ARM_GCC_484\Debug\Datsun.a(LCD.o)
                0x000008f8                LCD_Start
 .text.LCD_Position
                0x00000918       0x3c .\CortexM0\ARM_GCC_484\Debug\Datsun.a(LCD.o)
                0x00000918                LCD_Position
 .text.PWM_1_Enable
                0x00000954       0x10 .\CortexM0\ARM_GCC_484\Debug\Datsun.a(PWM_1.o)
                0x00000954                PWM_1_Enable
 .text.PWM_1_WriteCounter
                0x00000964        0xc .\CortexM0\ARM_GCC_484\Debug\Datsun.a(PWM_1.o)
                0x00000964                PWM_1_WriteCounter
 .text.PWM_1_WritePeriod
                0x00000970        0xc .\CortexM0\ARM_GCC_484\Debug\Datsun.a(PWM_1.o)
                0x00000970                PWM_1_WritePeriod
 .text.PWM_1_WriteCompare1
                0x0000097c        0xc .\CortexM0\ARM_GCC_484\Debug\Datsun.a(PWM_1.o)
                0x0000097c                PWM_1_WriteCompare1
 .text.PWM_1_WriteCompare2
                0x00000988        0xc .\CortexM0\ARM_GCC_484\Debug\Datsun.a(PWM_1.o)
                0x00000988                PWM_1_WriteCompare2
 .text.PWM_1_SetInterruptMode
                0x00000994        0xc .\CortexM0\ARM_GCC_484\Debug\Datsun.a(PWM_1.o)
                0x00000994                PWM_1_SetInterruptMode
 .text.PWM_1_ReadStatusRegister
                0x000009a0        0xc .\CortexM0\ARM_GCC_484\Debug\Datsun.a(PWM_1.o)
                0x000009a0                PWM_1_ReadStatusRegister
 .text.PWM_1_ReadCapture
                0x000009ac        0xc .\CortexM0\ARM_GCC_484\Debug\Datsun.a(PWM_1.o)
                0x000009ac                PWM_1_ReadCapture
 .text.PWM_1_ClearFIFO
                0x000009b8       0x14 .\CortexM0\ARM_GCC_484\Debug\Datsun.a(PWM_1.o)
                0x000009b8                PWM_1_ClearFIFO
 .text.PWM_1_Init
                0x000009cc       0x58 .\CortexM0\ARM_GCC_484\Debug\Datsun.a(PWM_1.o)
                0x000009cc                PWM_1_Init
 .text.PWM_1_Start
                0x00000a24       0x20 .\CortexM0\ARM_GCC_484\Debug\Datsun.a(PWM_1.o)
                0x00000a24                PWM_1_Start
 .text.PWM_2_Enable
                0x00000a44       0x10 .\CortexM0\ARM_GCC_484\Debug\Datsun.a(PWM_2.o)
                0x00000a44                PWM_2_Enable
 .text.PWM_2_WriteCounter
                0x00000a54        0xc .\CortexM0\ARM_GCC_484\Debug\Datsun.a(PWM_2.o)
                0x00000a54                PWM_2_WriteCounter
 .text.PWM_2_WritePeriod
                0x00000a60        0xc .\CortexM0\ARM_GCC_484\Debug\Datsun.a(PWM_2.o)
                0x00000a60                PWM_2_WritePeriod
 .text.PWM_2_WriteCompare
                0x00000a6c        0xc .\CortexM0\ARM_GCC_484\Debug\Datsun.a(PWM_2.o)
                0x00000a6c                PWM_2_WriteCompare
 .text.PWM_2_SetInterruptMode
                0x00000a78        0xc .\CortexM0\ARM_GCC_484\Debug\Datsun.a(PWM_2.o)
                0x00000a78                PWM_2_SetInterruptMode
 .text.PWM_2_ReadStatusRegister
                0x00000a84        0xc .\CortexM0\ARM_GCC_484\Debug\Datsun.a(PWM_2.o)
                0x00000a84                PWM_2_ReadStatusRegister
 .text.PWM_2_ReadCapture
                0x00000a90        0xc .\CortexM0\ARM_GCC_484\Debug\Datsun.a(PWM_2.o)
                0x00000a90                PWM_2_ReadCapture
 .text.PWM_2_ClearFIFO
                0x00000a9c       0x14 .\CortexM0\ARM_GCC_484\Debug\Datsun.a(PWM_2.o)
                0x00000a9c                PWM_2_ClearFIFO
 .text.PWM_2_Init
                0x00000ab0       0x50 .\CortexM0\ARM_GCC_484\Debug\Datsun.a(PWM_2.o)
                0x00000ab0                PWM_2_Init
 .text.PWM_2_Start
                0x00000b00       0x20 .\CortexM0\ARM_GCC_484\Debug\Datsun.a(PWM_2.o)
                0x00000b00                PWM_2_Start
 .text.__libc_init_array
                0x00000b20       0x4c c:/program files (x86)/cypress/psoc creator/3.2/psoc creator/import/gnu/arm/4.8.4/bin/../lib/gcc/arm-none-eabi/4.8.4/../../../../arm-none-eabi/lib/armv6-m\libg_s.a(lib_a-init.o)
                0x00000b20                __libc_init_array
 .text.memset   0x00000b6c       0x10 c:/program files (x86)/cypress/psoc creator/3.2/psoc creator/import/gnu/arm/4.8.4/bin/../lib/gcc/arm-none-eabi/4.8.4/../../../../arm-none-eabi/lib/armv6-m\libg_s.a(lib_a-memset.o)
                0x00000b6c                memset
 *(.plt)
 *(.gnu.warning)
 *(.glue_7t)
 .glue_7t       0x00000000        0x0 linker stubs
 *(.glue_7)
 .glue_7        0x00000000        0x0 linker stubs
 *(.vfp11_veneer)
 .vfp11_veneer  0x00000000        0x0 linker stubs
 *(.bootloader)
 *(.ARM.extab* .gnu.linkonce.armextab.*)
 *(.gcc_except_table)

.v4_bx          0x00000b7c        0x0
 .v4_bx         0x00000000        0x0 linker stubs

.iplt           0x00000b7c        0x0
 .iplt          0x00000000        0x0 c:/program files (x86)/cypress/psoc creator/3.2/psoc creator/import/gnu/arm/4.8.4/bin/../lib/gcc/arm-none-eabi/4.8.4/armv6-m/crtbegin.o

.eh_frame_hdr
 *(.eh_frame_hdr)

.eh_frame       0x00000b7c        0x4
 *(.eh_frame)
 .eh_frame      0x00000b7c        0x0 c:/program files (x86)/cypress/psoc creator/3.2/psoc creator/import/gnu/arm/4.8.4/bin/../lib/gcc/arm-none-eabi/4.8.4/armv6-m/crtbegin.o
 .eh_frame      0x00000b7c        0x4 c:/program files (x86)/cypress/psoc creator/3.2/psoc creator/import/gnu/arm/4.8.4/bin/../lib/gcc/arm-none-eabi/4.8.4/armv6-m/crtend.o
                0x00000b80                PROVIDE (__exidx_start, .)

.ARM.exidx
 *(.ARM.exidx* .gnu.linkonce.armexidx.*)
                0x00000b80                __exidx_end = .

.rodata         0x00000b80      0x1d0
 *(.rodata .rodata.* .gnu.linkonce.r.*)
 .rodata.str1.4
                0x00000b80       0x20 .\CortexM0\ARM_GCC_484\Debug\main.o
 .rodata        0x00000ba0      0x14c .\CortexM0\ARM_GCC_484\Debug\Datsun.a(cyfitter_cfg.o)
 .rodata        0x00000cec       0x30 .\CortexM0\ARM_GCC_484\Debug\Datsun.a(CyLib.o)
                0x00000cec                cyImoFreqMhz2Reg
                0x00000d1c                . = ALIGN (0x4)
 *(.init)
 .init          0x00000d1c        0x4 c:/program files (x86)/cypress/psoc creator/3.2/psoc creator/import/gnu/arm/4.8.4/bin/../lib/gcc/arm-none-eabi/4.8.4/armv6-m/crti.o
                0x00000d1c                _init
 .init          0x00000d20        0x8 c:/program files (x86)/cypress/psoc creator/3.2/psoc creator/import/gnu/arm/4.8.4/bin/../lib/gcc/arm-none-eabi/4.8.4/armv6-m/crtn.o
                0x00000d28                . = ALIGN (0x4)
                0x00000d28                __preinit_array_start = .
 *(.preinit_array)
                0x00000d28                __preinit_array_end = .
                0x00000d28                . = ALIGN (0x4)
                0x00000d28                __init_array_start = .
 *(SORT(.init_array.*))
 *(.init_array)
 .init_array    0x00000d28        0x4 c:/program files (x86)/cypress/psoc creator/3.2/psoc creator/import/gnu/arm/4.8.4/bin/../lib/gcc/arm-none-eabi/4.8.4/armv6-m/crtbegin.o
 .init_array    0x00000d2c        0x4 .\CortexM0\ARM_GCC_484\Debug\Cm0Start.o
                0x00000d30                __init_array_end = .
                0x00000d30                . = ALIGN (0x4)
 *(.fini)
 .fini          0x00000d30        0x4 c:/program files (x86)/cypress/psoc creator/3.2/psoc creator/import/gnu/arm/4.8.4/bin/../lib/gcc/arm-none-eabi/4.8.4/armv6-m/crti.o
                0x00000d30                _fini
 .fini          0x00000d34        0x8 c:/program files (x86)/cypress/psoc creator/3.2/psoc creator/import/gnu/arm/4.8.4/bin/../lib/gcc/arm-none-eabi/4.8.4/armv6-m/crtn.o
                0x00000d3c                . = ALIGN (0x4)
                0x00000d3c                __fini_array_start = .
 *(.fini_array)
 .fini_array    0x00000d3c        0x4 c:/program files (x86)/cypress/psoc creator/3.2/psoc creator/import/gnu/arm/4.8.4/bin/../lib/gcc/arm-none-eabi/4.8.4/armv6-m/crtbegin.o
 *(SORT(.fini_array.*))
                0x00000d40                __fini_array_end = .
                0x00000d40                . = ALIGN (0x4)
 *crtbegin.o(.ctors)
 *(EXCLUDE_FILE(*crtend.o) .ctors)
 *(SORT(.ctors.*))
 *crtend.o(.ctors)
                0x00000d40                . = ALIGN (0x4)
 *crtbegin.o(.dtors)
 *(EXCLUDE_FILE(*crtend.o) .dtors)
 *(SORT(.dtors.*))
 *crtend.o(.dtors)
                0x00000d40                . = ALIGN (0x4)
                0x00000d40                __cy_regions = .
                0x00000d40        0x4 LONG 0xd50 __cy_region_init_ram
                0x00000d44        0x4 LONG 0x200000c8 __cy_region_start_data
                0x00000d48        0x4 LONG 0x18 __cy_region_init_size_ram
                0x00000d4c        0x4 LONG 0x40 __cy_region_zero_size_ram
                0x00000d50                __cy_regions_end = .
                0x00000d50                . = ALIGN (0x8)
                0x00000d50                _etext = .

.ramvectors     0x20000000       0xc0
                0x20000000                __cy_region_start_ram = .
 *(.ramvectors)
 .ramvectors    0x20000000       0xc0 .\CortexM0\ARM_GCC_484\Debug\Cm0Start.o
                0x20000000                CyRamVectors

.noinit         0x200000c0        0x4
 *(.noinit)
 .noinit        0x200000c0        0x4 .\CortexM0\ARM_GCC_484\Debug\Cm0Start.o

.data           0x200000c8       0x18 load address 0x00000d50
                0x200000c8                __cy_region_start_data = .
 *(.jcr)
 .jcr           0x200000c8        0x0 c:/program files (x86)/cypress/psoc creator/3.2/psoc creator/import/gnu/arm/4.8.4/bin/../lib/gcc/arm-none-eabi/4.8.4/armv6-m/crtbegin.o
 .jcr           0x200000c8        0x4 c:/program files (x86)/cypress/psoc creator/3.2/psoc creator/import/gnu/arm/4.8.4/bin/../lib/gcc/arm-none-eabi/4.8.4/armv6-m/crtend.o
 *(.got.plt)
 *(.got)
 *(.shdata)
 *(.data .data.* .gnu.linkonce.d.*)
 .data          0x200000cc       0x10 .\CortexM0\ARM_GCC_484\Debug\Datsun.a(CyLib.o)
                0x200000cc                cydelay32kMs
                0x200000d0                cydelayFreqKhz
                0x200000d4                cydelayFreqMhz
                0x200000d8                cydelayFreqHz
 .data          0x200000dc        0x4 .\CortexM0\ARM_GCC_484\Debug\Datsun.a(CyLFClk.o)
                0x200000e0                . = ALIGN (0x8)
 *(.ram)
                0x200000e0                _edata = .

.igot.plt       0x200000e0        0x0 load address 0x00000d68
 .igot.plt      0x00000000        0x0 c:/program files (x86)/cypress/psoc creator/3.2/psoc creator/import/gnu/arm/4.8.4/bin/../lib/gcc/arm-none-eabi/4.8.4/armv6-m/crtbegin.o

.bss            0x200000e0       0x40 load address 0x00000d68
                0x200000e0                PROVIDE (__bss_start__, .)
 *(.shbss)
 *(.bss .bss.* .gnu.linkonce.b.*)
 .bss           0x200000e0       0x1c c:/program files (x86)/cypress/psoc creator/3.2/psoc creator/import/gnu/arm/4.8.4/bin/../lib/gcc/arm-none-eabi/4.8.4/armv6-m/crtbegin.o
 .bss           0x200000fc       0x1c .\CortexM0\ARM_GCC_484\Debug\Datsun.a(CyLFClk.o)
 .bss           0x20000118        0x2 .\CortexM0\ARM_GCC_484\Debug\Datsun.a(LCD.o)
                0x20000118                LCD_enableState
                0x20000119                LCD_initVar
 .bss           0x2000011a        0x1 .\CortexM0\ARM_GCC_484\Debug\Datsun.a(PWM_1.o)
                0x2000011a                PWM_1_initVar
 .bss           0x2000011b        0x1 .\CortexM0\ARM_GCC_484\Debug\Datsun.a(PWM_2.o)
                0x2000011b                PWM_2_initVar
 *(COMMON)
                0x20000120                . = ALIGN (0x8)
 *fill*         0x2000011c        0x4 
 *(.ram.b)
                0x20000120                _end = .
                0x20000120                __end = .
                0x20000120                PROVIDE (end, .)
                0x20000120                PROVIDE (__bss_end__, .)
                0x00000d50                __cy_region_init_ram = LOADADDR (.data)
                0x00000018                __cy_region_init_size_ram = (_edata - ADDR (.data))
                0x00000040                __cy_region_zero_size_ram = (_end - _edata)

.heap           0x20000120       0x80 load address 0x00000d68
                0x20000120                . = _end
                0x200001a0                . = (. + 0x80)
 *fill*         0x20000120       0x80 
                0x200001a0                __cy_heap_limit = .

.stack          0x20003800      0x800
                0x20003800                __cy_stack_limit = .
                0x20004000                . = (. + 0x800)
 *fill*         0x20003800      0x800 
                0x00000001                ASSERT ((__cy_stack_limit >= __cy_heap_limit), region RAM overflowed with stack)

.cyloadermeta
 *(.cyloadermeta)

.cyloadablemeta
 *(.cyloadablemeta)

.cyflashprotect
                0x90400000       0x80
 *(.cyflashprotect)
 .cyflashprotect
                0x90400000       0x80 .\CortexM0\ARM_GCC_484\Debug\cymetadata.o
                0x90400000                cy_meta_flashprotect

.cymeta         0x90500000        0xc
 *(.cymeta)
 .cymeta        0x90500000        0xc .\CortexM0\ARM_GCC_484\Debug\cymetadata.o
                0x90500000                cy_metadata

.cychipprotect  0x90600000        0x4
 *(.cychipprotect)
 .cychipprotect
                0x90600000        0x4 .\CortexM0\ARM_GCC_484\Debug\cymetadata.o
                0x90600000                cy_meta_chipprotect

.rel.dyn        0x00000d68        0x0 load address 0x90600004
 .rel.iplt      0x00000000        0x0 c:/program files (x86)/cypress/psoc creator/3.2/psoc creator/import/gnu/arm/4.8.4/bin/../lib/gcc/arm-none-eabi/4.8.4/armv6-m/crtbegin.o

.stab
 *(.stab)

.stabstr
 *(.stabstr)

.debug
 *(.debug)

.line
 *(.line)

.debug_srcinfo
 *(.debug_srcinfo)

.debug_sfnames
 *(.debug_sfnames)

.debug_aranges  0x00000000      0x5a0
 *(.debug_aranges)
 .debug_aranges
                0x00000000       0x20 .\CortexM0\ARM_GCC_484\Debug\main.o
 .debug_aranges
                0x00000020       0x18 .\CortexM0\ARM_GCC_484\Debug\cymetadata.o
 .debug_aranges
                0x00000038       0x48 .\CortexM0\ARM_GCC_484\Debug\Cm0Start.o
 .debug_aranges
                0x00000080       0x40 .\CortexM0\ARM_GCC_484\Debug\Datsun.a(cyfitter_cfg.o)
 .debug_aranges
                0x000000c0       0x20 .\CortexM0\ARM_GCC_484\Debug\Datsun.a(CyBootAsmGnu.o)
 .debug_aranges
                0x000000e0      0x198 .\CortexM0\ARM_GCC_484\Debug\Datsun.a(CyLib.o)
 .debug_aranges
                0x00000278      0x150 .\CortexM0\ARM_GCC_484\Debug\Datsun.a(CyLFClk.o)
 .debug_aranges
                0x000003c8       0x98 .\CortexM0\ARM_GCC_484\Debug\Datsun.a(LCD.o)
 .debug_aranges
                0x00000460       0xa8 .\CortexM0\ARM_GCC_484\Debug\Datsun.a(PWM_1.o)
 .debug_aranges
                0x00000508       0x98 .\CortexM0\ARM_GCC_484\Debug\Datsun.a(PWM_2.o)

.debug_pubnames
 *(.debug_pubnames)

.debug_info     0x00000000     0x31ed
 *(.debug_info .gnu.linkonce.wi.*)
 .debug_info    0x00000000      0x19c .\CortexM0\ARM_GCC_484\Debug\main.o
 .debug_info    0x0000019c       0xfd .\CortexM0\ARM_GCC_484\Debug\cymetadata.o
 .debug_info    0x00000299      0x386 .\CortexM0\ARM_GCC_484\Debug\Cm0Start.o
 .debug_info    0x0000061f      0x483 .\CortexM0\ARM_GCC_484\Debug\Datsun.a(cyfitter_cfg.o)
 .debug_info    0x00000aa2       0x8a .\CortexM0\ARM_GCC_484\Debug\Datsun.a(CyBootAsmGnu.o)
 .debug_info    0x00000b2c      0xb1c .\CortexM0\ARM_GCC_484\Debug\Datsun.a(CyLib.o)
 .debug_info    0x00001648      0xddc .\CortexM0\ARM_GCC_484\Debug\Datsun.a(CyLFClk.o)
 .debug_info    0x00002424      0x71e .\CortexM0\ARM_GCC_484\Debug\Datsun.a(LCD.o)
 .debug_info    0x00002b42      0x37d .\CortexM0\ARM_GCC_484\Debug\Datsun.a(PWM_1.o)
 .debug_info    0x00002ebf      0x32e .\CortexM0\ARM_GCC_484\Debug\Datsun.a(PWM_2.o)

.debug_abbrev   0x00000000      0xde6
 *(.debug_abbrev)
 .debug_abbrev  0x00000000       0xb0 .\CortexM0\ARM_GCC_484\Debug\main.o
 .debug_abbrev  0x000000b0       0x5d .\CortexM0\ARM_GCC_484\Debug\cymetadata.o
 .debug_abbrev  0x0000010d      0x1fc .\CortexM0\ARM_GCC_484\Debug\Cm0Start.o
 .debug_abbrev  0x00000309      0x203 .\CortexM0\ARM_GCC_484\Debug\Datsun.a(cyfitter_cfg.o)
 .debug_abbrev  0x0000050c       0x14 .\CortexM0\ARM_GCC_484\Debug\Datsun.a(CyBootAsmGnu.o)
 .debug_abbrev  0x00000520      0x20d .\CortexM0\ARM_GCC_484\Debug\Datsun.a(CyLib.o)
 .debug_abbrev  0x0000072d      0x26d .\CortexM0\ARM_GCC_484\Debug\Datsun.a(CyLFClk.o)
 .debug_abbrev  0x0000099a      0x198 .\CortexM0\ARM_GCC_484\Debug\Datsun.a(LCD.o)
 .debug_abbrev  0x00000b32      0x15a .\CortexM0\ARM_GCC_484\Debug\Datsun.a(PWM_1.o)
 .debug_abbrev  0x00000c8c      0x15a .\CortexM0\ARM_GCC_484\Debug\Datsun.a(PWM_2.o)

.debug_line     0x00000000     0x13a0
 *(.debug_line)
 .debug_line    0x00000000       0x84 .\CortexM0\ARM_GCC_484\Debug\main.o
 .debug_line    0x00000084       0x53 .\CortexM0\ARM_GCC_484\Debug\cymetadata.o
 .debug_line    0x000000d7      0x231 .\CortexM0\ARM_GCC_484\Debug\Cm0Start.o
 .debug_line    0x00000308      0x198 .\CortexM0\ARM_GCC_484\Debug\Datsun.a(cyfitter_cfg.o)
 .debug_line    0x000004a0       0x68 .\CortexM0\ARM_GCC_484\Debug\Datsun.a(CyBootAsmGnu.o)
 .debug_line    0x00000508      0x486 .\CortexM0\ARM_GCC_484\Debug\Datsun.a(CyLib.o)
 .debug_line    0x0000098e      0x4cb .\CortexM0\ARM_GCC_484\Debug\Datsun.a(CyLFClk.o)
 .debug_line    0x00000e59      0x1f8 .\CortexM0\ARM_GCC_484\Debug\Datsun.a(LCD.o)
 .debug_line    0x00001051      0x1b9 .\CortexM0\ARM_GCC_484\Debug\Datsun.a(PWM_1.o)
 .debug_line    0x0000120a      0x196 .\CortexM0\ARM_GCC_484\Debug\Datsun.a(PWM_2.o)

.debug_frame    0x00000000      0xec8
 *(.debug_frame)
 .debug_frame   0x00000000       0x2c .\CortexM0\ARM_GCC_484\Debug\main.o
 .debug_frame   0x0000002c       0xbc .\CortexM0\ARM_GCC_484\Debug\Cm0Start.o
 .debug_frame   0x000000e8       0xa0 .\CortexM0\ARM_GCC_484\Debug\Datsun.a(cyfitter_cfg.o)
 .debug_frame   0x00000188      0x410 .\CortexM0\ARM_GCC_484\Debug\Datsun.a(CyLib.o)
 .debug_frame   0x00000598      0x404 .\CortexM0\ARM_GCC_484\Debug\Datsun.a(CyLFClk.o)
 .debug_frame   0x0000099c      0x1f0 .\CortexM0\ARM_GCC_484\Debug\Datsun.a(LCD.o)
 .debug_frame   0x00000b8c      0x154 .\CortexM0\ARM_GCC_484\Debug\Datsun.a(PWM_1.o)
 .debug_frame   0x00000ce0      0x134 .\CortexM0\ARM_GCC_484\Debug\Datsun.a(PWM_2.o)
 .debug_frame   0x00000e14       0x20 c:/program files (x86)/cypress/psoc creator/3.2/psoc creator/import/gnu/arm/4.8.4/bin/../lib/gcc/arm-none-eabi/4.8.4/armv6-m\libgcc.a(_udivsi3.o)
 .debug_frame   0x00000e34       0x20 c:/program files (x86)/cypress/psoc creator/3.2/psoc creator/import/gnu/arm/4.8.4/bin/../lib/gcc/arm-none-eabi/4.8.4/../../../../arm-none-eabi/lib/armv6-m\libg_s.a(lib_a-errno.o)
 .debug_frame   0x00000e54       0x28 c:/program files (x86)/cypress/psoc creator/3.2/psoc creator/import/gnu/arm/4.8.4/bin/../lib/gcc/arm-none-eabi/4.8.4/../../../../arm-none-eabi/lib/armv6-m\libg_s.a(lib_a-exit.o)
 .debug_frame   0x00000e7c       0x2c c:/program files (x86)/cypress/psoc creator/3.2/psoc creator/import/gnu/arm/4.8.4/bin/../lib/gcc/arm-none-eabi/4.8.4/../../../../arm-none-eabi/lib/armv6-m\libg_s.a(lib_a-init.o)
 .debug_frame   0x00000ea8       0x20 c:/program files (x86)/cypress/psoc creator/3.2/psoc creator/import/gnu/arm/4.8.4/bin/../lib/gcc/arm-none-eabi/4.8.4/../../../../arm-none-eabi/lib/armv6-m\libg_s.a(lib_a-memset.o)

.debug_str      0x00000000     0x128f
 *(.debug_str)
 .debug_str     0x00000000      0x186 .\CortexM0\ARM_GCC_484\Debug\main.o
                                0x1bf (size before relaxing)
 .debug_str     0x00000186       0x5b .\CortexM0\ARM_GCC_484\Debug\cymetadata.o
                                0x1b6 (size before relaxing)
 .debug_str     0x000001e1      0x163 .\CortexM0\ARM_GCC_484\Debug\Cm0Start.o
                                0x2dd (size before relaxing)
 .debug_str     0x00000344      0x168 .\CortexM0\ARM_GCC_484\Debug\Datsun.a(cyfitter_cfg.o)
                                0x31a (size before relaxing)
 .debug_str     0x000004ac      0x484 .\CortexM0\ARM_GCC_484\Debug\Datsun.a(CyLib.o)
                                0x692 (size before relaxing)
 .debug_str     0x00000930      0x511 .\CortexM0\ARM_GCC_484\Debug\Datsun.a(CyLFClk.o)
                                0x706 (size before relaxing)
 .debug_str     0x00000e41      0x136 .\CortexM0\ARM_GCC_484\Debug\Datsun.a(LCD.o)
                                0x308 (size before relaxing)
 .debug_str     0x00000f77      0x1bd .\CortexM0\ARM_GCC_484\Debug\Datsun.a(PWM_1.o)
                                0x356 (size before relaxing)
 .debug_str     0x00001134      0x15b .\CortexM0\ARM_GCC_484\Debug\Datsun.a(PWM_2.o)
                                0x32d (size before relaxing)

.debug_loc      0x00000000     0x14aa
 *(.debug_loc)
 .debug_loc     0x00000000      0x144 .\CortexM0\ARM_GCC_484\Debug\Cm0Start.o
 .debug_loc     0x00000144      0x14c .\CortexM0\ARM_GCC_484\Debug\Datsun.a(cyfitter_cfg.o)
 .debug_loc     0x00000290      0x4e4 .\CortexM0\ARM_GCC_484\Debug\Datsun.a(CyLib.o)
 .debug_loc     0x00000774      0x8c3 .\CortexM0\ARM_GCC_484\Debug\Datsun.a(CyLFClk.o)
 .debug_loc     0x00001037      0x427 .\CortexM0\ARM_GCC_484\Debug\Datsun.a(LCD.o)
 .debug_loc     0x0000145e       0x26 .\CortexM0\ARM_GCC_484\Debug\Datsun.a(PWM_1.o)
 .debug_loc     0x00001484       0x26 .\CortexM0\ARM_GCC_484\Debug\Datsun.a(PWM_2.o)

.debug_macinfo
 *(.debug_macinfo)

.debug_ranges   0x00000000      0x530
 *(.debug_ranges)
 .debug_ranges  0x00000000       0x10 .\CortexM0\ARM_GCC_484\Debug\main.o
 .debug_ranges  0x00000010       0x50 .\CortexM0\ARM_GCC_484\Debug\Cm0Start.o
 .debug_ranges  0x00000060       0x60 .\CortexM0\ARM_GCC_484\Debug\Datsun.a(cyfitter_cfg.o)
 .debug_ranges  0x000000c0      0x188 .\CortexM0\ARM_GCC_484\Debug\Datsun.a(CyLib.o)
 .debug_ranges  0x00000248      0x140 .\CortexM0\ARM_GCC_484\Debug\Datsun.a(CyLFClk.o)
 .debug_ranges  0x00000388       0x88 .\CortexM0\ARM_GCC_484\Debug\Datsun.a(LCD.o)
 .debug_ranges  0x00000410       0x98 .\CortexM0\ARM_GCC_484\Debug\Datsun.a(PWM_1.o)
 .debug_ranges  0x000004a8       0x88 .\CortexM0\ARM_GCC_484\Debug\Datsun.a(PWM_2.o)

.comment        0x00000000       0x70
 .comment       0x00000000       0x70 .\CortexM0\ARM_GCC_484\Debug\main.o
                                 0x71 (size before relaxing)
 .comment       0x00000000       0x71 .\CortexM0\ARM_GCC_484\Debug\cymetadata.o
 .comment       0x00000000       0x71 .\CortexM0\ARM_GCC_484\Debug\Cm0Start.o
 .comment       0x00000000       0x71 .\CortexM0\ARM_GCC_484\Debug\Datsun.a(cyfitter_cfg.o)
 .comment       0x00000000       0x71 .\CortexM0\ARM_GCC_484\Debug\Datsun.a(CyLib.o)
 .comment       0x00000000       0x71 .\CortexM0\ARM_GCC_484\Debug\Datsun.a(CyLFClk.o)
 .comment       0x00000000       0x71 .\CortexM0\ARM_GCC_484\Debug\Datsun.a(LCD.o)
 .comment       0x00000000       0x71 .\CortexM0\ARM_GCC_484\Debug\Datsun.a(PWM_1.o)
 .comment       0x00000000       0x71 .\CortexM0\ARM_GCC_484\Debug\Datsun.a(PWM_2.o)

.debug_weaknames
 *(.debug_weaknames)

.debug_funcnames
 *(.debug_funcnames)

.debug_typenames
 *(.debug_typenames)

.debug_varnames
 *(.debug_varnames)

.note.gnu.arm.ident
 *(.note.gnu.arm.ident)

.ARM.attributes
                0x00000000       0x28
 *(.ARM.attributes)
 .ARM.attributes
                0x00000000       0x1e c:/program files (x86)/cypress/psoc creator/3.2/psoc creator/import/gnu/arm/4.8.4/bin/../lib/gcc/arm-none-eabi/4.8.4/armv6-m/crti.o
 .ARM.attributes
                0x0000001e       0x2c c:/program files (x86)/cypress/psoc creator/3.2/psoc creator/import/gnu/arm/4.8.4/bin/../lib/gcc/arm-none-eabi/4.8.4/armv6-m/crtbegin.o
 .ARM.attributes
                0x0000004a       0x1b c:/program files (x86)/cypress/psoc creator/3.2/psoc creator/import/gnu/arm/4.8.4/bin/../lib/gcc/arm-none-eabi/4.8.4/../../../../arm-none-eabi/lib/armv6-m/crt0.o
 .ARM.attributes
                0x00000065       0x31 .\CortexM0\ARM_GCC_484\Debug\main.o
 .ARM.attributes
                0x00000096       0x31 .\CortexM0\ARM_GCC_484\Debug\cymetadata.o
 .ARM.attributes
                0x000000c7       0x31 .\CortexM0\ARM_GCC_484\Debug\Cm0Start.o
 .ARM.attributes
                0x000000f8       0x31 .\CortexM0\ARM_GCC_484\Debug\Datsun.a(cyfitter_cfg.o)
 .ARM.attributes
                0x00000129       0x21 .\CortexM0\ARM_GCC_484\Debug\Datsun.a(CyBootAsmGnu.o)
 .ARM.attributes
                0x0000014a       0x31 .\CortexM0\ARM_GCC_484\Debug\Datsun.a(CyLib.o)
 .ARM.attributes
                0x0000017b       0x31 .\CortexM0\ARM_GCC_484\Debug\Datsun.a(CyLFClk.o)
 .ARM.attributes
                0x000001ac       0x31 .\CortexM0\ARM_GCC_484\Debug\Datsun.a(LCD.o)
 .ARM.attributes
                0x000001dd       0x31 .\CortexM0\ARM_GCC_484\Debug\Datsun.a(PWM_1.o)
 .ARM.attributes
                0x0000020e       0x31 .\CortexM0\ARM_GCC_484\Debug\Datsun.a(PWM_2.o)
 .ARM.attributes
                0x0000023f       0x1e c:/program files (x86)/cypress/psoc creator/3.2/psoc creator/import/gnu/arm/4.8.4/bin/../lib/gcc/arm-none-eabi/4.8.4/armv6-m\libgcc.a(_udivsi3.o)
 .ARM.attributes
                0x0000025d       0x1e c:/program files (x86)/cypress/psoc creator/3.2/psoc creator/import/gnu/arm/4.8.4/bin/../lib/gcc/arm-none-eabi/4.8.4/armv6-m\libgcc.a(_dvmd_tls.o)
 .ARM.attributes
                0x0000027b       0x2c c:/program files (x86)/cypress/psoc creator/3.2/psoc creator/import/gnu/arm/4.8.4/bin/../lib/gcc/arm-none-eabi/4.8.4/../../../../arm-none-eabi/lib/armv6-m\libg_s.a(lib_a-errno.o)
 .ARM.attributes
                0x000002a7       0x2c c:/program files (x86)/cypress/psoc creator/3.2/psoc creator/import/gnu/arm/4.8.4/bin/../lib/gcc/arm-none-eabi/4.8.4/../../../../arm-none-eabi/lib/armv6-m\libg_s.a(lib_a-exit.o)
 .ARM.attributes
                0x000002d3       0x2c c:/program files (x86)/cypress/psoc creator/3.2/psoc creator/import/gnu/arm/4.8.4/bin/../lib/gcc/arm-none-eabi/4.8.4/../../../../arm-none-eabi/lib/armv6-m\libg_s.a(lib_a-impure.o)
 .ARM.attributes
                0x000002ff       0x2c c:/program files (x86)/cypress/psoc creator/3.2/psoc creator/import/gnu/arm/4.8.4/bin/../lib/gcc/arm-none-eabi/4.8.4/../../../../arm-none-eabi/lib/armv6-m\libg_s.a(lib_a-init.o)
 .ARM.attributes
                0x0000032b       0x2c c:/program files (x86)/cypress/psoc creator/3.2/psoc creator/import/gnu/arm/4.8.4/bin/../lib/gcc/arm-none-eabi/4.8.4/../../../../arm-none-eabi/lib/armv6-m\libg_s.a(lib_a-memset.o)
 .ARM.attributes
                0x00000357       0x2c c:/program files (x86)/cypress/psoc creator/3.2/psoc creator/import/gnu/arm/4.8.4/bin/../lib/gcc/arm-none-eabi/4.8.4/armv6-m/crtend.o
 .ARM.attributes
                0x00000383       0x1e c:/program files (x86)/cypress/psoc creator/3.2/psoc creator/import/gnu/arm/4.8.4/bin/../lib/gcc/arm-none-eabi/4.8.4/armv6-m/crtn.o

/DISCARD/
 *(.note.GNU-stack)
OUTPUT(.\CortexM0\ARM_GCC_484\Debug\Datsun.elf elf32-littlearm)
