Archive member included because of file (symbol)

.\CortexM0\ARM_GCC_484\Debug\Datson.a(cyfitter_cfg.o)
                              .\CortexM0\ARM_GCC_484\Debug\Cm0Start.o (cyfitter_cfg)
.\CortexM0\ARM_GCC_484\Debug\Datson.a(CyBootAsmGnu.o)
                              .\CortexM0\ARM_GCC_484\Debug\Datson.a(cyfitter_cfg.o) (CyDelayCycles)
.\CortexM0\ARM_GCC_484\Debug\Datson.a(CyLib.o)
                              .\CortexM0\ARM_GCC_484\Debug\Datson.a(cyfitter_cfg.o) (CySysClkWriteImoFreq)
.\CortexM0\ARM_GCC_484\Debug\Datson.a(CyLFClk.o)
                              .\CortexM0\ARM_GCC_484\Debug\Datson.a(cyfitter_cfg.o) (CySysClkWcoStart)
.\CortexM0\ARM_GCC_484\Debug\Datson.a(LCD.o)
                              .\CortexM0\ARM_GCC_484\Debug\main.o (LCD_PrintString)
.\CortexM0\ARM_GCC_484\Debug\Datson.a(PWM_1.o)
                              .\CortexM0\ARM_GCC_484\Debug\main.o (PWM_1_Start)
.\CortexM0\ARM_GCC_484\Debug\Datson.a(PWM_2.o)
                              .\CortexM0\ARM_GCC_484\Debug\main.o (PWM_2_Start)
.\CortexM0\ARM_GCC_484\Debug\Datson.a(BLE.o)
                              .\CortexM0\ARM_GCC_484\Debug\bleconnection.o (CyBle_Start)
.\CortexM0\ARM_GCC_484\Debug\Datson.a(BLE_gatt.o)
                              .\CortexM0\ARM_GCC_484\Debug\main.o (cyBle_state)
.\CortexM0\ARM_GCC_484\Debug\Datson.a(BLE_eventHandler.o)
                              .\CortexM0\ARM_GCC_484\Debug\main.o (cyBle_connHandle)
.\CortexM0\ARM_GCC_484\Debug\Datson.a(BLE_custom.o)
                              .\CortexM0\ARM_GCC_484\Debug\Datson.a(BLE.o) (CyBle_CustomInit)
C:\Program Files (x86)\Cypress\PSoC Creator\3.2\PSoC Creator\psoc\content\cycomponentlibrary\CyComponentLibrary.cylib\BLE_v2_10\Library\gccCyBLEStack_BLE_SOC_PERIPHERAL.a(CyBle.o)
                              .\CortexM0\ARM_GCC_484\Debug\main.o (CyBle_ProcessEvents)
C:\Program Files (x86)\Cypress\PSoC Creator\3.2\PSoC Creator\psoc\content\cycomponentlibrary\CyComponentLibrary.cylib\BLE_v2_10\Library\gccCyBLEStack_BLE_SOC_PERIPHERAL.a(CyBleStackMgrIP_Interface.o)
                              C:\Program Files (x86)\Cypress\PSoC Creator\3.2\PSoC Creator\psoc\content\cycomponentlibrary\CyComponentLibrary.cylib\BLE_v2_10\Library\gccCyBLEStack_BLE_SOC_PERIPHERAL.a(CyBle.o) (CyBleStackMgr_Init)
C:\Program Files (x86)\Cypress\PSoC Creator\3.2\PSoC Creator\psoc\content\cycomponentlibrary\CyComponentLibrary.cylib\BLE_v2_10\Library\gccCyBLEStack_BLE_SOC_PERIPHERAL.a(BT_os.o)
                              C:\Program Files (x86)\Cypress\PSoC Creator\3.2\PSoC Creator\psoc\content\cycomponentlibrary\CyComponentLibrary.cylib\BLE_v2_10\Library\gccCyBLEStack_BLE_SOC_PERIPHERAL.a(CyBleStackMgrIP_Interface.o) (cyBleStackMemoryConfig)
C:\Program Files (x86)\Cypress\PSoC Creator\3.2\PSoC Creator\psoc\content\cycomponentlibrary\CyComponentLibrary.cylib\BLE_v2_10\Library\gccCyBLEStack_BLE_SOC_PERIPHERAL.a(CyBleStackMgr_StackTaskHandler.o)
                              C:\Program Files (x86)\Cypress\PSoC Creator\3.2\PSoC Creator\psoc\content\cycomponentlibrary\CyComponentLibrary.cylib\BLE_v2_10\Library\gccCyBLEStack_BLE_SOC_PERIPHERAL.a(CyBleStackMgrIP_Interface.o) (CyBle_CreateBleStackTask)
C:\Program Files (x86)\Cypress\PSoC Creator\3.2\PSoC Creator\psoc\content\cycomponentlibrary\CyComponentLibrary.cylib\BLE_v2_10\Library\gccCyBLEStack_BLE_SOC_PERIPHERAL.a(transport_sf.o)
                              C:\Program Files (x86)\Cypress\PSoC Creator\3.2\PSoC Creator\psoc\content\cycomponentlibrary\CyComponentLibrary.cylib\BLE_v2_10\Library\gccCyBLEStack_BLE_SOC_PERIPHERAL.a(CyBleStackMgr_StackTaskHandler.o) (hci_soft_transport_notify_data_received)
C:\Program Files (x86)\Cypress\PSoC Creator\3.2\PSoC Creator\psoc\content\cycomponentlibrary\CyComponentLibrary.cylib\BLE_v2_10\Library\gccCyBLEStack_BLE_SOC_PERIPHERAL.a(CyBleStackMgr_PSoCHal.o)
                              C:\Program Files (x86)\Cypress\PSoC Creator\3.2\PSoC Creator\psoc\content\cycomponentlibrary\CyComponentLibrary.cylib\BLE_v2_10\Library\gccCyBLEStack_BLE_SOC_PERIPHERAL.a(CyBleStackMgrIP_Interface.o) (CyBleStackMgr_HalInit)
C:\Program Files (x86)\Cypress\PSoC Creator\3.2\PSoC Creator\psoc\content\cycomponentlibrary\CyComponentLibrary.cylib\BLE_v2_10\Library\gccCyBLEStack_BLE_SOC_PERIPHERAL.a(CyBleStackMgr_BleSSDriver.o)
                              C:\Program Files (x86)\Cypress\PSoC Creator\3.2\PSoC Creator\psoc\content\cycomponentlibrary\CyComponentLibrary.cylib\BLE_v2_10\Library\gccCyBLEStack_BLE_SOC_PERIPHERAL.a(CyBleStackMgrIP_Interface.o) (CyBleStackMgr_BleSSInit)
C:\Program Files (x86)\Cypress\PSoC Creator\3.2\PSoC Creator\psoc\content\cycomponentlibrary\CyComponentLibrary.cylib\BLE_v2_10\Library\gccCyBLEStack_BLE_SOC_PERIPHERAL.a(config_bin.o)
                              C:\Program Files (x86)\Cypress\PSoC Creator\3.2\PSoC Creator\psoc\content\cycomponentlibrary\CyComponentLibrary.cylib\BLE_v2_10\Library\gccCyBLEStack_BLE_SOC_PERIPHERAL.a(CyBleStackMgr_PSoCHal.o) (bt_cfg_pdata)
[...]
Memory Configuration

Name             Origin             Length             Attributes
rom              0x00000000         0x00020000         xr
ram              0x20000000         0x00004000         xrw
*default*        0x00000000         0xffffffff

Linker script and memory map

LOAD c:/program files (x86)/cypress/psoc creator/3.2/psoc creator/import/gnu/arm/4.8.4/bin/../lib/gcc/arm-none-eabi/4.8.4/armv6-m/crti.o
LOAD c:/program files (x86)/cypress/psoc creator/3.2/psoc creator/import/gnu/arm/4.8.4/bin/../lib/gcc/arm-none-eabi/4.8.4/armv6-m/crtbegin.o
LOAD c:/program files (x86)/cypress/psoc creator/3.2/psoc creator/import/gnu/arm/4.8.4/bin/../lib/gcc/arm-none-eabi/4.8.4/../../../../arm-none-eabi/lib/armv6-m/crt0.o
START GROUP
LOAD .\CortexM0\ARM_GCC_484\Debug\main.o
LOAD .\CortexM0\ARM_GCC_484\Debug\bleconnection.o
LOAD .\CortexM0\ARM_GCC_484\Debug\SerialComunicationService.o
LOAD .\CortexM0\ARM_GCC_484\Debug\cymetadata.o
LOAD .\CortexM0\ARM_GCC_484\Debug\Cm0Start.o
LOAD .\CortexM0\ARM_GCC_484\Debug\Datson.a
LOAD C:\Program Files (x86)\Cypress\PSoC Creator\3.2\PSoC Creator\psoc\content\cycomponentlibrary\CyComponentLibrary.cylib\BLE_v2_10\Library\gccCyBLEStack_BLE_SOC_PERIPHERAL.a
LOAD C:\Program Files (x86)\Cypress\PSoC Creator\3.2\PSoC Creator\psoc\content\cycomponentlibrary\CyComponentLibrary.cylib\CortexM0\ARM_GCC_484\Debug\CyComponentLibrary.a
END GROUP
START GROUP
LOAD c:/program files (x86)/cypress/psoc creator/3.2/psoc creator/import/gnu/arm/4.8.4/bin/../lib/gcc/arm-none-eabi/4.8.4/armv6-m\libgcc.a
LOAD c:/program files (x86)/cypress/psoc creator/3.2/psoc creator/import/gnu/arm/4.8.4/bin/../lib/gcc/arm-none-eabi/4.8.4/../../../../arm-none-eabi/lib/armv6-m\libg_s.a
LOAD c:/program files (x86)/cypress/psoc creator/3.2/psoc creator/import/gnu/arm/4.8.4/bin/../lib/gcc/arm-none-eabi/4.8.4/../../../../arm-none-eabi/lib/armv6-m\libc_s.a
END GROUP
START GROUP
LOAD c:/program files (x86)/cypress/psoc creator/3.2/psoc creator/import/gnu/arm/4.8.4/bin/../lib/gcc/arm-none-eabi/4.8.4/armv6-m\libgcc.a
LOAD c:/program files (x86)/cypress/psoc creator/3.2/psoc creator/import/gnu/arm/4.8.4/bin/../lib/gcc/arm-none-eabi/4.8.4/../../../../arm-none-eabi/lib/armv6-m\libc_s.a
END GROUP
LOAD c:/program files (x86)/cypress/psoc creator/3.2/psoc creator/import/gnu/arm/4.8.4/bin/../lib/gcc/arm-none-eabi/4.8.4/armv6-m/crtend.o
LOAD c:/program files (x86)/cypress/psoc creator/3.2/psoc creator/import/gnu/arm/4.8.4/bin/../lib/gcc/arm-none-eabi/4.8.4/armv6-m/crtn.o
START GROUP
LOAD c:/program files (x86)/cypress/psoc creator/3.2/psoc creator/import/gnu/arm/4.8.4/bin/../lib/gcc/arm-none-eabi/4.8.4/armv6-m\libgcc.a
LOAD c:/program files (x86)/cypress/psoc creator/3.2/psoc creator/import/gnu/arm/4.8.4/bin/../lib/gcc/arm-none-eabi/4.8.4/../../../../arm-none-eabi/lib/armv6-m\libc.a
LOAD c:/program files (x86)/cypress/psoc creator/3.2/psoc creator/import/gnu/arm/4.8.4/bin/../lib/gcc/arm-none-eabi/4.8.4/../../../../arm-none-eabi/lib/armv6-m\libnosys.a
END GROUP
                0x00000000                CY_APPL_ORIGIN = 0x0
                0x00000080                CY_FLASH_ROW_SIZE = 0x80
                0x00000001                CY_APPL_NUM = 0x1
                0x00000040                CY_METADATA_SIZE = 0x40
                0x20001e40                PROVIDE (__cy_heap_start, _end)
                0x00000001                PROVIDE (__cy_region_num, ((__cy_regions_end - __cy_regions) / 0x10))
                0x20004000                PROVIDE (__cy_stack, (ORIGIN (ram) + 0x4000))
                0x20003800                PROVIDE (__cy_heap_end, (__cy_stack - 0x800))

.cybootloader   0x00000000        0x0
 *(.cybootloader)
                0x00000000                appl1_start = CY_APPL_ORIGIN?CY_APPL_ORIGIN:ALIGN (CY_FLASH_ROW_SIZE)
                0x0000ff80                appl2_start = (appl1_start + ALIGN ((((0x20000 - appl1_start) - (0x2 * CY_FLASH_ROW_SIZE)) / 0x2), CY_FLASH_ROW_SIZE))
                0x00000000                appl_start = (CY_APPL_NUM == 0x1)?appl1_start:appl2_start

.text           0x00000000     0x1894
 CREATE_OBJECT_SYMBOLS
                0x00000000                PROVIDE (__cy_interrupt_vector, RomVectors)
 *(.romvectors)
 .romvectors    0x00000000       0x10 .\CortexM0\ARM_GCC_484\Debug\Cm0Start.o
                0x00000000                RomVectors
                0x00000001                ASSERT ((. != __cy_interrupt_vector), No interrupt vector)
                0x00000001                ASSERT (CY_APPL_ORIGIN?(SIZEOF (.cybootloader) <= CY_APPL_ORIGIN):0x1, Wrong image location)
                0x00000010                PROVIDE (__cy_reset, Reset)
 *(.text.Reset)
 .text.Reset    0x00000010        0x8 .\CortexM0\ARM_GCC_484\Debug\Cm0Start.o
                0x00000010                Reset
                0x00000001                ASSERT ((. != __cy_reset), No reset code)
 *(.psocinit)
 .psocinit      0x00000018      0x1bc .\CortexM0\ARM_GCC_484\Debug\Datson.a(cyfitter_cfg.o)
                0x000000e8                cyfitter_cfg
                0x000001d4                . = MAX (., 0x100)
 *(.text .text.* .gnu.linkonce.t.*)
 .text          0x000001d4       0x60 c:/program files (x86)/cypress/psoc creator/3.2/psoc creator/import/gnu/arm/4.8.4/bin/../lib/gcc/arm-none-eabi/4.8.4/armv6-m/crtbegin.o
 .text.StackEventHandler
                0x00000234       0xb8 .\CortexM0\ARM_GCC_484\Debug\main.o
                0x00000234                StackEventHandler
 .text.main     0x000002ec       0x50 .\CortexM0\ARM_GCC_484\Debug\main.o
                0x000002ec                main
 .text.BleConnectionInit
                0x0000033c       0x74 .\CortexM0\ARM_GCC_484\Debug\bleconnection.o
                0x0000033c                BleConnectionInit
 .text.BleConnectionStartAdvertising
                0x000003b0       0x40 .\CortexM0\ARM_GCC_484\Debug\bleconnection.o
                0x000003b0                BleConnectionStartAdvertising
 .text.BleConnectionSetIRK
                0x000003f0       0x18 .\CortexM0\ARM_GCC_484\Debug\bleconnection.o
                0x000003f0                BleConnectionSetIRK
 .text.BleConnectionResolvePeerAddress
                0x00000408       0x74 .\CortexM0\ARM_GCC_484\Debug\bleconnection.o
                0x00000408                BleConnectionResolvePeerAddress
 .text._BleConnectionUpdateBondedDeviceList
                0x0000047c       0x60 .\CortexM0\ARM_GCC_484\Debug\bleconnection.o
                0x0000047c                _BleConnectionUpdateBondedDeviceList
 .text.BleConnectionFinalizeAuthentification
                0x000004dc        0x8 .\CortexM0\ARM_GCC_484\Debug\bleconnection.o
                0x000004dc                BleConnectionFinalizeAuthentification
 .text.SerialCommunicationInit
                0x000004e4        0x4 .\CortexM0\ARM_GCC_484\Debug\SerialComunicationService.o
                0x000004e4                SerialCommunicationInit
 .text.SerialCommunicationServiceCharacteristicHandler
                0x000004e8       0x1c .\CortexM0\ARM_GCC_484\Debug\SerialComunicationService.o
                0x000004e8                SerialCommunicationServiceCharacteristicHandler
 .text.SerialCommunicationServiceNotificationHandler
                0x00000504       0x24 .\CortexM0\ARM_GCC_484\Debug\SerialComunicationService.o
                0x00000504                SerialCommunicationServiceNotificationHandler
 .text.SerialCommunicationServiceReset
                0x00000528       0x14 .\CortexM0\ARM_GCC_484\Debug\SerialComunicationService.o
                0x00000528                SerialCommunicationServiceReset
 .text.IntDefaultHandler
                0x0000053c        0x4 .\CortexM0\ARM_GCC_484\Debug\Cm0Start.o
                0x0000053c                IntDefaultHandler
 .text.Start_c  0x00000540       0x48 .\CortexM0\ARM_GCC_484\Debug\Cm0Start.o
                0x00000540                Start_c
 .text.initialize_psoc
                0x00000588       0x58 .\CortexM0\ARM_GCC_484\Debug\Cm0Start.o
                0x00000588                initialize_psoc
 .text.cfg_write_bytes32
                0x000005e0       0x38 .\CortexM0\ARM_GCC_484\Debug\Datson.a(cyfitter_cfg.o)
 .text.AnalogSetDefault
                0x00000618       0x20 .\CortexM0\ARM_GCC_484\Debug\Datson.a(cyfitter_cfg.o)
 .text.CYMEMZERO
                0x00000638        0xc .\CortexM0\ARM_GCC_484\Debug\Datson.a(cyfitter_cfg.o)
 *fill*         0x00000644        0x4 
 .text          0x00000648       0x20 .\CortexM0\ARM_GCC_484\Debug\Datson.a(CyBootAsmGnu.o)
                0x00000648                CyDelayCycles
                0x0000065a                CyEnterCriticalSection
                0x00000662                CyExitCriticalSection
 .text.CySysClkWriteImoFreq
                0x00000668       0x64 .\CortexM0\ARM_GCC_484\Debug\Datson.a(CyLib.o)
                0x00000668                CySysClkWriteImoFreq
 .text.CySysClkEcoReadStatus
                0x000006cc       0x10 .\CortexM0\ARM_GCC_484\Debug\Datson.a(CyLib.o)
                0x000006cc                CySysClkEcoReadStatus
 .text.CyIntEnable
                0x000006dc       0x14 .\CortexM0\ARM_GCC_484\Debug\Datson.a(CyLib.o)
                0x000006dc                CyIntEnable
 .text.CyHalt   0x000006f0        0x4 .\CortexM0\ARM_GCC_484\Debug\Datson.a(CyLib.o)
                0x000006f0                CyHalt
 .text.CyIntSetVector
                0x000006f4       0x20 .\CortexM0\ARM_GCC_484\Debug\Datson.a(CyLib.o)
                0x000006f4                CyIntSetVector
 .text.CyDelay  0x00000714       0x30 .\CortexM0\ARM_GCC_484\Debug\Datson.a(CyLib.o)
                0x00000714                CyDelay
 .text.CyDelayUs
                0x00000744       0x14 .\CortexM0\ARM_GCC_484\Debug\Datson.a(CyLib.o)
                0x00000744                CyDelayUs
 .text.CySysClkEcoStart
                0x00000758       0x54 .\CortexM0\ARM_GCC_484\Debug\Datson.a(CyLib.o)
                0x00000758                CySysClkEcoStart
 .text.CySysWdtLocked
                0x000007ac       0x18 .\CortexM0\ARM_GCC_484\Debug\Datson.a(CyLFClk.o)
 .text.CySysClkWcoStart
                0x000007c4       0x40 .\CortexM0\ARM_GCC_484\Debug\Datson.a(CyLFClk.o)
                0x000007c4                CySysClkWcoStart
 .text.CySysClkWcoSetPowerMode
                0x00000804       0x84 .\CortexM0\ARM_GCC_484\Debug\Datson.a(CyLFClk.o)
                0x00000804                CySysClkWcoSetPowerMode
 .text.CySysWdtLock
                0x00000888       0x1c .\CortexM0\ARM_GCC_484\Debug\Datson.a(CyLFClk.o)
                0x00000888                CySysWdtLock
 .text.CySysWdtUnlock
                0x000008a4       0x30 .\CortexM0\ARM_GCC_484\Debug\Datson.a(CyLFClk.o)
                0x000008a4                CySysWdtUnlock
 .text.CySysWdtClearInterrupt
                0x000008d4       0x4c .\CortexM0\ARM_GCC_484\Debug\Datson.a(CyLFClk.o)
                0x000008d4                CySysWdtClearInterrupt
 .text.CySysWdtIsr
                0x00000920       0xa4 .\CortexM0\ARM_GCC_484\Debug\Datson.a(CyLFClk.o)
                0x00000920                CySysWdtIsr
 .text.LCD_WrCntrlNib
                0x000009c4       0x34 .\CortexM0\ARM_GCC_484\Debug\Datson.a(LCD.o)
 .text.LCD_WrDatNib
                0x000009f8       0x44 .\CortexM0\ARM_GCC_484\Debug\Datson.a(LCD.o)
 .text.LCD_IsReady
                0x00000a3c       0xc0 .\CortexM0\ARM_GCC_484\Debug\Datson.a(LCD.o)
                0x00000a3c                LCD_IsReady
 .text.LCD_WriteData
                0x00000afc       0x18 .\CortexM0\ARM_GCC_484\Debug\Datson.a(LCD.o)
                0x00000afc                LCD_WriteData
 .text.LCD_PrintString
                0x00000b14       0x1c .\CortexM0\ARM_GCC_484\Debug\Datson.a(LCD.o)
                0x00000b14                LCD_PrintString
 .text.LCD_WriteControl
                0x00000b30       0x18 .\CortexM0\ARM_GCC_484\Debug\Datson.a(LCD.o)
                0x00000b30                LCD_WriteControl
 .text.LCD_Init
                0x00000b48       0x6c .\CortexM0\ARM_GCC_484\Debug\Datson.a(LCD.o)
                0x00000b48                LCD_Init
 .text.LCD_Enable
                0x00000bb4       0x14 .\CortexM0\ARM_GCC_484\Debug\Datson.a(LCD.o)
                0x00000bb4                LCD_Enable
 .text.LCD_Start
                0x00000bc8       0x20 .\CortexM0\ARM_GCC_484\Debug\Datson.a(LCD.o)
                0x00000bc8                LCD_Start
 .text.LCD_Position
                0x00000be8       0x3c .\CortexM0\ARM_GCC_484\Debug\Datson.a(LCD.o)
                0x00000be8                LCD_Position
 .text.PWM_1_Enable
                0x00000c24       0x10 .\CortexM0\ARM_GCC_484\Debug\Datson.a(PWM_1.o)
                0x00000c24                PWM_1_Enable
 .text.PWM_1_WriteCounter
                0x00000c34        0xc .\CortexM0\ARM_GCC_484\Debug\Datson.a(PWM_1.o)
                0x00000c34                PWM_1_WriteCounter
 .text.PWM_1_WritePeriod
                0x00000c40        0xc .\CortexM0\ARM_GCC_484\Debug\Datson.a(PWM_1.o)
                0x00000c40                PWM_1_WritePeriod
 .text.PWM_1_WriteCompare1
                0x00000c4c        0xc .\CortexM0\ARM_GCC_484\Debug\Datson.a(PWM_1.o)
                0x00000c4c                PWM_1_WriteCompare1
 .text.PWM_1_WriteCompare2
                0x00000c58        0xc .\CortexM0\ARM_GCC_484\Debug\Datson.a(PWM_1.o)
                0x00000c58                PWM_1_WriteCompare2
 .text.PWM_1_SetInterruptMode
                0x00000c64        0xc .\CortexM0\ARM_GCC_484\Debug\Datson.a(PWM_1.o)
                0x00000c64                PWM_1_SetInterruptMode
 .text.PWM_1_ReadStatusRegister
                0x00000c70        0xc .\CortexM0\ARM_GCC_484\Debug\Datson.a(PWM_1.o)
                0x00000c70                PWM_1_ReadStatusRegister
 .text.PWM_1_ReadCapture
                0x00000c7c        0xc .\CortexM0\ARM_GCC_484\Debug\Datson.a(PWM_1.o)
                0x00000c7c                PWM_1_ReadCapture
 .text.PWM_1_ClearFIFO
                0x00000c88       0x14 .\CortexM0\ARM_GCC_484\Debug\Datson.a(PWM_1.o)
                0x00000c88                PWM_1_ClearFIFO
 .text.PWM_1_Init
                0x00000c9c       0x58 .\CortexM0\ARM_GCC_484\Debug\Datson.a(PWM_1.o)
                0x00000c9c                PWM_1_Init
 .text.PWM_1_Start
                0x00000cf4       0x20 .\CortexM0\ARM_GCC_484\Debug\Datson.a(PWM_1.o)
                0x00000cf4                PWM_1_Start
 .text.PWM_2_Enable
                0x00000d14       0x10 .\CortexM0\ARM_GCC_484\Debug\Datson.a(PWM_2.o)
                0x00000d14                PWM_2_Enable
 .text.PWM_2_WriteCounter
                0x00000d24        0xc .\CortexM0\ARM_GCC_484\Debug\Datson.a(PWM_2.o)
                0x00000d24                PWM_2_WriteCounter
 .text.PWM_2_WritePeriod
                0x00000d30        0xc .\CortexM0\ARM_GCC_484\Debug\Datson.a(PWM_2.o)
                0x00000d30                PWM_2_WritePeriod
 .text.PWM_2_WriteCompare
                0x00000d3c        0xc .\CortexM0\ARM_GCC_484\Debug\Datson.a(PWM_2.o)
                0x00000d3c                PWM_2_WriteCompare
 .text.PWM_2_SetInterruptMode
                0x00000d48        0xc .\CortexM0\ARM_GCC_484\Debug\Datson.a(PWM_2.o)
                0x00000d48                PWM_2_SetInterruptMode
 .text.PWM_2_ReadStatusRegister
                0x00000d54        0xc .\CortexM0\ARM_GCC_484\Debug\Datson.a(PWM_2.o)
                0x00000d54                PWM_2_ReadStatusRegister
 .text.PWM_2_ReadCapture
                0x00000d60        0xc .\CortexM0\ARM_GCC_484\Debug\Datson.a(PWM_2.o)
                0x00000d60                PWM_2_ReadCapture
 .text.PWM_2_ClearFIFO
                0x00000d6c       0x14 .\CortexM0\ARM_GCC_484\Debug\Datson.a(PWM_2.o)
                0x00000d6c                PWM_2_ClearFIFO
 .text.PWM_2_Init
                0x00000d80       0x50 .\CortexM0\ARM_GCC_484\Debug\Datson.a(PWM_2.o)
                0x00000d80                PWM_2_Init
 .text.PWM_2_Start
                0x00000dd0       0x20 .\CortexM0\ARM_GCC_484\Debug\Datson.a(PWM_2.o)
                0x00000dd0                PWM_2_Start
 .text.CyBle_ServiceInit
                0x00000df0        0x8 .\CortexM0\ARM_GCC_484\Debug\Datson.a(BLE.o)
                0x00000df0                CyBle_ServiceInit
 .text.CyBle_Init
                0x00000df8       0x2c .\CortexM0\ARM_GCC_484\Debug\Datson.a(BLE.o)
                0x00000df8                CyBle_Init
 .text.CyBle_Start
                0x00000e24       0x88 .\CortexM0\ARM_GCC_484\Debug\Datson.a(BLE.o)
                0x00000e24                CyBle_Start
 .text.CyBle_StoreBondingData
                0x00000eac       0x74 .\CortexM0\ARM_GCC_484\Debug\Datson.a(BLE.o)
                0x00000eac                CyBle_StoreBondingData
 .text.CyBle_GappStartAdvertisement
                0x00000f20       0x84 .\CortexM0\ARM_GCC_484\Debug\Datson.a(BLE.o)
                0x00000f20                CyBle_GappStartAdvertisement
 .text.CyBle_ChangeAdDeviceAddress
                0x00000fa4        0x4 .\CortexM0\ARM_GCC_484\Debug\Datson.a(BLE.o)
                0x00000fa4                CyBle_ChangeAdDeviceAddress
 .text.CyBle_Get16ByPtr
                0x00000fa8        0xc .\CortexM0\ARM_GCC_484\Debug\Datson.a(BLE.o)
                0x00000fa8                CyBle_Get16ByPtr
 .text.CyBle_GattsWriteEventHandler
                0x00000fb4       0x58 .\CortexM0\ARM_GCC_484\Debug\Datson.a(BLE_gatt.o)
                0x00000fb4                CyBle_GattsWriteEventHandler
 .text.CyBle_GattDisconnectEventHandler
                0x0000100c       0x10 .\CortexM0\ARM_GCC_484\Debug\Datson.a(BLE_eventHandler.o)
 .text.CyBle_IsDeviceAddressValid
                0x0000101c       0x24 .\CortexM0\ARM_GCC_484\Debug\Datson.a(BLE_eventHandler.o)
 .text.CyBle_WriteReqHandler
                0x00001040       0x38 .\CortexM0\ARM_GCC_484\Debug\Datson.a(BLE_eventHandler.o)
 .text.CyBle_EventHandler
                0x00001078      0x218 .\CortexM0\ARM_GCC_484\Debug\Datson.a(BLE_eventHandler.o)
                0x00001078                CyBle_EventHandler
 .text.CyBle_CustomInit
                0x00001290        0x4 .\CortexM0\ARM_GCC_484\Debug\Datson.a(BLE_custom.o)
                0x00001290                CyBle_CustomInit
 .text.CySysPmSleep
                0x00001294       0x1c .\CortexM0\ARM_GCC_484\Debug\Datson.a(cyPm.o)
                0x00001294                CySysPmSleep
 .text.CyBLE_Nvram_Write
                0x000012b0       0xa8 .\CortexM0\ARM_GCC_484\Debug\Datson.a(BLE_HAL_PVT.o)
                0x000012b0                CyBLE_Nvram_Write
 .text.CyBLE_Bless_LlRegWrite
                0x00001358        0x4 .\CortexM0\ARM_GCC_484\Debug\Datson.a(BLE_HAL_PVT.o)
                0x00001358                CyBLE_Bless_LlRegWrite
 .text.CyBLE_Bless_RfRegWrite
                0x0000135c        0x4 .\CortexM0\ARM_GCC_484\Debug\Datson.a(BLE_HAL_PVT.o)
                0x0000135c                CyBLE_Bless_RfRegWrite
 .text.CyBLE_BlessDeviceConfig
                0x00001360       0xdc .\CortexM0\ARM_GCC_484\Debug\Datson.a(BLE_HAL_PVT.o)
                0x00001360                CyBLE_BlessDeviceConfig
 .text.CyBleHal_DelayUs
                0x0000143c        0x8 .\CortexM0\ARM_GCC_484\Debug\Datson.a(BLE_HAL_PVT.o)
                0x0000143c                CyBleHal_DelayUs
 .text.CyBleHal_EnableGlobalInterrupts
                0x00001444        0x8 .\CortexM0\ARM_GCC_484\Debug\Datson.a(BLE_HAL_PVT.o)
                0x00001444                CyBleHal_EnableGlobalInterrupts
 .text.CyBleHal_DisableGlobalInterrupts
                0x0000144c        0x8 .\CortexM0\ARM_GCC_484\Debug\Datson.a(BLE_HAL_PVT.o)
                0x0000144c                CyBleHal_DisableGlobalInterrupts
 .text.CyBle_HalInit
                0x00001454       0x18 .\CortexM0\ARM_GCC_484\Debug\Datson.a(BLE_HAL_PVT.o)
                0x00001454                CyBle_HalInit
 .text.CYBLE_BlessStart
                0x0000146c       0x10 .\CortexM0\ARM_GCC_484\Debug\Datson.a(BLE_HAL_PVT.o)
                0x0000146c                CYBLE_BlessStart
 .text.BLE_bless_isr_SetVector
                0x0000147c        0xc .\CortexM0\ARM_GCC_484\Debug\Datson.a(BLE_bless_isr.o)
                0x0000147c                BLE_bless_isr_SetVector
 .text.BLE_bless_isr_SetPriority
                0x00001488       0x24 .\CortexM0\ARM_GCC_484\Debug\Datson.a(BLE_bless_isr.o)
                0x00001488                BLE_bless_isr_SetPriority
 .text.BLE_bless_isr_Enable
                0x000014ac       0x10 .\CortexM0\ARM_GCC_484\Debug\Datson.a(BLE_bless_isr.o)
                0x000014ac                BLE_bless_isr_Enable
 .text.BLE_bless_isr_Disable
                0x000014bc       0x10 .\CortexM0\ARM_GCC_484\Debug\Datson.a(BLE_bless_isr.o)
                0x000014bc                BLE_bless_isr_Disable
 .text.BLE_bless_isr_StartEx
                0x000014cc       0x1c .\CortexM0\ARM_GCC_484\Debug\Datson.a(BLE_bless_isr.o)
                0x000014cc                BLE_bless_isr_StartEx
 .text.CySysFlashClockBackup
                0x000014e8       0x44 .\CortexM0\ARM_GCC_484\Debug\Datson.a(CyFlash.o)
 .text.CySysFlashClockConfig
                0x0000152c       0x34 .\CortexM0\ARM_GCC_484\Debug\Datson.a(CyFlash.o)
 .text.CySysFlashClockRestore
                0x00001560       0x44 .\CortexM0\ARM_GCC_484\Debug\Datson.a(CyFlash.o)
 .text.CySysFlashWriteRow
                0x000015a4       0xe8 .\CortexM0\ARM_GCC_484\Debug\Datson.a(CyFlash.o)
                0x000015a4                CySysFlashWriteRow
 .text.CyBLE_Bless_Interrupt
                0x0000168c        0x8 .\CortexM0\ARM_GCC_484\Debug\Datson.a(BLE_HAL_INT.o)
                0x0000168c                CyBLE_Bless_Interrupt
 .text          0x00001694       0x9c c:/program files (x86)/cypress/psoc creator/3.2/psoc creator/import/gnu/arm/4.8.4/bin/../lib/gcc/arm-none-eabi/4.8.4/armv6-m\libgcc.a(_udivsi3.o)
                0x00001694                __aeabi_uidiv
                0x00001694                __udivsi3
                0x0000171c                __aeabi_uidivmod
 .text          0x00001730       0xc0 c:/program files (x86)/cypress/psoc creator/3.2/psoc creator/import/gnu/arm/4.8.4/bin/../lib/gcc/arm-none-eabi/4.8.4/armv6-m\libgcc.a(_divsi3.o)
                0x00001730                __divsi3
                0x00001730                __aeabi_idiv
                0x000017dc                __aeabi_idivmod
 .text          0x000017f0        0x4 c:/program files (x86)/cypress/psoc creator/3.2/psoc creator/import/gnu/arm/4.8.4/bin/../lib/gcc/arm-none-eabi/4.8.4/armv6-m\libgcc.a(_dvmd_tls.o)
                0x000017f0                __aeabi_idiv0
                0x000017f0                __aeabi_ldiv0
 .text.__libc_init_array
                0x000017f4       0x4c c:/program files (x86)/cypress/psoc creator/3.2/psoc creator/import/gnu/arm/4.8.4/bin/../lib/gcc/arm-none-eabi/4.8.4/../../../../arm-none-eabi/lib/armv6-m\libg_s.a(lib_a-init.o)
                0x000017f4                __libc_init_array
 .text.memcmp   0x00001840       0x1e c:/program files (x86)/cypress/psoc creator/3.2/psoc creator/import/gnu/arm/4.8.4/bin/../lib/gcc/arm-none-eabi/4.8.4/../../../../arm-none-eabi/lib/armv6-m\libg_s.a(lib_a-memcmp.o)
                0x00001840                memcmp
 .text.memcpy   0x0000185e       0x12 c:/program files (x86)/cypress/psoc creator/3.2/psoc creator/import/gnu/arm/4.8.4/bin/../lib/gcc/arm-none-eabi/4.8.4/../../../../arm-none-eabi/lib/armv6-m\libg_s.a(lib_a-memcpy-stub.o)
                0x0000185e                memcpy
 .text.memset   0x00001870       0x10 c:/program files (x86)/cypress/psoc creator/3.2/psoc creator/import/gnu/arm/4.8.4/bin/../lib/gcc/arm-none-eabi/4.8.4/../../../../arm-none-eabi/lib/armv6-m\libg_s.a(lib_a-memset.o)
                0x00001870                memset
 .text          0x00001880       0x14 c:/program files (x86)/cypress/psoc creator/3.2/psoc creator/import/gnu/arm/4.8.4/bin/../lib/gcc/arm-none-eabi/4.8.4/../../../../arm-none-eabi/lib/armv6-m\libg_s.a(lib_a-strcmp.o)
                0x00001880                strcmp
 *(.plt)
 *(.gnu.warning)
 *(.glue_7t)
 .glue_7t       0x00000000        0x0 linker stubs
 *(.glue_7)
 .glue_7        0x00000000        0x0 linker stubs
 *(.vfp11_veneer)
 .vfp11_veneer  0x00000000        0x0 linker stubs
 *(.bootloader)
 *(.ARM.extab* .gnu.linkonce.armextab.*)
 *(.gcc_except_table)

.v4_bx          0x00001894        0x0
 .v4_bx         0x00000000        0x0 linker stubs

.iplt           0x00001894        0x0
 .iplt          0x00000000        0x0 c:/program files (x86)/cypress/psoc creator/3.2/psoc creator/import/gnu/arm/4.8.4/bin/../lib/gcc/arm-none-eabi/4.8.4/armv6-m/crtbegin.o

i.CyBle_ExitLPM
                0x00001894        0x8
 i.CyBle_ExitLPM
                0x00001894        0x8 C:\Program Files (x86)\Cypress\PSoC Creator\3.2\PSoC Creator\psoc\content\cycomponentlibrary\CyComponentLibrary.cylib\BLE_v2_10\Library\gccCyBLEStack_BLE_SOC_PERIPHERAL.a(CyBle.o)
                0x00001894                CyBle_ExitLPM

i.CyBle_ProcessEvents
                0x0000189c        0x8
 i.CyBle_ProcessEvents
                0x0000189c        0x8 C:\Program Files (x86)\Cypress\PSoC Creator\3.2\PSoC Creator\psoc\content\cycomponentlibrary\CyComponentLibrary.cylib\BLE_v2_10\Library\gccCyBLEStack_BLE_SOC_PERIPHERAL.a(CyBle.o)
                0x0000189c                CyBle_ProcessEvents

i.CyBle_SetDeviceAddress
                0x000018a4       0x24
 i.CyBle_SetDeviceAddress
                0x000018a4       0x24 C:\Program Files (x86)\Cypress\PSoC Creator\3.2\PSoC Creator\psoc\content\cycomponentlibrary\CyComponentLibrary.cylib\BLE_v2_10\Library\gccCyBLEStack_BLE_SOC_PERIPHERAL.a(CyBle.o)
                0x000018a4                CyBle_SetDeviceAddress

i.CyBle_StackInit
                0x000018c8       0xfc
 i.CyBle_StackInit
                0x000018c8       0xfc C:\Program Files (x86)\Cypress\PSoC Creator\3.2\PSoC Creator\psoc\content\cycomponentlibrary\CyComponentLibrary.cylib\BLE_v2_10\Library\gccCyBLEStack_BLE_SOC_PERIPHERAL.a(CyBle.o)
                0x000018c8                CyBle_StackInit

i.CyBle_StackValidateInputParams
                0x000019c4       0xf4
 i.CyBle_StackValidateInputParams
                0x000019c4       0xf4 C:\Program Files (x86)\Cypress\PSoC Creator\3.2\PSoC Creator\psoc\content\cycomponentlibrary\CyComponentLibrary.cylib\BLE_v2_10\Library\gccCyBLEStack_BLE_SOC_PERIPHERAL.a(CyBle.o)

i.__ARM_common_switch8
                0x00001ab8       0x1a
 i.__ARM_common_switch8
                0x00001ab8       0x1a C:\Program Files (x86)\Cypress\PSoC Creator\3.2\PSoC Creator\psoc\content\cycomponentlibrary\CyComponentLibrary.cylib\BLE_v2_10\Library\gccCyBLEStack_BLE_SOC_PERIPHERAL.a(CyBle.o)
                0x00001ab8                __ARM_common_switch8

i.CyBleStackMgr_Init
                0x00001ad4       0x9c
 i.CyBleStackMgr_Init
                0x00001ad4       0x9c C:\Program Files (x86)\Cypress\PSoC Creator\3.2\PSoC Creator\psoc\content\cycomponentlibrary\CyComponentLibrary.cylib\BLE_v2_10\Library\gccCyBLEStack_BLE_SOC_PERIPHERAL.a(CyBleStackMgrIP_Interface.o)
                0x00001ad4                CyBleStackMgr_Init

i.CyBleStackMgr_ProcessBleEvents
                0x00001b70       0x14
 i.CyBleStackMgr_ProcessBleEvents
                0x00001b70       0x14 C:\Program Files (x86)\Cypress\PSoC Creator\3.2\PSoC Creator\psoc\content\cycomponentlibrary\CyComponentLibrary.cylib\BLE_v2_10\Library\gccCyBLEStack_BLE_SOC_PERIPHERAL.a(CyBleStackMgrIP_Interface.o)
                0x00001b70                CyBleStackMgr_ProcessBleEvents

i.CyBle_GetHeapMemory
                0x00001b84       0x28
 i.CyBle_GetHeapMemory
                0x00001b84       0x28 C:\Program Files (x86)\Cypress\PSoC Creator\3.2\PSoC Creator\psoc\content\cycomponentlibrary\CyComponentLibrary.cylib\BLE_v2_10\Library\gccCyBLEStack_BLE_SOC_PERIPHERAL.a(CyBleStackMgrIP_Interface.o)
                0x00001b84                CyBle_GetHeapMemory

i.CyBle_GetNumAppBufferPools
                0x00001bac        0xc
 i.CyBle_GetNumAppBufferPools
                0x00001bac        0xc C:\Program Files (x86)\Cypress\PSoC Creator\3.2\PSoC Creator\psoc\content\cycomponentlibrary\CyComponentLibrary.cylib\BLE_v2_10\Library\gccCyBLEStack_BLE_SOC_PERIPHERAL.a(CyBleStackMgrIP_Interface.o)
                0x00001bac                CyBle_GetNumAppBufferPools

i.CyBle_HostStackBufferPoolInit
                0x00001bb8       0xec
 i.CyBle_HostStackBufferPoolInit
                0x00001bb8       0xec C:\Program Files (x86)\Cypress\PSoC Creator\3.2\PSoC Creator\psoc\content\cycomponentlibrary\CyComponentLibrary.cylib\BLE_v2_10\Library\gccCyBLEStack_BLE_SOC_PERIPHERAL.a(CyBleStackMgrIP_Interface.o)

i.ble_stack_idle_task_callback
                0x00001ca4        0x2
 i.ble_stack_idle_task_callback
                0x00001ca4        0x2 C:\Program Files (x86)\Cypress\PSoC Creator\3.2\PSoC Creator\psoc\content\cycomponentlibrary\CyComponentLibrary.cylib\BLE_v2_10\Library\gccCyBLEStack_BLE_SOC_PERIPHERAL.a(CyBleStackMgrIP_Interface.o)
                0x00001ca4                ble_stack_idle_task_callback

i.BT_OSFreeBuf  0x00001ca8       0x20
 i.BT_OSFreeBuf
                0x00001ca8       0x20 C:\Program Files (x86)\Cypress\PSoC Creator\3.2\PSoC Creator\psoc\content\cycomponentlibrary\CyComponentLibrary.cylib\BLE_v2_10\Library\gccCyBLEStack_BLE_SOC_PERIPHERAL.a(BT_os.o)
                0x00001ca8                BT_OSFreeBuf

i.BT_OSGetBuF   0x00001cc8       0x34
 i.BT_OSGetBuF  0x00001cc8       0x34 C:\Program Files (x86)\Cypress\PSoC Creator\3.2\PSoC Creator\psoc\content\cycomponentlibrary\CyComponentLibrary.cylib\BLE_v2_10\Library\gccCyBLEStack_BLE_SOC_PERIPHERAL.a(BT_os.o)
                0x00001cc8                BT_OSGetBuF

i.BT_OSMemCreate
                0x00001cfc       0x3c
 i.BT_OSMemCreate
                0x00001cfc       0x3c C:\Program Files (x86)\Cypress\PSoC Creator\3.2\PSoC Creator\psoc\content\cycomponentlibrary\CyComponentLibrary.cylib\BLE_v2_10\Library\gccCyBLEStack_BLE_SOC_PERIPHERAL.a(BT_os.o)
                0x00001cfc                BT_OSMemCreate

i.BT_alloc_mem_ext
                0x00001d38       0x3c
 i.BT_alloc_mem_ext
                0x00001d38       0x3c C:\Program Files (x86)\Cypress\PSoC Creator\3.2\PSoC Creator\psoc\content\cycomponentlibrary\CyComponentLibrary.cylib\BLE_v2_10\Library\gccCyBLEStack_BLE_SOC_PERIPHERAL.a(BT_os.o)
                0x00001d38                BT_alloc_mem_ext

i.BT_free_mem   0x00001d74        0xc
 i.BT_free_mem  0x00001d74        0xc C:\Program Files (x86)\Cypress\PSoC Creator\3.2\PSoC Creator\psoc\content\cycomponentlibrary\CyComponentLibrary.cylib\BLE_v2_10\Library\gccCyBLEStack_BLE_SOC_PERIPHERAL.a(BT_os.o)
                0x00001d74                BT_free_mem

i.bt_stack_create_buffer_pool
                0x00001d80       0x30
 i.bt_stack_create_buffer_pool
                0x00001d80       0x30 C:\Program Files (x86)\Cypress\PSoC Creator\3.2\PSoC Creator\psoc\content\cycomponentlibrary\CyComponentLibrary.cylib\BLE_v2_10\Library\gccCyBLEStack_BLE_SOC_PERIPHERAL.a(BT_os.o)
                0x00001d80                bt_stack_create_buffer_pool

i.CyBle_CheckBleStackTaskStatus
                0x00001db0        0x4
 i.CyBle_CheckBleStackTaskStatus
                0x00001db0        0x4 C:\Program Files (x86)\Cypress\PSoC Creator\3.2\PSoC Creator\psoc\content\cycomponentlibrary\CyComponentLibrary.cylib\BLE_v2_10\Library\gccCyBLEStack_BLE_SOC_PERIPHERAL.a(CyBleStackMgr_StackTaskHandler.o)
                0x00001db0                CyBle_CheckBleStackTaskStatus

i.CyBle_CreateBleStackTask
                0x00001db4       0x2c
 i.CyBle_CreateBleStackTask
                0x00001db4       0x2c C:\Program Files (x86)\Cypress\PSoC Creator\3.2\PSoC Creator\psoc\content\cycomponentlibrary\CyComponentLibrary.cylib\BLE_v2_10\Library\gccCyBLEStack_BLE_SOC_PERIPHERAL.a(CyBleStackMgr_StackTaskHandler.o)
                0x00001db4                CyBle_CreateBleStackTask

i.CyBle_SignalBleStackTask
                0x00001de0       0x50
 i.CyBle_SignalBleStackTask
                0x00001de0       0x50 C:\Program Files (x86)\Cypress\PSoC Creator\3.2\PSoC Creator\psoc\content\cycomponentlibrary\CyComponentLibrary.cylib\BLE_v2_10\Library\gccCyBLEStack_BLE_SOC_PERIPHERAL.a(CyBleStackMgr_StackTaskHandler.o)
                0x00001de0                CyBle_SignalBleStackTask

i.CyBle_StackTaskHandler
                0x00001e30       0x5c
 i.CyBle_StackTaskHandler
                0x00001e30       0x5c C:\Program Files (x86)\Cypress\PSoC Creator\3.2\PSoC Creator\psoc\content\cycomponentlibrary\CyComponentLibrary.cylib\BLE_v2_10\Library\gccCyBLEStack_BLE_SOC_PERIPHERAL.a(CyBleStackMgr_StackTaskHandler.o)
                0x00001e30                CyBle_StackTaskHandler

i.hci_soft_transport_notify_data_received
                0x00001e8c        0xc
 i.hci_soft_transport_notify_data_received
                0x00001e8c        0xc C:\Program Files (x86)\Cypress\PSoC Creator\3.2\PSoC Creator\psoc\content\cycomponentlibrary\CyComponentLibrary.cylib\BLE_v2_10\Library\gccCyBLEStack_BLE_SOC_PERIPHERAL.a(transport_sf.o)
                0x00001e8c                hci_soft_transport_notify_data_received

i.hci_soft_transport_rx_data
                0x00001e98       0x40
 i.hci_soft_transport_rx_data
                0x00001e98       0x40 C:\Program Files (x86)\Cypress\PSoC Creator\3.2\PSoC Creator\psoc\content\cycomponentlibrary\CyComponentLibrary.cylib\BLE_v2_10\Library\gccCyBLEStack_BLE_SOC_PERIPHERAL.a(transport_sf.o)
                0x00001e98                hci_soft_transport_rx_data

i.hci_transport_bt_init
                0x00001ed8        0x2
 i.hci_transport_bt_init
                0x00001ed8        0x2 C:\Program Files (x86)\Cypress\PSoC Creator\3.2\PSoC Creator\psoc\content\cycomponentlibrary\CyComponentLibrary.cylib\BLE_v2_10\Library\gccCyBLEStack_BLE_SOC_PERIPHERAL.a(transport_sf.o)
                0x00001ed8                hci_transport_bt_init

i.hci_transport_init
                0x00001edc       0x10
 i.hci_transport_init
                0x00001edc       0x10 C:\Program Files (x86)\Cypress\PSoC Creator\3.2\PSoC Creator\psoc\content\cycomponentlibrary\CyComponentLibrary.cylib\BLE_v2_10\Library\gccCyBLEStack_BLE_SOC_PERIPHERAL.a(transport_sf.o)
                0x00001edc                hci_transport_init

i.hci_transport_write_data
                0x00001eec       0xd4
 i.hci_transport_write_data
                0x00001eec       0xd4 C:\Program Files (x86)\Cypress\PSoC Creator\3.2\PSoC Creator\psoc\content\cycomponentlibrary\CyComponentLibrary.cylib\BLE_v2_10\Library\gccCyBLEStack_BLE_SOC_PERIPHERAL.a(transport_sf.o)
                0x00001eec                hci_transport_write_data

i.pf_hci_soft_transport_write
                0x00001fc0       0x44
 i.pf_hci_soft_transport_write
                0x00001fc0       0x44 C:\Program Files (x86)\Cypress\PSoC Creator\3.2\PSoC Creator\psoc\content\cycomponentlibrary\CyComponentLibrary.cylib\BLE_v2_10\Library\gccCyBLEStack_BLE_SOC_PERIPHERAL.a(transport_sf.o)
                0x00001fc0                pf_hci_soft_transport_write

i.pf_soft_hci_transport_init
                0x00002004        0xc
 i.pf_soft_hci_transport_init
                0x00002004        0xc C:\Program Files (x86)\Cypress\PSoC Creator\3.2\PSoC Creator\psoc\content\cycomponentlibrary\CyComponentLibrary.cylib\BLE_v2_10\Library\gccCyBLEStack_BLE_SOC_PERIPHERAL.a(transport_sf.o)
                0x00002004                pf_soft_hci_transport_init

i.CyBleStackMgr_GetTime
                0x00002010       0x14
 i.CyBleStackMgr_GetTime
                0x00002010       0x14 C:\Program Files (x86)\Cypress\PSoC Creator\3.2\PSoC Creator\psoc\content\cycomponentlibrary\CyComponentLibrary.cylib\BLE_v2_10\Library\gccCyBLEStack_BLE_SOC_PERIPHERAL.a(CyBleStackMgr_PSoCHal.o)
                0x00002010                CyBleStackMgr_GetTime

i.CyBleStackMgr_HalInit
                0x00002024       0x24
 i.CyBleStackMgr_HalInit
                0x00002024       0x24 C:\Program Files (x86)\Cypress\PSoC Creator\3.2\PSoC Creator\psoc\content\cycomponentlibrary\CyComponentLibrary.cylib\BLE_v2_10\Library\gccCyBLEStack_BLE_SOC_PERIPHERAL.a(CyBleStackMgr_PSoCHal.o)
                0x00002024                CyBleStackMgr_HalInit

i.CyBleStackMgr_HalIntrEnable
                0x00002048        0x8
 i.CyBleStackMgr_HalIntrEnable
                0x00002048        0x8 C:\Program Files (x86)\Cypress\PSoC Creator\3.2\PSoC Creator\psoc\content\cycomponentlibrary\CyComponentLibrary.cylib\BLE_v2_10\Library\gccCyBLEStack_BLE_SOC_PERIPHERAL.a(CyBleStackMgr_PSoCHal.o)
                0x00002048                CyBleStackMgr_HalIntrEnable

i.CyBleStackMgr_HandleLinkLayerTick
                0x00002050       0x5c
 i.CyBleStackMgr_HandleLinkLayerTick
                0x00002050       0x5c C:\Program Files (x86)\Cypress\PSoC Creator\3.2\PSoC Creator\psoc\content\cycomponentlibrary\CyComponentLibrary.cylib\BLE_v2_10\Library\gccCyBLEStack_BLE_SOC_PERIPHERAL.a(CyBleStackMgr_PSoCHal.o)
                0x00002050                CyBleStackMgr_HandleLinkLayerTick

i.CyBleStackMgr_HciPortInit
                0x000020ac        0xc
 i.CyBleStackMgr_HciPortInit
                0x000020ac        0xc C:\Program Files (x86)\Cypress\PSoC Creator\3.2\PSoC Creator\psoc\content\cycomponentlibrary\CyComponentLibrary.cylib\BLE_v2_10\Library\gccCyBLEStack_BLE_SOC_PERIPHERAL.a(CyBleStackMgr_PSoCHal.o)
                0x000020ac                CyBleStackMgr_HciPortInit

i.CyBleStackMgr_HciPortReset
                0x000020b8        0x2
 i.CyBleStackMgr_HciPortReset
                0x000020b8        0x2 C:\Program Files (x86)\Cypress\PSoC Creator\3.2\PSoC Creator\psoc\content\cycomponentlibrary\CyComponentLibrary.cylib\BLE_v2_10\Library\gccCyBLEStack_BLE_SOC_PERIPHERAL.a(CyBleStackMgr_PSoCHal.o)
                0x000020b8                CyBleStackMgr_HciPortReset

i.CyBleStackMgr_HciPortWrite
                0x000020ba        0x8
 i.CyBleStackMgr_HciPortWrite
                0x000020ba        0x8 C:\Program Files (x86)\Cypress\PSoC Creator\3.2\PSoC Creator\psoc\content\cycomponentlibrary\CyComponentLibrary.cylib\BLE_v2_10\Library\gccCyBLEStack_BLE_SOC_PERIPHERAL.a(CyBleStackMgr_PSoCHal.o)
                0x000020ba                CyBleStackMgr_HciPortWrite

i.CyBleStackMgr_ResetLinkLayerTimerEntity
                0x000020c4       0x14
 i.CyBleStackMgr_ResetLinkLayerTimerEntity
                0x000020c4       0x14 C:\Program Files (x86)\Cypress\PSoC Creator\3.2\PSoC Creator\psoc\content\cycomponentlibrary\CyComponentLibrary.cylib\BLE_v2_10\Library\gccCyBLEStack_BLE_SOC_PERIPHERAL.a(CyBleStackMgr_PSoCHal.o)
                0x000020c4                CyBleStackMgr_ResetLinkLayerTimerEntity

i.CyBleStackMgr_TimerStart
                0x000020d8       0x2c
 i.CyBleStackMgr_TimerStart
                0x000020d8       0x2c C:\Program Files (x86)\Cypress\PSoC Creator\3.2\PSoC Creator\psoc\content\cycomponentlibrary\CyComponentLibrary.cylib\BLE_v2_10\Library\gccCyBLEStack_BLE_SOC_PERIPHERAL.a(CyBleStackMgr_PSoCHal.o)
                0x000020d8                CyBleStackMgr_TimerStart

i.CyBleStackMgr_TimerStop
                0x00002104       0x18
 i.CyBleStackMgr_TimerStop
                0x00002104       0x18 C:\Program Files (x86)\Cypress\PSoC Creator\3.2\PSoC Creator\psoc\content\cycomponentlibrary\CyComponentLibrary.cylib\BLE_v2_10\Library\gccCyBLEStack_BLE_SOC_PERIPHERAL.a(CyBleStackMgr_PSoCHal.o)
                0x00002104                CyBleStackMgr_TimerStop

i.CyBleStackMgr_isTimerRunning
                0x0000211c       0x10
 i.CyBleStackMgr_isTimerRunning
                0x0000211c       0x10 C:\Program Files (x86)\Cypress\PSoC Creator\3.2\PSoC Creator\psoc\content\cycomponentlibrary\CyComponentLibrary.cylib\BLE_v2_10\Library\gccCyBLEStack_BLE_SOC_PERIPHERAL.a(CyBleStackMgr_PSoCHal.o)
                0x0000211c                CyBleStackMgr_isTimerRunning

i.CyBleAtlantisRadioInit
                0x0000212c      0x110
 i.CyBleAtlantisRadioInit
                0x0000212c      0x110 C:\Program Files (x86)\Cypress\PSoC Creator\3.2\PSoC Creator\psoc\content\cycomponentlibrary\CyComponentLibrary.cylib\BLE_v2_10\Library\gccCyBLEStack_BLE_SOC_PERIPHERAL.a(CyBleStackMgr_BleSSDriver.o)

i.CyBleStackMgr_BleSSFifoRead
                0x0000223c       0x38
 i.CyBleStackMgr_BleSSFifoRead
                0x0000223c       0x38 C:\Program Files (x86)\Cypress\PSoC Creator\3.2\PSoC Creator\psoc\content\cycomponentlibrary\CyComponentLibrary.cylib\BLE_v2_10\Library\gccCyBLEStack_BLE_SOC_PERIPHERAL.a(CyBleStackMgr_BleSSDriver.o)
                0x0000223c                CyBleStackMgr_BleSSFifoRead

i.CyBleStackMgr_BleSSFifoWrite
                0x00002274       0x30
 i.CyBleStackMgr_BleSSFifoWrite
                0x00002274       0x30 C:\Program Files (x86)\Cypress\PSoC Creator\3.2\PSoC Creator\psoc\content\cycomponentlibrary\CyComponentLibrary.cylib\BLE_v2_10\Library\gccCyBLEStack_BLE_SOC_PERIPHERAL.a(CyBleStackMgr_BleSSDriver.o)
                0x00002274                CyBleStackMgr_BleSSFifoWrite

i.CyBleStackMgr_BleSSInit
                0x000022a4       0x50
 i.CyBleStackMgr_BleSSInit
                0x000022a4       0x50 C:\Program Files (x86)\Cypress\PSoC Creator\3.2\PSoC Creator\psoc\content\cycomponentlibrary\CyComponentLibrary.cylib\BLE_v2_10\Library\gccCyBLEStack_BLE_SOC_PERIPHERAL.a(CyBleStackMgr_BleSSDriver.o)
                0x000022a4                CyBleStackMgr_BleSSInit

i.CyBleStackMgr_BleSSMemRead
                0x000022f4       0x26
 i.CyBleStackMgr_BleSSMemRead
                0x000022f4       0x26 C:\Program Files (x86)\Cypress\PSoC Creator\3.2\PSoC Creator\psoc\content\cycomponentlibrary\CyComponentLibrary.cylib\BLE_v2_10\Library\gccCyBLEStack_BLE_SOC_PERIPHERAL.a(CyBleStackMgr_BleSSDriver.o)
                0x000022f4                CyBleStackMgr_BleSSMemRead

i.CyBleStackMgr_BleSSMemWrite
                0x0000231c       0x34
 i.CyBleStackMgr_BleSSMemWrite
                0x0000231c       0x34 C:\Program Files (x86)\Cypress\PSoC Creator\3.2\PSoC Creator\psoc\content\cycomponentlibrary\CyComponentLibrary.cylib\BLE_v2_10\Library\gccCyBLEStack_BLE_SOC_PERIPHERAL.a(CyBleStackMgr_BleSSDriver.o)
                0x0000231c                CyBleStackMgr_BleSSMemWrite

i.CyBleStackMgr_BleSSRegRead
                0x00002350        0xc
 i.CyBleStackMgr_BleSSRegRead
                0x00002350        0xc C:\Program Files (x86)\Cypress\PSoC Creator\3.2\PSoC Creator\psoc\content\cycomponentlibrary\CyComponentLibrary.cylib\BLE_v2_10\Library\gccCyBLEStack_BLE_SOC_PERIPHERAL.a(CyBleStackMgr_BleSSDriver.o)
                0x00002350                CyBleStackMgr_BleSSRegRead

i.CyBleStackMgr_BleSSRegWrite
                0x0000235c        0xc
 i.CyBleStackMgr_BleSSRegWrite
                0x0000235c        0xc C:\Program Files (x86)\Cypress\PSoC Creator\3.2\PSoC Creator\psoc\content\cycomponentlibrary\CyComponentLibrary.cylib\BLE_v2_10\Library\gccCyBLEStack_BLE_SOC_PERIPHERAL.a(CyBleStackMgr_BleSSDriver.o)
                0x0000235c                CyBleStackMgr_BleSSRegWrite

i.CyBleStackMgr_BleSSReset
                0x00002368       0x38
 i.CyBleStackMgr_BleSSReset
                0x00002368       0x38 C:\Program Files (x86)\Cypress\PSoC Creator\3.2\PSoC Creator\psoc\content\cycomponentlibrary\CyComponentLibrary.cylib\BLE_v2_10\Library\gccCyBLEStack_BLE_SOC_PERIPHERAL.a(CyBleStackMgr_BleSSDriver.o)
                0x00002368                CyBleStackMgr_BleSSReset

i.CyBleStackMgr_GenericIface
                0x000023a0       0x3c
 i.CyBleStackMgr_GenericIface
                0x000023a0       0x3c C:\Program Files (x86)\Cypress\PSoC Creator\3.2\PSoC Creator\psoc\content\cycomponentlibrary\CyComponentLibrary.cylib\BLE_v2_10\Library\gccCyBLEStack_BLE_SOC_PERIPHERAL.a(CyBleStackMgr_BleSSDriver.o)
                0x000023a0                CyBleStackMgr_GenericIface

i.CyBleStackMgr_HandleBleSSIntr
                0x000023dc       0x90
 i.CyBleStackMgr_HandleBleSSIntr
                0x000023dc       0x90 C:\Program Files (x86)\Cypress\PSoC Creator\3.2\PSoC Creator\psoc\content\cycomponentlibrary\CyComponentLibrary.cylib\BLE_v2_10\Library\gccCyBLEStack_BLE_SOC_PERIPHERAL.a(CyBleStackMgr_BleSSDriver.o)
                0x000023dc                CyBleStackMgr_HandleBleSSIntr

i.CyBleStackMgr_SetClockParam
                0x0000246c       0xb4
 i.CyBleStackMgr_SetClockParam
                0x0000246c       0xb4 C:\Program Files (x86)\Cypress\PSoC Creator\3.2\PSoC Creator\psoc\content\cycomponentlibrary\CyComponentLibrary.cylib\BLE_v2_10\Library\gccCyBLEStack_BLE_SOC_PERIPHERAL.a(CyBleStackMgr_BleSSDriver.o)

i.CyBle_ExitDsmMode
                0x00002520       0x2c
 i.CyBle_ExitDsmMode
                0x00002520       0x2c C:\Program Files (x86)\Cypress\PSoC Creator\3.2\PSoC Creator\psoc\content\cycomponentlibrary\CyComponentLibrary.cylib\BLE_v2_10\Library\gccCyBLEStack_BLE_SOC_PERIPHERAL.a(CyBleStackMgr_BleSSDriver.o)
                0x00002520                CyBle_ExitDsmMode

i.CyBle_GetBleSsOperationalMode
                0x0000254c        0xc
 i.CyBle_GetBleSsOperationalMode
                0x0000254c        0xc C:\Program Files (x86)\Cypress\PSoC Creator\3.2\PSoC Creator\psoc\content\cycomponentlibrary\CyComponentLibrary.cylib\BLE_v2_10\Library\gccCyBLEStack_BLE_SOC_PERIPHERAL.a(CyBleStackMgr_BleSSDriver.o)
                0x0000254c                CyBle_GetBleSsOperationalMode

i.CyBle_GetLpMode
                0x00002558       0x26
 i.CyBle_GetLpMode
                0x00002558       0x26 C:\Program Files (x86)\Cypress\PSoC Creator\3.2\PSoC Creator\psoc\content\cycomponentlibrary\CyComponentLibrary.cylib\BLE_v2_10\Library\gccCyBLEStack_BLE_SOC_PERIPHERAL.a(CyBleStackMgr_BleSSDriver.o)
                0x00002558                CyBle_GetLpMode

i.CyBle_GetTxGainMode
                0x00002580       0x2c
 i.CyBle_GetTxGainMode
                0x00002580       0x2c C:\Program Files (x86)\Cypress\PSoC Creator\3.2\PSoC Creator\psoc\content\cycomponentlibrary\CyComponentLibrary.cylib\BLE_v2_10\Library\gccCyBLEStack_BLE_SOC_PERIPHERAL.a(CyBleStackMgr_BleSSDriver.o)
                0x00002580                CyBle_GetTxGainMode

i.CyBle_SetBleSsOperationalMode
                0x000025ac       0x20
 i.CyBle_SetBleSsOperationalMode
                0x000025ac       0x20 C:\Program Files (x86)\Cypress\PSoC Creator\3.2\PSoC Creator\psoc\content\cycomponentlibrary\CyComponentLibrary.cylib\BLE_v2_10\Library\gccCyBLEStack_BLE_SOC_PERIPHERAL.a(CyBleStackMgr_BleSSDriver.o)
                0x000025ac                CyBle_SetBleSsOperationalMode

i.CyBle_SetEventCloseState
                0x000025cc        0xc
 i.CyBle_SetEventCloseState
                0x000025cc        0xc C:\Program Files (x86)\Cypress\PSoC Creator\3.2\PSoC Creator\psoc\content\cycomponentlibrary\CyComponentLibrary.cylib\BLE_v2_10\Library\gccCyBLEStack_BLE_SOC_PERIPHERAL.a(CyBleStackMgr_BleSSDriver.o)
                0x000025cc                CyBle_SetEventCloseState

i.CyBle_SetRxGainMode
                0x000025d8       0x20
 i.CyBle_SetRxGainMode
                0x000025d8       0x20 C:\Program Files (x86)\Cypress\PSoC Creator\3.2\PSoC Creator\psoc\content\cycomponentlibrary\CyComponentLibrary.cylib\BLE_v2_10\Library\gccCyBLEStack_BLE_SOC_PERIPHERAL.a(CyBleStackMgr_BleSSDriver.o)
                0x000025d8                CyBle_SetRxGainMode

i.CyBle_SetTxGainMode
                0x000025f8       0x38
 i.CyBle_SetTxGainMode
                0x000025f8       0x38 C:\Program Files (x86)\Cypress\PSoC Creator\3.2\PSoC Creator\psoc\content\cycomponentlibrary\CyComponentLibrary.cylib\BLE_v2_10\Library\gccCyBLEStack_BLE_SOC_PERIPHERAL.a(CyBleStackMgr_BleSSDriver.o)
                0x000025f8                CyBle_SetTxGainMode

i.pf_rf_get_abs_rssi
                0x00002630       0x24
 i.pf_rf_get_abs_rssi
                0x00002630       0x24 C:\Program Files (x86)\Cypress\PSoC Creator\3.2\PSoC Creator\psoc\content\cycomponentlibrary\CyComponentLibrary.cylib\BLE_v2_10\Library\gccCyBLEStack_BLE_SOC_PERIPHERAL.a(CyBleStackMgr_BleSSDriver.o)
                0x00002630                pf_rf_get_abs_rssi

i.BleStackFlashStorageInit
                0x00002654       0x74
 i.BleStackFlashStorageInit
                0x00002654       0x74 C:\Program Files (x86)\Cypress\PSoC Creator\3.2\PSoC Creator\psoc\content\cycomponentlibrary\CyComponentLibrary.cylib\BLE_v2_10\Library\gccCyBLEStack_BLE_SOC_PERIPHERAL.a(storage_pl.o)
                0x00002654                BleStackFlashStorageInit

i.BleStackWriteToFlash
                0x000026c8       0x6c
 i.BleStackWriteToFlash
                0x000026c8       0x6c C:\Program Files (x86)\Cypress\PSoC Creator\3.2\PSoC Creator\psoc\content\cycomponentlibrary\CyComponentLibrary.cylib\BLE_v2_10\Library\gccCyBLEStack_BLE_SOC_PERIPHERAL.a(storage_pl.o)
                0x000026c8                BleStackWriteToFlash

i.BleStackWriteToFlashPending
                0x00002734       0x24
 i.BleStackWriteToFlashPending
                0x00002734       0x24 C:\Program Files (x86)\Cypress\PSoC Creator\3.2\PSoC Creator\psoc\content\cycomponentlibrary\CyComponentLibrary.cylib\BLE_v2_10\Library\gccCyBLEStack_BLE_SOC_PERIPHERAL.a(storage_pl.o)
                0x00002734                BleStackWriteToFlashPending

i.BleStackWriteToFlashRam
                0x00002758       0x70
 i.BleStackWriteToFlashRam
                0x00002758       0x70 C:\Program Files (x86)\Cypress\PSoC Creator\3.2\PSoC Creator\psoc\content\cycomponentlibrary\CyComponentLibrary.cylib\BLE_v2_10\Library\gccCyBLEStack_BLE_SOC_PERIPHERAL.a(storage_pl.o)
                0x00002758                BleStackWriteToFlashRam

i.storage_bt_init_pl
                0x000027c8       0x28
 i.storage_bt_init_pl
                0x000027c8       0x28 C:\Program Files (x86)\Cypress\PSoC Creator\3.2\PSoC Creator\psoc\content\cycomponentlibrary\CyComponentLibrary.cylib\BLE_v2_10\Library\gccCyBLEStack_BLE_SOC_PERIPHERAL.a(storage_pl.o)
                0x000027c8                storage_bt_init_pl

i.storage_close_pl
                0x000027f0        0x4
 i.storage_close_pl
                0x000027f0        0x4 C:\Program Files (x86)\Cypress\PSoC Creator\3.2\PSoC Creator\psoc\content\cycomponentlibrary\CyComponentLibrary.cylib\BLE_v2_10\Library\gccCyBLEStack_BLE_SOC_PERIPHERAL.a(storage_pl.o)
                0x000027f0                storage_close_pl

i.storage_open_pl
                0x000027f4       0x1c
 i.storage_open_pl
                0x000027f4       0x1c C:\Program Files (x86)\Cypress\PSoC Creator\3.2\PSoC Creator\psoc\content\cycomponentlibrary\CyComponentLibrary.cylib\BLE_v2_10\Library\gccCyBLEStack_BLE_SOC_PERIPHERAL.a(storage_pl.o)
                0x000027f4                storage_open_pl

i.storage_read_pl
                0x00002810       0x28
 i.storage_read_pl
                0x00002810       0x28 C:\Program Files (x86)\Cypress\PSoC Creator\3.2\PSoC Creator\psoc\content\cycomponentlibrary\CyComponentLibrary.cylib\BLE_v2_10\Library\gccCyBLEStack_BLE_SOC_PERIPHERAL.a(storage_pl.o)
                0x00002810                storage_read_pl

i.storage_read_signature_pl
                0x00002838       0x2c
 i.storage_read_signature_pl
                0x00002838       0x2c C:\Program Files (x86)\Cypress\PSoC Creator\3.2\PSoC Creator\psoc\content\cycomponentlibrary\CyComponentLibrary.cylib\BLE_v2_10\Library\gccCyBLEStack_BLE_SOC_PERIPHERAL.a(storage_pl.o)
                0x00002838                storage_read_signature_pl

i.storage_register_flash_pointer
                0x00002864       0x20
 i.storage_register_flash_pointer
                0x00002864       0x20 C:\Program Files (x86)\Cypress\PSoC Creator\3.2\PSoC Creator\psoc\content\cycomponentlibrary\CyComponentLibrary.cylib\BLE_v2_10\Library\gccCyBLEStack_BLE_SOC_PERIPHERAL.a(storage_pl.o)
                0x00002864                storage_register_flash_pointer

i.storage_reset_storage_offset
                0x00002884       0x10
 i.storage_reset_storage_offset
                0x00002884       0x10 C:\Program Files (x86)\Cypress\PSoC Creator\3.2\PSoC Creator\psoc\content\cycomponentlibrary\CyComponentLibrary.cylib\BLE_v2_10\Library\gccCyBLEStack_BLE_SOC_PERIPHERAL.a(storage_pl.o)

i.storage_write_pl
                0x00002894       0x24
 i.storage_write_pl
                0x00002894       0x24 C:\Program Files (x86)\Cypress\PSoC Creator\3.2\PSoC Creator\psoc\content\cycomponentlibrary\CyComponentLibrary.cylib\BLE_v2_10\Library\gccCyBLEStack_BLE_SOC_PERIPHERAL.a(storage_pl.o)
                0x00002894                storage_write_pl

i.storage_write_signature_pl
                0x000028b8       0x14
 i.storage_write_signature_pl
                0x000028b8       0x14 C:\Program Files (x86)\Cypress\PSoC Creator\3.2\PSoC Creator\psoc\content\cycomponentlibrary\CyComponentLibrary.cylib\BLE_v2_10\Library\gccCyBLEStack_BLE_SOC_PERIPHERAL.a(storage_pl.o)
                0x000028b8                storage_write_signature_pl

i.OS_init       0x000028cc       0x64
 i.OS_init      0x000028cc       0x64 C:\Program Files (x86)\Cypress\PSoC Creator\3.2\PSoC Creator\psoc\content\cycomponentlibrary\CyComponentLibrary.cylib\BLE_v2_10\Library\gccCyBLEStack_BLE_SOC_PERIPHERAL.a(mint_os.o)
                0x000028cc                OS_init

i.mintos_malloc
                0x00002930       0x34
 i.mintos_malloc
                0x00002930       0x34 C:\Program Files (x86)\Cypress\PSoC Creator\3.2\PSoC Creator\psoc\content\cycomponentlibrary\CyComponentLibrary.cylib\BLE_v2_10\Library\gccCyBLEStack_BLE_SOC_PERIPHERAL.a(mint_os.o)
                0x00002930                mintos_malloc

i.OS_create_queue
                0x00002964       0x64
 i.OS_create_queue
                0x00002964       0x64 C:\Program Files (x86)\Cypress\PSoC Creator\3.2\PSoC Creator\psoc\content\cycomponentlibrary\CyComponentLibrary.cylib\BLE_v2_10\Library\gccCyBLEStack_BLE_SOC_PERIPHERAL.a(mint_os_queue.o)
                0x00002964                OS_create_queue

i.OS_enqueue_item
                0x000029c8       0x8c
 i.OS_enqueue_item
                0x000029c8       0x8c C:\Program Files (x86)\Cypress\PSoC Creator\3.2\PSoC Creator\psoc\content\cycomponentlibrary\CyComponentLibrary.cylib\BLE_v2_10\Library\gccCyBLEStack_BLE_SOC_PERIPHERAL.a(mint_os_queue.o)
                0x000029c8                OS_enqueue_item

i.OS_queue_get_num_of_items
                0x00002a54       0x28
 i.OS_queue_get_num_of_items
                0x00002a54       0x28 C:\Program Files (x86)\Cypress\PSoC Creator\3.2\PSoC Creator\psoc\content\cycomponentlibrary\CyComponentLibrary.cylib\BLE_v2_10\Library\gccCyBLEStack_BLE_SOC_PERIPHERAL.a(mint_os_queue.o)
                0x00002a54                OS_queue_get_num_of_items

i.OS_queue_mgmt_init
                0x00002a7c       0x40
 i.OS_queue_mgmt_init
                0x00002a7c       0x40 C:\Program Files (x86)\Cypress\PSoC Creator\3.2\PSoC Creator\psoc\content\cycomponentlibrary\CyComponentLibrary.cylib\BLE_v2_10\Library\gccCyBLEStack_BLE_SOC_PERIPHERAL.a(mint_os_queue.o)
                0x00002a7c                OS_queue_mgmt_init

i.OS_remove_item
                0x00002abc       0xa0
 i.OS_remove_item
                0x00002abc       0xa0 C:\Program Files (x86)\Cypress\PSoC Creator\3.2\PSoC Creator\psoc\content\cycomponentlibrary\CyComponentLibrary.cylib\BLE_v2_10\Library\gccCyBLEStack_BLE_SOC_PERIPHERAL.a(mint_os_queue.o)
                0x00002abc                OS_remove_item

i.OS_create_task
                0x00002b5c       0x88
 i.OS_create_task
                0x00002b5c       0x88 C:\Program Files (x86)\Cypress\PSoC Creator\3.2\PSoC Creator\psoc\content\cycomponentlibrary\CyComponentLibrary.cylib\BLE_v2_10\Library\gccCyBLEStack_BLE_SOC_PERIPHERAL.a(mint_os_task.o)
                0x00002b5c                OS_create_task

i.OS_isr_send_signal_to_task
                0x00002be4        0xc
 i.OS_isr_send_signal_to_task
                0x00002be4        0xc C:\Program Files (x86)\Cypress\PSoC Creator\3.2\PSoC Creator\psoc\content\cycomponentlibrary\CyComponentLibrary.cylib\BLE_v2_10\Library\gccCyBLEStack_BLE_SOC_PERIPHERAL.a(mint_os_task.o)
                0x00002be4                OS_isr_send_signal_to_task

i.OS_scheduler  0x00002bf0       0x64
 i.OS_scheduler
                0x00002bf0       0x64 C:\Program Files (x86)\Cypress\PSoC Creator\3.2\PSoC Creator\psoc\content\cycomponentlibrary\CyComponentLibrary.cylib\BLE_v2_10\Library\gccCyBLEStack_BLE_SOC_PERIPHERAL.a(mint_os_task.o)
                0x00002bf0                OS_scheduler

i.OS_send_signal_to_task
                0x00002c54        0xc
 i.OS_send_signal_to_task
                0x00002c54        0xc C:\Program Files (x86)\Cypress\PSoC Creator\3.2\PSoC Creator\psoc\content\cycomponentlibrary\CyComponentLibrary.cylib\BLE_v2_10\Library\gccCyBLEStack_BLE_SOC_PERIPHERAL.a(mint_os_task.o)
                0x00002c54                OS_send_signal_to_task

i.OS_send_signal_to_task_context
                0x00002c60       0x3c
 i.OS_send_signal_to_task_context
                0x00002c60       0x3c C:\Program Files (x86)\Cypress\PSoC Creator\3.2\PSoC Creator\psoc\content\cycomponentlibrary\CyComponentLibrary.cylib\BLE_v2_10\Library\gccCyBLEStack_BLE_SOC_PERIPHERAL.a(mint_os_task.o)

i.OS_task_mgmt_init
                0x00002c9c       0x50
 i.OS_task_mgmt_init
                0x00002c9c       0x50 C:\Program Files (x86)\Cypress\PSoC Creator\3.2\PSoC Creator\psoc\content\cycomponentlibrary\CyComponentLibrary.cylib\BLE_v2_10\Library\gccCyBLEStack_BLE_SOC_PERIPHERAL.a(mint_os_task.o)
                0x00002c9c                OS_task_mgmt_init

i.mint_buf_mgmt_allocate_buffer
                0x00002cec       0x4c
 i.mint_buf_mgmt_allocate_buffer
                0x00002cec       0x4c C:\Program Files (x86)\Cypress\PSoC Creator\3.2\PSoC Creator\psoc\content\cycomponentlibrary\CyComponentLibrary.cylib\BLE_v2_10\Library\gccCyBLEStack_BLE_SOC_PERIPHERAL.a(mint_buf_mgmt.o)
                0x00002cec                mint_buf_mgmt_allocate_buffer

i.mint_buf_mgmt_create_pool
                0x00002d38       0xd0
 i.mint_buf_mgmt_create_pool
                0x00002d38       0xd0 C:\Program Files (x86)\Cypress\PSoC Creator\3.2\PSoC Creator\psoc\content\cycomponentlibrary\CyComponentLibrary.cylib\BLE_v2_10\Library\gccCyBLEStack_BLE_SOC_PERIPHERAL.a(mint_buf_mgmt.o)
                0x00002d38                mint_buf_mgmt_create_pool

i.mint_buf_mgmt_free_buffer
                0x00002e08       0xa4
 i.mint_buf_mgmt_free_buffer
                0x00002e08       0xa4 C:\Program Files (x86)\Cypress\PSoC Creator\3.2\PSoC Creator\psoc\content\cycomponentlibrary\CyComponentLibrary.cylib\BLE_v2_10\Library\gccCyBLEStack_BLE_SOC_PERIPHERAL.a(mint_buf_mgmt.o)
                0x00002e08                mint_buf_mgmt_free_buffer

i.mint_buf_mgmt_init
                0x00002eac       0x44
 i.mint_buf_mgmt_init
                0x00002eac       0x44 C:\Program Files (x86)\Cypress\PSoC Creator\3.2\PSoC Creator\psoc\content\cycomponentlibrary\CyComponentLibrary.cylib\BLE_v2_10\Library\gccCyBLEStack_BLE_SOC_PERIPHERAL.a(mint_buf_mgmt.o)
                0x00002eac                mint_buf_mgmt_init

i.mint_buf_mgmt_malloc
                0x00002ef0       0x2c
 i.mint_buf_mgmt_malloc
                0x00002ef0       0x2c C:\Program Files (x86)\Cypress\PSoC Creator\3.2\PSoC Creator\psoc\content\cycomponentlibrary\CyComponentLibrary.cylib\BLE_v2_10\Library\gccCyBLEStack_BLE_SOC_PERIPHERAL.a(mint_buf_mgmt.o)
                0x00002ef0                mint_buf_mgmt_malloc

i.mint_buf_mgmt_pl_init
                0x00002f1c       0x48
 i.mint_buf_mgmt_pl_init
                0x00002f1c       0x48 C:\Program Files (x86)\Cypress\PSoC Creator\3.2\PSoC Creator\psoc\content\cycomponentlibrary\CyComponentLibrary.cylib\BLE_v2_10\Library\gccCyBLEStack_BLE_SOC_PERIPHERAL.a(mint_buf_mgmt.o)
                0x00002f1c                mint_buf_mgmt_pl_init

i.mint_buf_mgmt_reset_pool
                0x00002f64       0x70
 i.mint_buf_mgmt_reset_pool
                0x00002f64       0x70 C:\Program Files (x86)\Cypress\PSoC Creator\3.2\PSoC Creator\psoc\content\cycomponentlibrary\CyComponentLibrary.cylib\BLE_v2_10\Library\gccCyBLEStack_BLE_SOC_PERIPHERAL.a(mint_buf_mgmt.o)
                0x00002f64                mint_buf_mgmt_reset_pool

i.mint_buf_mgmt_stack_init
                0x00002fd4       0x24
 i.mint_buf_mgmt_stack_init
                0x00002fd4       0x24 C:\Program Files (x86)\Cypress\PSoC Creator\3.2\PSoC Creator\psoc\content\cycomponentlibrary\CyComponentLibrary.cylib\BLE_v2_10\Library\gccCyBLEStack_BLE_SOC_PERIPHERAL.a(mint_buf_mgmt.o)
                0x00002fd4                mint_buf_mgmt_stack_init

i.mint_buf_mgmt_stack_pop
                0x00002ff8       0x36
 i.mint_buf_mgmt_stack_pop
                0x00002ff8       0x36 C:\Program Files (x86)\Cypress\PSoC Creator\3.2\PSoC Creator\psoc\content\cycomponentlibrary\CyComponentLibrary.cylib\BLE_v2_10\Library\gccCyBLEStack_BLE_SOC_PERIPHERAL.a(mint_buf_mgmt.o)
                0x00002ff8                mint_buf_mgmt_stack_pop

i.mint_buf_mgmt_stack_push
                0x0000302e       0x36
 i.mint_buf_mgmt_stack_push
                0x0000302e       0x36 C:\Program Files (x86)\Cypress\PSoC Creator\3.2\PSoC Creator\psoc\content\cycomponentlibrary\CyComponentLibrary.cylib\BLE_v2_10\Library\gccCyBLEStack_BLE_SOC_PERIPHERAL.a(mint_buf_mgmt.o)
                0x0000302e                mint_buf_mgmt_stack_push

i.mint_buf_mgmt_stack_reset
                0x00003064       0x1e
 i.mint_buf_mgmt_stack_reset
                0x00003064       0x1e C:\Program Files (x86)\Cypress\PSoC Creator\3.2\PSoC Creator\psoc\content\cycomponentlibrary\CyComponentLibrary.cylib\BLE_v2_10\Library\gccCyBLEStack_BLE_SOC_PERIPHERAL.a(mint_buf_mgmt.o)
                0x00003064                mint_buf_mgmt_stack_reset

i.mint_buf_mgmt_stack_search_item
                0x00003082       0x30
 i.mint_buf_mgmt_stack_search_item
                0x00003082       0x30 C:\Program Files (x86)\Cypress\PSoC Creator\3.2\PSoC Creator\psoc\content\cycomponentlibrary\CyComponentLibrary.cylib\BLE_v2_10\Library\gccCyBLEStack_BLE_SOC_PERIPHERAL.a(mint_buf_mgmt.o)
                0x00003082                mint_buf_mgmt_stack_search_item

i.CyBleControllerIP_GetPingState
                0x000030b4        0xc
 i.CyBleControllerIP_GetPingState
                0x000030b4        0xc C:\Program Files (x86)\Cypress\PSoC Creator\3.2\PSoC Creator\psoc\content\cycomponentlibrary\CyComponentLibrary.cylib\BLE_v2_10\Library\gccCyBLEStack_BLE_SOC_PERIPHERAL.a(CyBleControllerIP_Interface.o)
                0x000030b4                CyBleControllerIP_GetPingState

i.CyBleController_AddDeviceToWhiteList
                0x000030c0       0x40
 i.CyBleController_AddDeviceToWhiteList
                0x000030c0       0x40 C:\Program Files (x86)\Cypress\PSoC Creator\3.2\PSoC Creator\psoc\content\cycomponentlibrary\CyComponentLibrary.cylib\BLE_v2_10\Library\gccCyBLEStack_BLE_SOC_PERIPHERAL.a(CyBleControllerIP_Interface.o)
                0x000030c0                CyBleController_AddDeviceToWhiteList

i.CyBleController_ExitLowPowerMode
                0x00003100       0x10
 i.CyBleController_ExitLowPowerMode
                0x00003100       0x10 C:\Program Files (x86)\Cypress\PSoC Creator\3.2\PSoC Creator\psoc\content\cycomponentlibrary\CyComponentLibrary.cylib\BLE_v2_10\Library\gccCyBLEStack_BLE_SOC_PERIPHERAL.a(CyBleControllerIP_Interface.o)
                0x00003100                CyBleController_ExitLowPowerMode

i.CyBleController_Init
                0x00003110       0x32
 i.CyBleController_Init
                0x00003110       0x32 C:\Program Files (x86)\Cypress\PSoC Creator\3.2\PSoC Creator\psoc\content\cycomponentlibrary\CyComponentLibrary.cylib\BLE_v2_10\Library\gccCyBLEStack_BLE_SOC_PERIPHERAL.a(CyBleControllerIP_Interface.o)
                0x00003110                CyBleController_Init

i.CyBleController_RemoveDeviceFromWhiteList
                0x00003142       0x38
 i.CyBleController_RemoveDeviceFromWhiteList
                0x00003142       0x38 C:\Program Files (x86)\Cypress\PSoC Creator\3.2\PSoC Creator\psoc\content\cycomponentlibrary\CyComponentLibrary.cylib\BLE_v2_10\Library\gccCyBLEStack_BLE_SOC_PERIPHERAL.a(CyBleControllerIP_Interface.o)
                0x00003142                CyBleController_RemoveDeviceFromWhiteList

i.CyBleController_SetDeviceAddress
                0x0000317a       0x2e
 i.CyBleController_SetDeviceAddress
                0x0000317a       0x2e C:\Program Files (x86)\Cypress\PSoC Creator\3.2\PSoC Creator\psoc\content\cycomponentlibrary\CyComponentLibrary.cylib\BLE_v2_10\Library\gccCyBLEStack_BLE_SOC_PERIPHERAL.a(CyBleControllerIP_Interface.o)
                0x0000317a                CyBleController_SetDeviceAddress

i.CyBle_AesEncrypt
                0x000031a8       0x5c
 i.CyBle_AesEncrypt
                0x000031a8       0x5c C:\Program Files (x86)\Cypress\PSoC Creator\3.2\PSoC Creator\psoc\content\cycomponentlibrary\CyComponentLibrary.cylib\BLE_v2_10\Library\gccCyBLEStack_BLE_SOC_PERIPHERAL.a(CyBleControllerIP_Interface.o)
                0x000031a8                CyBle_AesEncrypt

i.CyBle_GetTxPowerLevel
                0x00003204       0x4e
 i.CyBle_GetTxPowerLevel
                0x00003204       0x4e C:\Program Files (x86)\Cypress\PSoC Creator\3.2\PSoC Creator\psoc\content\cycomponentlibrary\CyComponentLibrary.cylib\BLE_v2_10\Library\gccCyBLEStack_BLE_SOC_PERIPHERAL.a(CyBleControllerIP_Interface.o)
                0x00003204                CyBle_GetTxPowerLevel

i.CyBle_SetTxPowerLevel
                0x00003252       0x56
 i.CyBle_SetTxPowerLevel
                0x00003252       0x56 C:\Program Files (x86)\Cypress\PSoC Creator\3.2\PSoC Creator\psoc\content\cycomponentlibrary\CyComponentLibrary.cylib\BLE_v2_10\Library\gccCyBLEStack_BLE_SOC_PERIPHERAL.a(CyBleControllerIP_Interface.o)
                0x00003252                CyBle_SetTxPowerLevel

i.CyBle_isFlashWriteAllowed
                0x000032a8       0x34
 i.CyBle_isFlashWriteAllowed
                0x000032a8       0x34 C:\Program Files (x86)\Cypress\PSoC Creator\3.2\PSoC Creator\psoc\content\cycomponentlibrary\CyComponentLibrary.cylib\BLE_v2_10\Library\gccCyBLEStack_BLE_SOC_PERIPHERAL.a(CyBleControllerIP_Interface.o)
                0x000032a8                CyBle_isFlashWriteAllowed

i.ll_check_and_mark_packet_ready_for_transmission
                0x000032dc       0x28
 i.ll_check_and_mark_packet_ready_for_transmission
                0x000032dc       0x28 C:\Program Files (x86)\Cypress\PSoC Creator\3.2\PSoC Creator\psoc\content\cycomponentlibrary\CyComponentLibrary.cylib\BLE_v2_10\Library\gccCyBLEStack_BLE_SOC_PERIPHERAL.a(ll.o)
                0x000032dc                ll_check_and_mark_packet_ready_for_transmission

i.ll_cleanup_pending_data_pdu
                0x00003304       0x38
 i.ll_cleanup_pending_data_pdu
                0x00003304       0x38 C:\Program Files (x86)\Cypress\PSoC Creator\3.2\PSoC Creator\psoc\content\cycomponentlibrary\CyComponentLibrary.cylib\BLE_v2_10\Library\gccCyBLEStack_BLE_SOC_PERIPHERAL.a(ll.o)
                0x00003304                ll_cleanup_pending_data_pdu

i.ll_exit_low_power_mode
                0x0000333c       0xac
 i.ll_exit_low_power_mode
                0x0000333c       0xac C:\Program Files (x86)\Cypress\PSoC Creator\3.2\PSoC Creator\psoc\content\cycomponentlibrary\CyComponentLibrary.cylib\BLE_v2_10\Library\gccCyBLEStack_BLE_SOC_PERIPHERAL.a(ll.o)
                0x0000333c                ll_exit_low_power_mode

i.ll_get_ack_status
                0x000033e8       0x3c
 i.ll_get_ack_status
                0x000033e8       0x3c C:\Program Files (x86)\Cypress\PSoC Creator\3.2\PSoC Creator\psoc\content\cycomponentlibrary\CyComponentLibrary.cylib\BLE_v2_10\Library\gccCyBLEStack_BLE_SOC_PERIPHERAL.a(ll.o)
                0x000033e8                ll_get_ack_status

i.ll_get_adv_ch_tx_power
                0x00003424       0x20
 i.ll_get_adv_ch_tx_power
                0x00003424       0x20 C:\Program Files (x86)\Cypress\PSoC Creator\3.2\PSoC Creator\psoc\content\cycomponentlibrary\CyComponentLibrary.cylib\BLE_v2_10\Library\gccCyBLEStack_BLE_SOC_PERIPHERAL.a(ll.o)
                0x00003424                ll_get_adv_ch_tx_power

i.ll_get_data_channel_map
                0x00003444       0x24
 i.ll_get_data_channel_map
                0x00003444       0x24 C:\Program Files (x86)\Cypress\PSoC Creator\3.2\PSoC Creator\psoc\content\cycomponentlibrary\CyComponentLibrary.cylib\BLE_v2_10\Library\gccCyBLEStack_BLE_SOC_PERIPHERAL.a(ll.o)
                0x00003444                ll_get_data_channel_map

i.ll_get_max_white_list_size
                0x00003468        0xc
 i.ll_get_max_white_list_size
                0x00003468        0xc C:\Program Files (x86)\Cypress\PSoC Creator\3.2\PSoC Creator\psoc\content\cycomponentlibrary\CyComponentLibrary.cylib\BLE_v2_10\Library\gccCyBLEStack_BLE_SOC_PERIPHERAL.a(ll.o)
                0x00003468                ll_get_max_white_list_size

i.ll_get_my_role
                0x00003474        0xc
 i.ll_get_my_role
                0x00003474        0xc C:\Program Files (x86)\Cypress\PSoC Creator\3.2\PSoC Creator\psoc\content\cycomponentlibrary\CyComponentLibrary.cylib\BLE_v2_10\Library\gccCyBLEStack_BLE_SOC_PERIPHERAL.a(ll.o)
                0x00003474                ll_get_my_role

i.ll_get_next_available_fifo_for_data_pdu
                0x00003480        0x8
 i.ll_get_next_available_fifo_for_data_pdu
                0x00003480        0x8 C:\Program Files (x86)\Cypress\PSoC Creator\3.2\PSoC Creator\psoc\content\cycomponentlibrary\CyComponentLibrary.cylib\BLE_v2_10\Library\gccCyBLEStack_BLE_SOC_PERIPHERAL.a(ll.o)
                0x00003480                ll_get_next_available_fifo_for_data_pdu

i.ll_get_next_available_fifo_for_ll_pdu
                0x00003488       0x24
 i.ll_get_next_available_fifo_for_ll_pdu
                0x00003488       0x24 C:\Program Files (x86)\Cypress\PSoC Creator\3.2\PSoC Creator\psoc\content\cycomponentlibrary\CyComponentLibrary.cylib\BLE_v2_10\Library\gccCyBLEStack_BLE_SOC_PERIPHERAL.a(ll.o)
                0x00003488                ll_get_next_available_fifo_for_ll_pdu

i.ll_get_rssi_value
                0x000034ac       0x26
 i.ll_get_rssi_value
                0x000034ac       0x26 C:\Program Files (x86)\Cypress\PSoC Creator\3.2\PSoC Creator\psoc\content\cycomponentlibrary\CyComponentLibrary.cylib\BLE_v2_10\Library\gccCyBLEStack_BLE_SOC_PERIPHERAL.a(ll.o)
                0x000034ac                ll_get_rssi_value

i.ll_get_transmit_power_level
                0x000034d4       0x2c
 i.ll_get_transmit_power_level
                0x000034d4       0x2c C:\Program Files (x86)\Cypress\PSoC Creator\3.2\PSoC Creator\psoc\content\cycomponentlibrary\CyComponentLibrary.cylib\BLE_v2_10\Library\gccCyBLEStack_BLE_SOC_PERIPHERAL.a(ll.o)
                0x000034d4                ll_get_transmit_power_level

i.ll_handle_ack_received
                0x00003500       0x74
 i.ll_handle_ack_received
                0x00003500       0x74 C:\Program Files (x86)\Cypress\PSoC Creator\3.2\PSoC Creator\psoc\content\cycomponentlibrary\CyComponentLibrary.cylib\BLE_v2_10\Library\gccCyBLEStack_BLE_SOC_PERIPHERAL.a(ll.o)
                0x00003500                ll_handle_ack_received

i.ll_handle_add_device_in_whitelist
                0x00003574       0x3a
 i.ll_handle_add_device_in_whitelist
                0x00003574       0x3a C:\Program Files (x86)\Cypress\PSoC Creator\3.2\PSoC Creator\psoc\content\cycomponentlibrary\CyComponentLibrary.cylib\BLE_v2_10\Library\gccCyBLEStack_BLE_SOC_PERIPHERAL.a(ll.o)
                0x00003574                ll_handle_add_device_in_whitelist

i.ll_handle_clear_whitelist
                0x000035ae       0x16
 i.ll_handle_clear_whitelist
                0x000035ae       0x16 C:\Program Files (x86)\Cypress\PSoC Creator\3.2\PSoC Creator\psoc\content\cycomponentlibrary\CyComponentLibrary.cylib\BLE_v2_10\Library\gccCyBLEStack_BLE_SOC_PERIPHERAL.a(ll.o)
                0x000035ae                ll_handle_clear_whitelist

i.ll_handle_encrypt_host_data
                0x000035c4       0x36
 i.ll_handle_encrypt_host_data
                0x000035c4       0x36 C:\Program Files (x86)\Cypress\PSoC Creator\3.2\PSoC Creator\psoc\content\cycomponentlibrary\CyComponentLibrary.cylib\BLE_v2_10\Library\gccCyBLEStack_BLE_SOC_PERIPHERAL.a(ll.o)
                0x000035c4                ll_handle_encrypt_host_data

i.ll_handle_host_data_packet
                0x000035fa       0x54
 i.ll_handle_host_data_packet
                0x000035fa       0x54 C:\Program Files (x86)\Cypress\PSoC Creator\3.2\PSoC Creator\psoc\content\cycomponentlibrary\CyComponentLibrary.cylib\BLE_v2_10\Library\gccCyBLEStack_BLE_SOC_PERIPHERAL.a(ll.o)
                0x000035fa                ll_handle_host_data_packet

i.ll_handle_read_host_channel_map
                0x0000364e        0x4
 i.ll_handle_read_host_channel_map
                0x0000364e        0x4 C:\Program Files (x86)\Cypress\PSoC Creator\3.2\PSoC Creator\psoc\content\cycomponentlibrary\CyComponentLibrary.cylib\BLE_v2_10\Library\gccCyBLEStack_BLE_SOC_PERIPHERAL.a(ll.o)
                0x0000364e                ll_handle_read_host_channel_map

i.ll_handle_remove_device_in_whitelist
                0x00003652       0x2a
 i.ll_handle_remove_device_in_whitelist
                0x00003652       0x2a C:\Program Files (x86)\Cypress\PSoC Creator\3.2\PSoC Creator\psoc\content\cycomponentlibrary\CyComponentLibrary.cylib\BLE_v2_10\Library\gccCyBLEStack_BLE_SOC_PERIPHERAL.a(ll.o)
                0x00003652                ll_handle_remove_device_in_whitelist

i.ll_handle_reset
                0x0000367c        0xe
 i.ll_handle_reset
                0x0000367c        0xe C:\Program Files (x86)\Cypress\PSoC Creator\3.2\PSoC Creator\psoc\content\cycomponentlibrary\CyComponentLibrary.cylib\BLE_v2_10\Library\gccCyBLEStack_BLE_SOC_PERIPHERAL.a(ll.o)
                0x0000367c                ll_handle_reset

i.ll_handle_set_random_address
                0x0000368a       0x36
 i.ll_handle_set_random_address
                0x0000368a       0x36 C:\Program Files (x86)\Cypress\PSoC Creator\3.2\PSoC Creator\psoc\content\cycomponentlibrary\CyComponentLibrary.cylib\BLE_v2_10\Library\gccCyBLEStack_BLE_SOC_PERIPHERAL.a(ll.o)
                0x0000368a                ll_handle_set_random_address

i.ll_init       0x000036c0       0x18
 i.ll_init      0x000036c0       0x18 C:\Program Files (x86)\Cypress\PSoC Creator\3.2\PSoC Creator\psoc\content\cycomponentlibrary\CyComponentLibrary.cylib\BLE_v2_10\Library\gccCyBLEStack_BLE_SOC_PERIPHERAL.a(ll.o)
                0x000036c0                ll_init

i.ll_initialize_device_attributes
                0x000036d8       0x4c
 i.ll_initialize_device_attributes
                0x000036d8       0x4c C:\Program Files (x86)\Cypress\PSoC Creator\3.2\PSoC Creator\psoc\content\cycomponentlibrary\CyComponentLibrary.cylib\BLE_v2_10\Library\gccCyBLEStack_BLE_SOC_PERIPHERAL.a(ll.o)
                0x000036d8                ll_initialize_device_attributes

i.ll_is_pkt_pending
                0x00003724       0x2a
 i.ll_is_pkt_pending
                0x00003724       0x2a C:\Program Files (x86)\Cypress\PSoC Creator\3.2\PSoC Creator\psoc\content\cycomponentlibrary\CyComponentLibrary.cylib\BLE_v2_10\Library\gccCyBLEStack_BLE_SOC_PERIPHERAL.a(ll.o)
                0x00003724                ll_is_pkt_pending

i.ll_is_sent_pkt_pending
                0x0000374e       0x1a
 i.ll_is_sent_pkt_pending
                0x0000374e       0x1a C:\Program Files (x86)\Cypress\PSoC Creator\3.2\PSoC Creator\psoc\content\cycomponentlibrary\CyComponentLibrary.cylib\BLE_v2_10\Library\gccCyBLEStack_BLE_SOC_PERIPHERAL.a(ll.o)
                0x0000374e                ll_is_sent_pkt_pending

i.ll_isr_exit_low_power_mode
                0x00003768       0x16
 i.ll_isr_exit_low_power_mode
                0x00003768       0x16 C:\Program Files (x86)\Cypress\PSoC Creator\3.2\PSoC Creator\psoc\content\cycomponentlibrary\CyComponentLibrary.cylib\BLE_v2_10\Library\gccCyBLEStack_BLE_SOC_PERIPHERAL.a(ll.o)
                0x00003768                ll_isr_exit_low_power_mode

i.ll_load_host_data_packet
                0x0000377e       0x4a
 i.ll_load_host_data_packet
                0x0000377e       0x4a C:\Program Files (x86)\Cypress\PSoC Creator\3.2\PSoC Creator\psoc\content\cycomponentlibrary\CyComponentLibrary.cylib\BLE_v2_10\Library\gccCyBLEStack_BLE_SOC_PERIPHERAL.a(ll.o)
                0x0000377e                ll_load_host_data_packet

i.ll_load_packet_to_fifo
                0x000037c8       0x6e
 i.ll_load_packet_to_fifo
                0x000037c8       0x6e C:\Program Files (x86)\Cypress\PSoC Creator\3.2\PSoC Creator\psoc\content\cycomponentlibrary\CyComponentLibrary.cylib\BLE_v2_10\Library\gccCyBLEStack_BLE_SOC_PERIPHERAL.a(ll.o)
                0x000037c8                ll_load_packet_to_fifo

i.ll_process_acks
                0x00003836       0x3c
 i.ll_process_acks
                0x00003836       0x3c C:\Program Files (x86)\Cypress\PSoC Creator\3.2\PSoC Creator\psoc\content\cycomponentlibrary\CyComponentLibrary.cylib\BLE_v2_10\Library\gccCyBLEStack_BLE_SOC_PERIPHERAL.a(ll.o)
                0x00003836                ll_process_acks

i.ll_reset      0x00003872       0x12
 i.ll_reset     0x00003872       0x12 C:\Program Files (x86)\Cypress\PSoC Creator\3.2\PSoC Creator\psoc\content\cycomponentlibrary\CyComponentLibrary.cylib\BLE_v2_10\Library\gccCyBLEStack_BLE_SOC_PERIPHERAL.a(ll.o)
                0x00003872                ll_reset

i.ll_update_active_features
                0x00003884       0x58
 i.ll_update_active_features
                0x00003884       0x58 C:\Program Files (x86)\Cypress\PSoC Creator\3.2\PSoC Creator\psoc\content\cycomponentlibrary\CyComponentLibrary.cylib\BLE_v2_10\Library\gccCyBLEStack_BLE_SOC_PERIPHERAL.a(ll.o)
                0x00003884                ll_update_active_features

i.ll_update_device_fsm
                0x000038dc        0x8
 i.ll_update_device_fsm
                0x000038dc        0x8 C:\Program Files (x86)\Cypress\PSoC Creator\3.2\PSoC Creator\psoc\content\cycomponentlibrary\CyComponentLibrary.cylib\BLE_v2_10\Library\gccCyBLEStack_BLE_SOC_PERIPHERAL.a(ll.o)
                0x000038dc                ll_update_device_fsm

i.pf_le_start_timer
                0x000038e4       0x16
 i.pf_le_start_timer
                0x000038e4       0x16 C:\Program Files (x86)\Cypress\PSoC Creator\3.2\PSoC Creator\psoc\content\cycomponentlibrary\CyComponentLibrary.cylib\BLE_v2_10\Library\gccCyBLEStack_BLE_SOC_PERIPHERAL.a(ll.o)
                0x000038e4                pf_le_start_timer

i.pf_le_stop_timer
                0x000038fa       0x12
 i.pf_le_stop_timer
                0x000038fa       0x12 C:\Program Files (x86)\Cypress\PSoC Creator\3.2\PSoC Creator\psoc\content\cycomponentlibrary\CyComponentLibrary.cylib\BLE_v2_10\Library\gccCyBLEStack_BLE_SOC_PERIPHERAL.a(ll.o)
                0x000038fa                pf_le_stop_timer

i.CyBleControllerIP_TuneAdvEventInterPktSlots
                0x0000390c       0x44
 i.CyBleControllerIP_TuneAdvEventInterPktSlots
                0x0000390c       0x44 C:\Program Files (x86)\Cypress\PSoC Creator\3.2\PSoC Creator\psoc\content\cycomponentlibrary\CyComponentLibrary.cylib\BLE_v2_10\Library\gccCyBLEStack_BLE_SOC_PERIPHERAL.a(ll_advertiser.o)
                0x0000390c                CyBleControllerIP_TuneAdvEventInterPktSlots

i.ll_adv_is_configured_connection_adv
                0x00003950       0x1e
 i.ll_adv_is_configured_connection_adv
                0x00003950       0x1e C:\Program Files (x86)\Cypress\PSoC Creator\3.2\PSoC Creator\psoc\content\cycomponentlibrary\CyComponentLibrary.cylib\BLE_v2_10\Library\gccCyBLEStack_BLE_SOC_PERIPHERAL.a(ll_advertiser.o)
                0x00003950                ll_adv_is_configured_connection_adv

i.ll_check_random_address_in_use_by_advertiser
                0x0000396e       0x10
 i.ll_check_random_address_in_use_by_advertiser
                0x0000396e       0x10 C:\Program Files (x86)\Cypress\PSoC Creator\3.2\PSoC Creator\psoc\content\cycomponentlibrary\CyComponentLibrary.cylib\BLE_v2_10\Library\gccCyBLEStack_BLE_SOC_PERIPHERAL.a(ll_advertiser.o)
                0x0000396e                ll_check_random_address_in_use_by_advertiser

i.ll_check_whitelist_in_use_by_advertiser
                0x0000397e       0x10
 i.ll_check_whitelist_in_use_by_advertiser
                0x0000397e       0x10 C:\Program Files (x86)\Cypress\PSoC Creator\3.2\PSoC Creator\psoc\content\cycomponentlibrary\CyComponentLibrary.cylib\BLE_v2_10\Library\gccCyBLEStack_BLE_SOC_PERIPHERAL.a(ll_advertiser.o)
                0x0000397e                ll_check_whitelist_in_use_by_advertiser

i.ll_get_adv_status
                0x0000398e        0xc
 i.ll_get_adv_status
                0x0000398e        0xc C:\Program Files (x86)\Cypress\PSoC Creator\3.2\PSoC Creator\psoc\content\cycomponentlibrary\CyComponentLibrary.cylib\BLE_v2_10\Library\gccCyBLEStack_BLE_SOC_PERIPHERAL.a(ll_advertiser.o)
                0x0000398e                ll_get_adv_status

i.ll_get_adv_type
                0x0000399a       0x16
 i.ll_get_adv_type
                0x0000399a       0x16 C:\Program Files (x86)\Cypress\PSoC Creator\3.2\PSoC Creator\psoc\content\cycomponentlibrary\CyComponentLibrary.cylib\BLE_v2_10\Library\gccCyBLEStack_BLE_SOC_PERIPHERAL.a(ll_advertiser.o)
                0x0000399a                ll_get_adv_type

i.ll_handle_adv_intr
                0x000039b0       0x50
 i.ll_handle_adv_intr
                0x000039b0       0x50 C:\Program Files (x86)\Cypress\PSoC Creator\3.2\PSoC Creator\psoc\content\cycomponentlibrary\CyComponentLibrary.cylib\BLE_v2_10\Library\gccCyBLEStack_BLE_SOC_PERIPHERAL.a(ll_advertiser.o)
                0x000039b0                ll_handle_adv_intr

i.ll_handle_set_adv_data
                0x00003a00       0x14
 i.ll_handle_set_adv_data
                0x00003a00       0x14 C:\Program Files (x86)\Cypress\PSoC Creator\3.2\PSoC Creator\psoc\content\cycomponentlibrary\CyComponentLibrary.cylib\BLE_v2_10\Library\gccCyBLEStack_BLE_SOC_PERIPHERAL.a(ll_advertiser.o)
                0x00003a00                ll_handle_set_adv_data

i.ll_handle_set_adv_parameters
                0x00003a14       0x84
 i.ll_handle_set_adv_parameters
                0x00003a14       0x84 C:\Program Files (x86)\Cypress\PSoC Creator\3.2\PSoC Creator\psoc\content\cycomponentlibrary\CyComponentLibrary.cylib\BLE_v2_10\Library\gccCyBLEStack_BLE_SOC_PERIPHERAL.a(ll_advertiser.o)
                0x00003a14                ll_handle_set_adv_parameters

i.ll_handle_set_advertise_enable
                0x00003a98       0x70
 i.ll_handle_set_advertise_enable
                0x00003a98       0x70 C:\Program Files (x86)\Cypress\PSoC Creator\3.2\PSoC Creator\psoc\content\cycomponentlibrary\CyComponentLibrary.cylib\BLE_v2_10\Library\gccCyBLEStack_BLE_SOC_PERIPHERAL.a(ll_advertiser.o)
                0x00003a98                ll_handle_set_advertise_enable

i.ll_handle_set_scan_resp_data
                0x00003b08       0x14
 i.ll_handle_set_scan_resp_data
                0x00003b08       0x14 C:\Program Files (x86)\Cypress\PSoC Creator\3.2\PSoC Creator\psoc\content\cycomponentlibrary\CyComponentLibrary.cylib\BLE_v2_10\Library\gccCyBLEStack_BLE_SOC_PERIPHERAL.a(ll_advertiser.o)
                0x00003b08                ll_handle_set_scan_resp_data

i.ll_init_advertiser
                0x00003b1c       0x68
 i.ll_init_advertiser
                0x00003b1c       0x68 C:\Program Files (x86)\Cypress\PSoC Creator\3.2\PSoC Creator\psoc\content\cycomponentlibrary\CyComponentLibrary.cylib\BLE_v2_10\Library\gccCyBLEStack_BLE_SOC_PERIPHERAL.a(ll_advertiser.o)
                0x00003b1c                ll_init_advertiser

i.is_le_connection_handle
                0x00003b84       0x28
 i.is_le_connection_handle
                0x00003b84       0x28 C:\Program Files (x86)\Cypress\PSoC Creator\3.2\PSoC Creator\psoc\content\cycomponentlibrary\CyComponentLibrary.cylib\BLE_v2_10\Library\gccCyBLEStack_BLE_SOC_PERIPHERAL.a(ll_connection.o)
                0x00003b84                is_le_connection_handle

i.le_assign_connection_handle
                0x00003bac       0x28
 i.le_assign_connection_handle
                0x00003bac       0x28 C:\Program Files (x86)\Cypress\PSoC Creator\3.2\PSoC Creator\psoc\content\cycomponentlibrary\CyComponentLibrary.cylib\BLE_v2_10\Library\gccCyBLEStack_BLE_SOC_PERIPHERAL.a(ll_connection.o)
                0x00003bac                le_assign_connection_handle

i.le_get_connection_index
                0x00003bd4        0x6
 i.le_get_connection_index
                0x00003bd4        0x6 C:\Program Files (x86)\Cypress\PSoC Creator\3.2\PSoC Creator\psoc\content\cycomponentlibrary\CyComponentLibrary.cylib\BLE_v2_10\Library\gccCyBLEStack_BLE_SOC_PERIPHERAL.a(ll_connection.o)
                0x00003bd4                le_get_connection_index

i.ll_allocate_connection
                0x00003bdc       0x44
 i.ll_allocate_connection
                0x00003bdc       0x44 C:\Program Files (x86)\Cypress\PSoC Creator\3.2\PSoC Creator\psoc\content\cycomponentlibrary\CyComponentLibrary.cylib\BLE_v2_10\Library\gccCyBLEStack_BLE_SOC_PERIPHERAL.a(ll_connection.o)
                0x00003bdc                ll_allocate_connection

i.ll_calculate_and_program_def_win_widen_drift
                0x00003c20       0x14
 i.ll_calculate_and_program_def_win_widen_drift
                0x00003c20       0x14 C:\Program Files (x86)\Cypress\PSoC Creator\3.2\PSoC Creator\psoc\content\cycomponentlibrary\CyComponentLibrary.cylib\BLE_v2_10\Library\gccCyBLEStack_BLE_SOC_PERIPHERAL.a(ll_connection.o)
                0x00003c20                ll_calculate_and_program_def_win_widen_drift

i.ll_calculate_drift
                0x00003c34       0x2c
 i.ll_calculate_drift
                0x00003c34       0x2c C:\Program Files (x86)\Cypress\PSoC Creator\3.2\PSoC Creator\psoc\content\cycomponentlibrary\CyComponentLibrary.cylib\BLE_v2_10\Library\gccCyBLEStack_BLE_SOC_PERIPHERAL.a(ll_connection.o)
                0x00003c34                ll_calculate_drift

i.ll_check_and_decrypt_ll_pdu
                0x00003c60       0x68
 i.ll_check_and_decrypt_ll_pdu
                0x00003c60       0x68 C:\Program Files (x86)\Cypress\PSoC Creator\3.2\PSoC Creator\psoc\content\cycomponentlibrary\CyComponentLibrary.cylib\BLE_v2_10\Library\gccCyBLEStack_BLE_SOC_PERIPHERAL.a(ll_connection.o)
                0x00003c60                ll_check_and_decrypt_ll_pdu

i.ll_check_and_decrypt_packet
                0x00003cc8       0x6a
 i.ll_check_and_decrypt_packet
                0x00003cc8       0x6a C:\Program Files (x86)\Cypress\PSoC Creator\3.2\PSoC Creator\psoc\content\cycomponentlibrary\CyComponentLibrary.cylib\BLE_v2_10\Library\gccCyBLEStack_BLE_SOC_PERIPHERAL.a(ll_connection.o)
                0x00003cc8                ll_check_and_decrypt_packet

i.ll_check_and_encrypt_ll_pdu
                0x00003d32       0x72
 i.ll_check_and_encrypt_ll_pdu
                0x00003d32       0x72 C:\Program Files (x86)\Cypress\PSoC Creator\3.2\PSoC Creator\psoc\content\cycomponentlibrary\CyComponentLibrary.cylib\BLE_v2_10\Library\gccCyBLEStack_BLE_SOC_PERIPHERAL.a(ll_connection.o)
                0x00003d32                ll_check_and_encrypt_ll_pdu

i.ll_check_and_encrypt_packet
                0x00003da4       0x8a
 i.ll_check_and_encrypt_packet
                0x00003da4       0x8a C:\Program Files (x86)\Cypress\PSoC Creator\3.2\PSoC Creator\psoc\content\cycomponentlibrary\CyComponentLibrary.cylib\BLE_v2_10\Library\gccCyBLEStack_BLE_SOC_PERIPHERAL.a(ll_connection.o)
                0x00003da4                ll_check_and_encrypt_packet

i.ll_check_for_allowing_incoming_connection_update
                0x00003e2e       0x42
 i.ll_check_for_allowing_incoming_connection_update
                0x00003e2e       0x42 C:\Program Files (x86)\Cypress\PSoC Creator\3.2\PSoC Creator\psoc\content\cycomponentlibrary\CyComponentLibrary.cylib\BLE_v2_10\Library\gccCyBLEStack_BLE_SOC_PERIPHERAL.a(ll_connection.o)
                0x00003e2e                ll_check_for_allowing_incoming_connection_update

i.ll_check_if_pdu_is_loaded_to_hardware
                0x00003e70       0x1c
 i.ll_check_if_pdu_is_loaded_to_hardware
                0x00003e70       0x1c C:\Program Files (x86)\Cypress\PSoC Creator\3.2\PSoC Creator\psoc\content\cycomponentlibrary\CyComponentLibrary.cylib\BLE_v2_10\Library\gccCyBLEStack_BLE_SOC_PERIPHERAL.a(ll_connection.o)
                0x00003e70                ll_check_if_pdu_is_loaded_to_hardware

i.ll_check_random_address_in_use_by_initiator
                0x00003e8c       0x30
 i.ll_check_random_address_in_use_by_initiator
                0x00003e8c       0x30 C:\Program Files (x86)\Cypress\PSoC Creator\3.2\PSoC Creator\psoc\content\cycomponentlibrary\CyComponentLibrary.cylib\BLE_v2_10\Library\gccCyBLEStack_BLE_SOC_PERIPHERAL.a(ll_connection.o)
                0x00003e8c                ll_check_random_address_in_use_by_initiator

i.ll_check_white_list_in_use_by_initiator
                0x00003ebc       0x30
 i.ll_check_white_list_in_use_by_initiator
                0x00003ebc       0x30 C:\Program Files (x86)\Cypress\PSoC Creator\3.2\PSoC Creator\psoc\content\cycomponentlibrary\CyComponentLibrary.cylib\BLE_v2_10\Library\gccCyBLEStack_BLE_SOC_PERIPHERAL.a(ll_connection.o)
                0x00003ebc                ll_check_white_list_in_use_by_initiator

i.ll_conn_free_enc_txn_buffer
                0x00003eec       0x16
 i.ll_conn_free_enc_txn_buffer
                0x00003eec       0x16 C:\Program Files (x86)\Cypress\PSoC Creator\3.2\PSoC Creator\psoc\content\cycomponentlibrary\CyComponentLibrary.cylib\BLE_v2_10\Library\gccCyBLEStack_BLE_SOC_PERIPHERAL.a(ll_connection.o)
                0x00003eec                ll_conn_free_enc_txn_buffer

i.ll_conn_fsm_update_channel_state
                0x00003f02        0x6
 i.ll_conn_fsm_update_channel_state
                0x00003f02        0x6 C:\Program Files (x86)\Cypress\PSoC Creator\3.2\PSoC Creator\psoc\content\cycomponentlibrary\CyComponentLibrary.cylib\BLE_v2_10\Library\gccCyBLEStack_BLE_SOC_PERIPHERAL.a(ll_connection.o)
                0x00003f02                ll_conn_fsm_update_channel_state

i.ll_conn_fsm_update_conn_update_state
                0x00003f08        0x6
 i.ll_conn_fsm_update_conn_update_state
                0x00003f08        0x6 C:\Program Files (x86)\Cypress\PSoC Creator\3.2\PSoC Creator\psoc\content\cycomponentlibrary\CyComponentLibrary.cylib\BLE_v2_10\Library\gccCyBLEStack_BLE_SOC_PERIPHERAL.a(ll_connection.o)
                0x00003f08                ll_conn_fsm_update_conn_update_state

i.ll_conn_fsm_update_enc_state
                0x00003f0e        0x6
 i.ll_conn_fsm_update_enc_state
                0x00003f0e        0x6 C:\Program Files (x86)\Cypress\PSoC Creator\3.2\PSoC Creator\psoc\content\cycomponentlibrary\CyComponentLibrary.cylib\BLE_v2_10\Library\gccCyBLEStack_BLE_SOC_PERIPHERAL.a(ll_connection.o)
                0x00003f0e                ll_conn_fsm_update_enc_state

i.ll_conn_fsm_update_state
                0x00003f14        0x4
 i.ll_conn_fsm_update_state
                0x00003f14        0x4 C:\Program Files (x86)\Cypress\PSoC Creator\3.2\PSoC Creator\psoc\content\cycomponentlibrary\CyComponentLibrary.cylib\BLE_v2_10\Library\gccCyBLEStack_BLE_SOC_PERIPHERAL.a(ll_connection.o)
                0x00003f14                ll_conn_fsm_update_state

i.ll_conn_handle_data_pdu_from_host_when_data_paused
                0x00003f18        0x8
 i.ll_conn_handle_data_pdu_from_host_when_data_paused
                0x00003f18        0x8 C:\Program Files (x86)\Cypress\PSoC Creator\3.2\PSoC Creator\psoc\content\cycomponentlibrary\CyComponentLibrary.cylib\BLE_v2_10\Library\gccCyBLEStack_BLE_SOC_PERIPHERAL.a(ll_connection.o)
                0x00003f18                ll_conn_handle_data_pdu_from_host_when_data_paused

i.ll_conn_handle_direct_adv_timeout
                0x00003f20       0x2a
 i.ll_conn_handle_direct_adv_timeout
                0x00003f20       0x2a C:\Program Files (x86)\Cypress\PSoC Creator\3.2\PSoC Creator\psoc\content\cycomponentlibrary\CyComponentLibrary.cylib\BLE_v2_10\Library\gccCyBLEStack_BLE_SOC_PERIPHERAL.a(ll_connection.o)
                0x00003f20                ll_conn_handle_direct_adv_timeout

i.ll_conn_handle_ping_timer_expired_interrupt
                0x00003f4c       0x1c
 i.ll_conn_handle_ping_timer_expired_interrupt
                0x00003f4c       0x1c C:\Program Files (x86)\Cypress\PSoC Creator\3.2\PSoC Creator\psoc\content\cycomponentlibrary\CyComponentLibrary.cylib\BLE_v2_10\Library\gccCyBLEStack_BLE_SOC_PERIPHERAL.a(ll_connection.o)
                0x00003f4c                ll_conn_handle_ping_timer_expired_interrupt

i.ll_conn_handle_ping_timer_nearly_expired_interrupt
                0x00003f68       0x20
 i.ll_conn_handle_ping_timer_nearly_expired_interrupt
                0x00003f68       0x20 C:\Program Files (x86)\Cypress\PSoC Creator\3.2\PSoC Creator\psoc\content\cycomponentlibrary\CyComponentLibrary.cylib\BLE_v2_10\Library\gccCyBLEStack_BLE_SOC_PERIPHERAL.a(ll_connection.o)
                0x00003f68                ll_conn_handle_ping_timer_nearly_expired_interrupt

i.ll_conn_handle_stop_connectable_adv
                0x00003f88       0x12
 i.ll_conn_handle_stop_connectable_adv
                0x00003f88       0x12 C:\Program Files (x86)\Cypress\PSoC Creator\3.2\PSoC Creator\psoc\content\cycomponentlibrary\CyComponentLibrary.cylib\BLE_v2_10\Library\gccCyBLEStack_BLE_SOC_PERIPHERAL.a(ll_connection.o)
                0x00003f88                ll_conn_handle_stop_connectable_adv

i.ll_conn_process_pending_transactions
                0x00003f9a        0x4
 i.ll_conn_process_pending_transactions
                0x00003f9a        0x4 C:\Program Files (x86)\Cypress\PSoC Creator\3.2\PSoC Creator\psoc\content\cycomponentlibrary\CyComponentLibrary.cylib\BLE_v2_10\Library\gccCyBLEStack_BLE_SOC_PERIPHERAL.a(ll_connection.o)
                0x00003f9a                ll_conn_process_pending_transactions

i.ll_conn_program_authenticated_payload_timer
                0x00003fa0       0x50
 i.ll_conn_program_authenticated_payload_timer
                0x00003fa0       0x50 C:\Program Files (x86)\Cypress\PSoC Creator\3.2\PSoC Creator\psoc\content\cycomponentlibrary\CyComponentLibrary.cylib\BLE_v2_10\Library\gccCyBLEStack_BLE_SOC_PERIPHERAL.a(ll_connection.o)
                0x00003fa0                ll_conn_program_authenticated_payload_timer

i.ll_conn_read_data_pdu_from_hardware
                0x00003ff0       0x14
 i.ll_conn_read_data_pdu_from_hardware